native t=0.0 chunks=444 bonds=896 clusters=1 shots=1 broken=0 corrections=0 step=4.17ms
CTORDER patches 19 0 445 273 8 0 1 0 74
CTORDER patches 19 1 445 272 136 1 1 0 74
CTORDER patches 19 2 445 245 264 2 1 0 74
CTORDER patches 19 3 445 244 392 3 1 0 74
CTORDER activated 19 0 445 273 8 0 1 0 74
CTORDER activated 19 1 445 272 136 1 1 0 74
CTORDER activated 19 2 445 245 264 2 1 0 74
CTORDER activated 19 3 445 244 392 3 1 0 74
CTORDER patches 20 0 273 445 8 7 1 0 42
CTORDER patches 20 1 272 445 136 6 1 0 42
CTORDER patches 20 2 245 445 264 5 1 0 42
CTORDER patches 20 3 244 445 392 4 1 0 42
CTORDER patches 20 4 275 312 9 8 1 0 74
CTORDER patches 20 5 275 311 137 9 1 0 74
CTORDER patches 20 6 275 304 265 10 1 0 74
CTORDER patches 20 7 275 303 393 11 1 0 74
CTORDER patches 20 8 275 278 521 12 1 0 74
CTORDER patches 20 9 275 276 649 13 1 0 74
CTORDER patches 20 10 274 311 777 14 1 0 74
CTORDER patches 20 11 274 310 905 15 1 0 74
CTORDER patches 20 12 274 303 1033 16 1 0 74
CTORDER patches 20 13 274 302 1161 17 1 0 74
CTORDER patches 20 14 274 301 1289 18 1 0 74
CTORDER patches 20 15 275 274 1417 19 1 0 10
CTORDER patches 20 16 273 310 1545 20 1 0 74
CTORDER patches 20 17 273 309 1673 21 1 0 74
CTORDER patches 20 18 273 308 1801 22 1 0 74
CTORDER patches 20 19 273 302 1929 23 1 0 74
CTORDER patches 20 20 273 301 2057 24 1 0 74
CTORDER patches 20 21 274 273 2185 25 1 0 10
CTORDER patches 20 22 272 309 2313 26 1 0 74
CTORDER patches 20 23 272 308 2441 27 1 0 74
CTORDER patches 20 24 272 307 2569 28 1 0 74
CTORDER patches 20 25 272 300 2697 29 1 0 74
CTORDER patches 20 26 272 299 2825 30 1 0 74
CTORDER patches 20 27 271 307 2953 31 1 0 74
CTORDER patches 20 28 271 306 3081 32 1 0 74
CTORDER patches 20 29 271 300 3209 33 1 0 74
CTORDER patches 20 30 271 299 3337 34 1 0 74
CTORDER patches 20 31 271 298 3465 35 1 0 74
CTORDER patches 20 32 272 271 3593 36 1 0 10
CTORDER patches 20 33 270 307 3721 37 1 0 74
CTORDER patches 20 34 270 306 3849 38 1 0 74
CTORDER patches 20 35 270 305 3977 39 1 0 74
CTORDER patches 20 36 270 298 4105 40 1 0 74
CTORDER patches 20 37 270 297 4233 41 1 0 74
CTORDER patches 20 38 270 277 4361 42 1 0 74
CTORDER patches 20 39 270 269 4489 43 1 0 74
CTORDER patches 20 40 275 250 4617 44 1 0 74
CTORDER patches 20 41 270 249 4745 45 1 0 74
CTORDER patches 20 42 275 248 4873 46 1 0 74
CTORDER patches 20 43 247 278 5001 47 1 0 74
CTORDER patches 20 44 247 276 5129 48 1 0 74
CTORDER patches 20 45 275 247 5257 49 1 0 10
CTORDER patches 20 46 274 247 5385 50 1 0 10
CTORDER patches 20 47 247 250 5513 51 1 0 74
CTORDER patches 20 48 247 248 5641 52 1 0 74
CTORDER patches 20 49 275 246 5769 53 1 0 10
CTORDER patches 20 50 274 246 5897 54 1 0 10
CTORDER patches 20 51 273 246 6025 55 1 0 10
CTORDER patches 20 52 247 246 6153 56 1 0 10
CTORDER patches 20 53 274 245 6281 57 1 0 10
CTORDER patches 20 54 273 245 6409 58 1 0 10
CTORDER patches 20 55 246 245 6537 59 1 0 10
CTORDER patches 20 56 272 244 6665 60 1 0 10
CTORDER patches 20 57 271 244 6793 61 1 0 10
CTORDER patches 20 58 272 243 6921 62 1 0 10
CTORDER patches 20 59 271 243 7049 63 1 0 10
CTORDER patches 20 60 270 243 7177 64 1 0 10
CTORDER patches 20 61 244 243 7305 65 1 0 10
CTORDER patches 20 62 242 277 7433 66 1 0 74
CTORDER patches 20 63 271 242 7561 67 1 0 10
CTORDER patches 20 64 270 242 7689 68 1 0 10
CTORDER patches 20 65 242 269 7817 69 1 0 74
CTORDER patches 20 66 242 249 7945 70 1 0 74
CTORDER patches 20 67 270 241 8073 71 1 0 74
CTORDER patches 20 68 242 241 8201 72 1 0 74
CTORDER patches 20 69 242 221 8329 73 1 0 74
CTORDER patches 20 70 247 220 8457 74 1 0 74
CTORDER patches 20 71 219 250 8585 75 1 0 74
CTORDER patches 20 72 219 248 8713 76 1 0 74
CTORDER patches 20 73 247 219 8841 77 1 0 10
CTORDER patches 20 74 246 219 8969 78 1 0 10
CTORDER patches 20 75 219 222 9097 79 1 0 74
CTORDER patches 20 76 219 220 9225 80 1 0 74
CTORDER patches 20 77 247 218 9353 81 1 0 10
CTORDER patches 20 78 246 218 9481 82 1 0 10
CTORDER patches 20 79 245 218 9609 83 1 0 10
CTORDER patches 20 80 219 218 9737 84 1 0 10
CTORDER patches 20 81 246 217 9865 85 1 0 10
CTORDER patches 20 82 245 217 9993 86 1 0 10
CTORDER patches 20 83 218 217 10121 87 1 0 10
CTORDER patches 20 84 244 216 10249 88 1 0 10
CTORDER patches 20 85 243 216 10377 89 1 0 10
CTORDER patches 20 86 244 215 10505 90 1 0 10
CTORDER patches 20 87 243 215 10633 91 1 0 10
CTORDER patches 20 88 242 215 10761 92 1 0 10
CTORDER patches 20 89 216 215 10889 93 1 0 10
CTORDER patches 20 90 214 249 11017 94 1 0 74
CTORDER patches 20 91 243 214 11145 95 1 0 10
CTORDER patches 20 92 242 214 11273 96 1 0 10
CTORDER patches 20 93 214 241 11401 97 1 0 74
CTORDER patches 20 94 214 221 11529 98 1 0 74
CTORDER patches 20 95 242 213 11657 99 1 0 74
CTORDER patches 20 96 214 213 11785 100 1 0 74
CTORDER patches 20 97 219 164 11913 101 1 0 74
CTORDER patches 20 98 219 163 12041 102 1 0 74
CTORDER patches 20 99 218 163 12169 103 1 0 74
CTORDER patches 20 100 219 162 12297 104 1 0 74
CTORDER patches 20 101 218 162 12425 105 1 0 74
CTORDER patches 20 102 217 162 12553 106 1 0 74
CTORDER patches 20 103 218 161 12681 107 1 0 74
CTORDER patches 20 104 217 161 12809 108 1 0 74
CTORDER patches 20 105 216 160 12937 109 1 0 74
CTORDER patches 20 106 215 160 13065 110 1 0 74
CTORDER patches 20 107 216 159 13193 111 1 0 74
CTORDER patches 20 108 215 159 13321 112 1 0 74
CTORDER patches 20 109 214 159 13449 113 1 0 74
CTORDER patches 20 110 215 158 13577 114 1 0 74
CTORDER patches 20 111 214 158 13705 115 1 0 74
CTORDER patches 20 112 219 156 13833 116 1 0 74
CTORDER patches 20 113 219 155 13961 117 1 0 74
CTORDER patches 20 114 218 155 14089 118 1 0 74
CTORDER patches 20 115 219 154 14217 119 1 0 74
CTORDER patches 20 116 218 154 14345 120 1 0 74
CTORDER patches 20 117 217 154 14473 121 1 0 74
CTORDER patches 20 118 217 153 14601 122 1 0 74
CTORDER patches 20 119 216 153 14729 123 1 0 74
CTORDER patches 20 120 216 152 14857 124 1 0 74
CTORDER patches 20 121 215 152 14985 125 1 0 74
CTORDER patches 20 122 216 151 15113 126 1 0 74
CTORDER patches 20 123 215 151 15241 127 1 0 74
CTORDER patches 20 124 214 151 15369 128 1 0 74
CTORDER patches 20 125 215 150 15497 129 1 0 74
CTORDER patches 20 126 214 150 15625 130 1 0 74
CTORDER patches 20 127 214 149 15753 131 1 0 74
CTORDER reference first-correction event order applied
CTORDER activated 20 0 275 312 9 8 1 0 74
CTORDER activated 20 1 275 311 137 9 1 0 74
CTORDER activated 20 2 275 304 265 10 1 0 74
CTORDER activated 20 3 275 303 393 11 1 0 74
CTORDER activated 20 4 275 278 521 12 1 0 74
CTORDER activated 20 5 275 276 649 13 1 0 74
CTORDER activated 20 6 274 311 777 14 1 0 74
CTORDER activated 20 7 274 310 905 15 1 0 74
CTORDER activated 20 8 274 303 1033 16 1 0 74
CTORDER activated 20 9 274 302 1161 17 1 0 74
CTORDER activated 20 10 274 301 1289 18 1 0 74
CTORDER activated 20 11 275 274 1417 19 1 0 10
CTORDER activated 20 12 273 310 1545 20 1 0 74
CTORDER activated 20 13 273 309 1673 21 1 0 74
CTORDER activated 20 14 273 308 1801 22 1 0 74
CTORDER activated 20 15 273 302 1929 23 1 0 74
CTORDER activated 20 16 273 301 2057 24 1 0 74
CTORDER activated 20 17 274 273 2185 25 1 0 10
CTORDER activated 20 18 272 309 2313 26 1 0 74
CTORDER activated 20 19 272 308 2441 27 1 0 74
CTORDER activated 20 20 272 307 2569 28 1 0 74
CTORDER activated 20 21 272 300 2697 29 1 0 74
CTORDER activated 20 22 272 299 2825 30 1 0 74
CTORDER activated 20 23 271 307 2953 31 1 0 74
CTORDER activated 20 24 271 306 3081 32 1 0 74
CTORDER activated 20 25 271 300 3209 33 1 0 74
CTORDER activated 20 26 271 299 3337 34 1 0 74
CTORDER activated 20 27 271 298 3465 35 1 0 74
CTORDER activated 20 28 272 271 3593 36 1 0 10
CTORDER activated 20 29 270 307 3721 37 1 0 74
CTORDER activated 20 30 270 306 3849 38 1 0 74
CTORDER activated 20 31 270 305 3977 39 1 0 74
CTORDER activated 20 32 270 298 4105 40 1 0 74
CTORDER activated 20 33 270 297 4233 41 1 0 74
CTORDER activated 20 34 270 277 4361 42 1 0 74
CTORDER activated 20 35 270 269 4489 43 1 0 74
CTORDER activated 20 36 275 250 4617 44 1 0 74
CTORDER activated 20 37 270 249 4745 45 1 0 74
CTORDER activated 20 38 275 248 4873 46 1 0 74
CTORDER activated 20 39 247 278 5001 47 1 0 74
CTORDER activated 20 40 247 276 5129 48 1 0 74
CTORDER activated 20 41 275 247 5257 49 1 0 10
CTORDER activated 20 42 274 247 5385 50 1 0 10
CTORDER activated 20 43 247 250 5513 51 1 0 74
CTORDER activated 20 44 247 248 5641 52 1 0 74
CTORDER activated 20 45 275 246 5769 53 1 0 10
CTORDER activated 20 46 274 246 5897 54 1 0 10
CTORDER activated 20 47 273 246 6025 55 1 0 10
CTORDER activated 20 48 247 246 6153 56 1 0 10
CTORDER activated 20 49 274 245 6281 57 1 0 10
CTORDER activated 20 50 273 245 6409 58 1 0 10
CTORDER activated 20 51 246 245 6537 59 1 0 10
CTORDER activated 20 52 272 244 6665 60 1 0 10
CTORDER activated 20 53 271 244 6793 61 1 0 10
CTORDER activated 20 54 272 243 6921 62 1 0 10
CTORDER activated 20 55 271 243 7049 63 1 0 10
CTORDER activated 20 56 270 243 7177 64 1 0 10
CTORDER activated 20 57 244 243 7305 65 1 0 10
CTORDER activated 20 58 242 277 7433 66 1 0 74
CTORDER activated 20 59 271 242 7561 67 1 0 10
CTORDER activated 20 60 270 242 7689 68 1 0 10
CTORDER activated 20 61 242 269 7817 69 1 0 74
CTORDER activated 20 62 242 249 7945 70 1 0 74
CTORDER activated 20 63 270 241 8073 71 1 0 74
CTORDER activated 20 64 242 241 8201 72 1 0 74
CTORDER activated 20 65 242 221 8329 73 1 0 74
CTORDER activated 20 66 247 220 8457 74 1 0 74
CTORDER activated 20 67 219 250 8585 75 1 0 74
CTORDER activated 20 68 219 248 8713 76 1 0 74
CTORDER activated 20 69 247 219 8841 77 1 0 10
CTORDER activated 20 70 246 219 8969 78 1 0 10
CTORDER activated 20 71 219 222 9097 79 1 0 74
CTORDER activated 20 72 219 220 9225 80 1 0 74
CTORDER activated 20 73 247 218 9353 81 1 0 10
CTORDER activated 20 74 246 218 9481 82 1 0 10
CTORDER activated 20 75 245 218 9609 83 1 0 10
CTORDER activated 20 76 219 218 9737 84 1 0 10
CTORDER activated 20 77 246 217 9865 85 1 0 10
CTORDER activated 20 78 245 217 9993 86 1 0 10
CTORDER activated 20 79 218 217 10121 87 1 0 10
CTORDER activated 20 80 244 216 10249 88 1 0 10
CTORDER activated 20 81 243 216 10377 89 1 0 10
CTORDER activated 20 82 244 215 10505 90 1 0 10
CTORDER activated 20 83 243 215 10633 91 1 0 10
CTORDER activated 20 84 242 215 10761 92 1 0 10
CTORDER activated 20 85 216 215 10889 93 1 0 10
CTORDER activated 20 86 214 249 11017 94 1 0 74
CTORDER activated 20 87 243 214 11145 95 1 0 10
CTORDER activated 20 88 242 214 11273 96 1 0 10
CTORDER activated 20 89 214 241 11401 97 1 0 74
CTORDER activated 20 90 214 221 11529 98 1 0 74
CTORDER activated 20 91 242 213 11657 99 1 0 74
CTORDER activated 20 92 214 213 11785 100 1 0 74
CTORDER activated 20 93 219 164 11913 101 1 0 74
CTORDER activated 20 94 219 163 12041 102 1 0 74
CTORDER activated 20 95 218 163 12169 103 1 0 74
CTORDER activated 20 96 219 162 12297 104 1 0 74
CTORDER activated 20 97 218 162 12425 105 1 0 74
CTORDER activated 20 98 217 162 12553 106 1 0 74
CTORDER activated 20 99 218 161 12681 107 1 0 74
CTORDER activated 20 100 217 161 12809 108 1 0 74
CTORDER activated 20 101 216 160 12937 109 1 0 74
CTORDER activated 20 102 215 160 13065 110 1 0 74
CTORDER activated 20 103 216 159 13193 111 1 0 74
CTORDER activated 20 104 215 159 13321 112 1 0 74
CTORDER activated 20 105 214 159 13449 113 1 0 74
CTORDER activated 20 106 215 158 13577 114 1 0 74
CTORDER activated 20 107 214 158 13705 115 1 0 74
CTORDER activated 20 108 219 156 13833 116 1 0 74
CTORDER activated 20 109 219 155 13961 117 1 0 74
CTORDER activated 20 110 218 155 14089 118 1 0 74
CTORDER activated 20 111 219 154 14217 119 1 0 74
CTORDER activated 20 112 218 154 14345 120 1 0 74
CTORDER activated 20 113 217 154 14473 121 1 0 74
CTORDER activated 20 114 217 153 14601 122 1 0 74
CTORDER activated 20 115 216 153 14729 123 1 0 74
CTORDER activated 20 116 216 152 14857 124 1 0 74
CTORDER activated 20 117 215 152 14985 125 1 0 74
CTORDER activated 20 118 216 151 15113 126 1 0 74
CTORDER activated 20 119 215 151 15241 127 1 0 74
CTORDER activated 20 120 214 151 15369 128 1 0 74
CTORDER activated 20 121 215 150 15497 129 1 0 74
CTORDER activated 20 122 214 150 15625 130 1 0 74
CTORDER activated 20 123 214 149 15753 131 1 0 74
CTORDER activated 20 124 244 445 392 4 1 0 42
CTORDER activated 20 125 245 445 264 5 1 0 42
CTORDER activated 20 126 272 445 136 6 1 0 42
CTORDER activated 20 127 273 445 8 7 1 0 42
CTORDER solver 20 0 0 11 1417 19 0
CTORDER solver 20 0 1 28 3593 36 0
CTORDER solver 20 0 2 47 6025 55 0
CTORDER solver 20 0 3 57 7305 65 0
CTORDER solver 20 0 4 69 8841 77 0
CTORDER solver 20 0 5 75 9609 83 0
CTORDER solver 20 0 6 85 10889 93 0
CTORDER solver 20 1 0 17 2185 25 0
CTORDER solver 20 1 1 41 5257 49 0
CTORDER solver 20 1 2 51 6537 59 0
CTORDER solver 20 1 3 52 6665 60 0
CTORDER solver 20 1 4 55 7049 63 0
CTORDER solver 20 1 5 76 9737 84 0
CTORDER solver 20 2 0 42 5385 50 0
CTORDER solver 20 2 1 45 5769 53 0
CTORDER solver 20 2 2 50 6409 58 0
CTORDER solver 20 2 3 53 6793 61 0
CTORDER solver 20 2 4 54 6921 62 0
CTORDER solver 20 2 5 79 10121 87 0
CTORDER solver 20 3 0 46 5897 54 0
CTORDER solver 20 3 1 56 7177 64 0
CTORDER solver 20 3 2 73 9353 81 0
CTORDER solver 20 3 3 78 9993 86 0
CTORDER solver 20 3 4 80 10249 88 0
CTORDER solver 20 3 5 126 136 6 0
CTORDER solver 20 4 0 48 6153 56 0
CTORDER solver 20 4 1 49 6281 57 0
CTORDER solver 20 4 2 59 7561 67 0
CTORDER solver 20 4 3 82 10505 90 0
CTORDER solver 20 4 4 127 8 7 0
CTORDER solver 20 5 0 60 7689 68 0
CTORDER solver 20 5 1 70 8969 78 0
CTORDER solver 20 5 2 124 392 4 0
CTORDER solver 20 6 0 74 9481 82 0
CTORDER solver 20 6 1 81 10377 89 0
CTORDER solver 20 6 2 125 264 5 0
CTORDER solver 20 7 0 77 9865 85 0
CTORDER solver 20 7 1 83 10633 91 0
CTORDER solver 20 8 0 84 10761 92 0
CTORDER solver 20 9 0 87 11145 95 0
CTORDER solver 20 10 0 88 11273 96 0
CTORDER patches 21 0 275 312 9 8 0 1 73
CTORDER patches 21 1 275 311 137 9 0 1 73
CTORDER patches 21 2 275 304 265 10 0 1 73
CTORDER patches 21 3 275 303 393 11 0 1 73
CTORDER patches 21 4 275 278 521 12 0 1 73
CTORDER patches 21 5 274 311 777 14 0 1 73
CTORDER patches 21 6 274 310 905 15 0 1 73
CTORDER patches 21 7 274 303 1033 16 0 1 73
CTORDER patches 21 8 274 302 1161 17 0 1 73
CTORDER patches 21 9 274 301 1289 18 0 1 73
CTORDER patches 21 10 273 308 1801 22 0 1 73
CTORDER patches 21 11 272 309 2313 26 0 1 73
CTORDER patches 21 12 271 307 2953 31 0 1 73
CTORDER patches 21 13 271 306 3081 32 0 1 73
CTORDER patches 21 14 271 300 3209 33 0 1 73
CTORDER patches 21 15 271 299 3337 34 0 1 73
CTORDER patches 21 16 271 298 3465 35 0 1 73
CTORDER patches 21 17 270 307 3721 37 0 1 73
CTORDER patches 21 18 270 306 3849 38 0 1 73
CTORDER patches 21 19 270 305 3977 39 0 1 73
CTORDER patches 21 20 270 298 4105 40 0 1 73
CTORDER patches 21 21 270 297 4233 41 0 1 73
CTORDER patches 21 22 275 250 4617 44 0 1 73
CTORDER patches 21 23 247 278 5001 47 0 1 73
CTORDER patches 21 24 247 250 5513 51 0 1 73
CTORDER patches 21 25 242 277 7433 66 0 1 73
CTORDER patches 21 26 242 269 7817 69 0 1 73
CTORDER patches 21 27 219 250 8585 75 0 1 73
CTORDER patches 21 28 219 248 8713 76 0 1 73
CTORDER patches 21 29 247 218 9353 81 0 1 9
CTORDER patches 21 30 246 217 9865 85 0 1 9
CTORDER patches 21 31 243 216 10377 89 0 1 9
CTORDER patches 21 32 214 249 11017 94 0 1 73
CTORDER patches 21 33 214 241 11401 97 0 1 73
CTORDER patches 21 34 214 221 11529 98 0 1 73
CTORDER patches 21 35 218 163 12169 103 0 1 73
CTORDER patches 21 36 218 161 12681 107 0 1 73
CTORDER patches 21 37 216 160 12937 109 0 1 73
CTORDER patches 21 38 215 160 13065 110 0 1 73
CTORDER patches 21 39 216 159 13193 111 0 1 73
CTORDER patches 21 40 215 159 13321 112 0 1 73
CTORDER patches 21 41 214 159 13449 113 0 1 73
CTORDER patches 21 42 215 158 13577 114 0 1 73
CTORDER patches 21 43 214 158 13705 115 0 1 73
CTORDER patches 21 44 216 153 14729 123 0 1 73
CTORDER patches 21 45 215 150 15497 129 0 1 73
CTORDER patches 21 46 214 149 15753 131 0 1 73
CTORDER patches 21 47 273 300 15881 0 1 0 74
CTORDER patches 21 48 273 272 16137 2 1 0 10
CTORDER patches 21 49 272 245 16265 3 1 0 10
CTORDER patches 21 50 273 244 16393 132 1 0 10
CTORDER patches 21 51 245 244 16521 133 1 0 10
CTORDER patches 21 52 244 217 16649 134 1 0 10
CTORDER patches 21 53 245 216 16777 135 1 0 10
CTORDER patches 21 54 217 216 16905 136 1 0 10
CTORDER patches 21 55 217 152 17545 141 1 0 74
CTORDER activated 21 0 217 152 17545 141 1 0 74
CTORDER activated 21 1 217 216 16905 136 1 0 10
CTORDER activated 21 2 245 216 16777 135 1 0 10
CTORDER activated 21 3 244 217 16649 134 1 0 10
CTORDER activated 21 4 245 244 16521 133 1 0 10
CTORDER activated 21 5 273 244 16393 132 1 0 10
CTORDER activated 21 6 272 245 16265 3 1 0 10
CTORDER activated 21 7 273 272 16137 2 1 0 10
CTORDER activated 21 8 273 300 15881 0 1 0 74
CTORDER solver 21 0 0 11 1417 19 0
CTORDER solver 21 0 1 28 3593 36 0
CTORDER solver 21 0 2 47 6025 55 0
CTORDER solver 21 0 3 57 7305 65 0
CTORDER solver 21 0 4 69 8841 77 0
CTORDER solver 21 0 5 75 9609 83 0
CTORDER solver 21 0 6 85 10889 93 0
CTORDER solver 21 1 0 17 2185 25 0
CTORDER solver 21 1 1 41 5257 49 0
CTORDER solver 21 1 2 51 6537 59 0
CTORDER solver 21 1 3 52 6665 60 0
CTORDER solver 21 1 4 55 7049 63 0
CTORDER solver 21 1 5 76 9737 84 0
CTORDER solver 21 1 6 121 16905 136 0
CTORDER solver 21 2 0 42 5385 50 0
CTORDER solver 21 2 1 45 5769 53 0
CTORDER solver 21 2 2 50 6409 58 0
CTORDER solver 21 2 3 53 6793 61 0
CTORDER solver 21 2 4 54 6921 62 0
CTORDER solver 21 2 5 79 10121 87 0
CTORDER solver 21 3 0 46 5897 54 0
CTORDER solver 21 3 1 56 7177 64 0
CTORDER solver 21 3 2 126 136 6 0
CTORDER solver 21 3 3 78 9993 86 0
CTORDER solver 21 3 4 80 10249 88 0
CTORDER solver 21 4 0 48 6153 56 0
CTORDER solver 21 4 1 49 6281 57 0
CTORDER solver 21 4 2 59 7561 67 0
CTORDER solver 21 4 3 82 10505 90 0
CTORDER solver 21 4 4 127 8 7 0
CTORDER solver 21 5 0 60 7689 68 0
CTORDER solver 21 5 1 70 8969 78 0
CTORDER solver 21 5 2 124 392 4 0
CTORDER solver 21 5 3 115 16777 135 0
CTORDER solver 21 5 4 103 16137 2 0
CTORDER solver 21 6 0 74 9481 82 0
CTORDER solver 21 6 1 125 264 5 0
CTORDER solver 21 6 2 107 16649 134 0
CTORDER solver 21 6 3 83 10633 91 0
CTORDER solver 21 7 0 106 16521 133 0
CTORDER solver 21 7 1 84 10761 92 0
CTORDER solver 21 8 0 104 16265 3 0
CTORDER solver 21 8 1 105 16393 132 0
CTORDER solver 21 8 2 87 11145 95 0
CTORDER solver 21 9 0 88 11273 96 0
CTORDER patches 22 0 216 153 905 123 1 0 74
CTORDER patches 22 1 215 152 1161 125 0 1 73
CTORDER patches 22 2 216 151 1289 126 0 1 73
CTORDER patches 22 3 273 302 1929 23 0 1 73
CTORDER patches 22 4 273 301 2057 24 0 1 73
CTORDER patches 22 5 272 300 2697 29 0 1 73
CTORDER patches 22 6 272 299 2825 30 0 1 73
CTORDER patches 22 7 214 151 3081 128 0 1 73
CTORDER patches 22 8 215 150 3209 129 1 0 74
CTORDER patches 22 9 214 149 3465 131 1 0 74
CTORDER patches 22 10 273 300 3721 0 0 1 73
CTORDER patches 22 11 272 245 4105 3 0 1 9
CTORDER patches 22 12 273 244 4233 132 0 1 9
CTORDER patches 22 13 270 277 4361 42 0 1 73
CTORDER patches 22 14 270 249 4745 45 0 1 73
CTORDER patches 22 15 244 217 5513 134 0 1 9
CTORDER patches 22 16 274 245 6281 57 0 1 9
CTORDER patches 22 17 245 216 7433 135 0 1 9
CTORDER patches 22 18 242 249 7945 70 0 1 73
CTORDER patches 22 19 242 221 8329 73 0 1 73
CTORDER patches 22 20 216 161 8585 137 1 0 74
CTORDER patches 22 21 247 219 8841 77 0 1 9
CTORDER patches 22 22 246 217 9865 85 1 0 10
CTORDER patches 22 23 243 216 10377 89 1 0 10
CTORDER patches 22 24 217 152 11401 141 0 1 73
CTORDER patches 22 25 214 221 11529 98 1 0 74
CTORDER patches 22 26 218 162 12425 105 0 1 73
CTORDER patches 22 27 216 160 12937 109 1 0 74
CTORDER activated 22 0 246 217 9865 85 1 0 10
CTORDER activated 22 1 243 216 10377 89 1 0 10
CTORDER activated 22 2 214 221 11529 98 1 0 74
CTORDER activated 22 3 216 160 12937 109 1 0 74
CTORDER activated 22 4 216 153 905 123 1 0 74
CTORDER activated 22 5 215 150 3209 129 1 0 74
CTORDER activated 22 6 214 149 3465 131 1 0 74
CTORDER activated 22 7 216 161 8585 137 1 0 74
CTORDER solver 22 0 0 11 1417 19 0
CTORDER solver 22 0 1 28 3593 36 0
CTORDER solver 22 0 2 47 6025 55 0
CTORDER solver 22 0 3 57 7305 65 0
CTORDER solver 22 0 4 85 10889 93 0
CTORDER solver 22 0 5 75 9609 83 0
CTORDER solver 22 1 0 17 2185 25 0
CTORDER solver 22 1 1 41 5257 49 0
CTORDER solver 22 1 2 51 6537 59 0
CTORDER solver 22 1 3 52 6665 60 0
CTORDER solver 22 1 4 55 7049 63 0
CTORDER solver 22 1 5 76 9737 84 0
CTORDER solver 22 1 6 121 7817 136 0
CTORDER solver 22 2 0 42 5385 50 0
CTORDER solver 22 2 1 45 5769 53 0
CTORDER solver 22 2 2 50 6409 58 0
CTORDER solver 22 2 3 53 6793 61 0
CTORDER solver 22 2 4 54 6921 62 0
CTORDER solver 22 2 5 79 10121 87 0
CTORDER solver 22 3 0 46 5897 54 0
CTORDER solver 22 3 1 56 7177 64 0
CTORDER solver 22 3 2 126 136 6 0
CTORDER solver 22 3 3 78 9993 86 0
CTORDER solver 22 3 4 80 10249 88 0
CTORDER solver 22 4 0 48 6153 56 0
CTORDER solver 22 4 1 127 8 7 0
CTORDER solver 22 4 2 59 7561 67 0
CTORDER solver 22 4 3 82 10505 90 0
CTORDER solver 22 5 0 60 7689 68 0
CTORDER solver 22 5 1 70 8969 78 0
CTORDER solver 22 5 2 124 392 4 0
CTORDER solver 22 5 3 103 3977 2 0
CTORDER solver 22 6 0 74 9481 82 0
CTORDER solver 22 6 1 125 264 5 0
CTORDER solver 22 6 2 83 10633 91 0
CTORDER solver 22 7 0 106 5001 133 0
CTORDER solver 22 7 1 84 10761 92 0
CTORDER solver 22 7 2 97 9865 85 0
CTORDER solver 22 8 0 87 11145 95 0
CTORDER solver 22 9 0 88 11273 96 0
CTORDER solver 22 10 0 123 10377 89 0
native t=1.0 chunks=444 bonds=896 clusters=43 shots=1 broken=199 corrections=3 step=8.29ms
native t=2.0 chunks=444 bonds=896 clusters=43 shots=1 broken=199 corrections=3 step=6.50ms
native t=3.0 chunks=444 bonds=896 clusters=43 shots=1 broken=199 corrections=3 step=6.29ms
native t=4.0 chunks=444 bonds=896 clusters=43 shots=1 broken=199 corrections=3 step=6.33ms
native t=5.0 chunks=444 bonds=896 clusters=43 shots=1 broken=199 corrections=3 step=6.28ms
native t=6.0 chunks=444 bonds=896 clusters=43 shots=1 broken=199 corrections=3 step=6.29ms
native t=7.0 chunks=444 bonds=896 clusters=43 shots=1 broken=199 corrections=3 step=6.39ms
native t=8.0 chunks=444 bonds=896 clusters=43 shots=1 broken=199 corrections=3 step=6.31ms
native t=9.0 chunks=444 bonds=896 clusters=43 shots=1 broken=199 corrections=3 step=6.30ms
