Internal ctest changing into directory: /root/workspace/physx-2/out/destruction-sdk
Test project /root/workspace/physx-2/out/destruction-sdk
    Start 55: physx_native_gpu_solver_metadata
1/5 Test #55: physx_native_gpu_solver_metadata ......   Passed    1.66 sec
    Start 56: physx_native_gpu_pre_solve_islands
2/5 Test #56: physx_native_gpu_pre_solve_islands ....***Failed    0.49 sec
metadata domain growth did not refresh complete buffers

    Start 57: physx_native_gpu_pre_solve_contacts
3/5 Test #57: physx_native_gpu_pre_solve_contacts ...***Failed    0.48 sec
metadata domain growth did not refresh complete buffers

    Start 58: physx_native_gpu_pre_solve_support
4/5 Test #58: physx_native_gpu_pre_solve_support ....***Failed    0.51 sec
metadata domain growth did not refresh complete buffers
pre-solve growth retained GPU history: old domain=1030 new domain=2077, added bodies=1047, no new full snapshots/fallbacks

    Start 59: physx_native_gpu_connectivity_owner
5/5 Test #59: physx_native_gpu_connectivity_owner ...***Failed    0.50 sec
metadata domain growth did not refresh complete buffers
pre-solve growth retained GPU history: old domain=1030 new domain=2077, added bodies=1047, no new full snapshots/fallbacks


20% tests passed, 4 tests failed out of 5

Total Test time (real) =   3.64 sec

The following tests FAILED:
	 56 - physx_native_gpu_pre_solve_islands (Failed)
	 57 - physx_native_gpu_pre_solve_contacts (Failed)
	 58 - physx_native_gpu_pre_solve_support (Failed)
	 59 - physx_native_gpu_connectivity_owner (Failed)
Errors while running CTest
