resident columns: topology=asset nodes=12 bonds=9 worst relative error=0
resident columns: topology=asset nodes=1536 bonds=1152 worst relative error=0
resident columns: topology=asset nodes=131072 bonds=98304 worst relative error=0
resident columns: topology=GPU nodes=12 bonds=9 worst relative error=5.09366e-07
resident columns: topology=GPU nodes=1536 bonds=1152 worst relative error=1.01873e-06
resident columns: topology=GPU nodes=131072 bonds=98304 worst relative error=1.01873e-06
native history id=12 iteration=1 residual2=8192 gamma=2048 direction_energy=2048 g0=-1 mu0=-1
native component id=0 nodes=12 iterations=2 active=1 failed=0 residual2=20.5 tolerance2=8e-09 gamma=6.38298 direction_energy=1.40154
native history id=12 iteration=1 residual2=8192 gamma=2048 direction_energy=2048 g0=-1 mu0=-1
native history id=12 iteration=1 residual2=8192 gamma=2048 direction_energy=2048 g0=-1 mu0=-1
native cooperative id=1036 iterations=2 active=1 failed=0 residual2=8.18673 tolerance2=4.144e-07 gamma=7.18144 direction_energy=0.0294721
resident mixed components: nodes=2064 bonds=2061 sizes=12,1024,1028 interleaved=0 analytic forces and iteration-cap rejection passed
native history id=1 iteration=1 residual2=8192 gamma=2048 direction_energy=2048 g0=1 mu0=1
native component id=0 nodes=12 iterations=2 active=1 failed=0 residual2=20.5 tolerance2=8e-09 gamma=6.38298 direction_energy=1.40154
native history id=1 iteration=1 residual2=8192 gamma=2048 direction_energy=2048 g0=1 mu0=1
native history id=1 iteration=1 residual2=8192 gamma=2048 direction_energy=2048 g0=1 mu0=1
native cooperative id=3 iterations=2 active=1 failed=0 residual2=8.18674 tolerance2=4.144e-07 gamma=7.13387 direction_energy=0.0483654
resident mixed components: nodes=2064 bonds=2061 sizes=12,1024,1028 interleaved=1 analytic forces and iteration-cap rejection passed
resident uneven components: components=769 nodes=13828 bonds=13059 warm=0 six quiet/load transitions passed
native component id=5113 nodes=19 iterations=8192 active=1 failed=0 residual2=2.97038e-28 tolerance2=0 gamma=2.38771e-14 direction_energy=2.88675
native component id=4393 nodes=19 iterations=8192 active=1 failed=0 residual2=2.97038e-28 tolerance2=0 gamma=2.38771e-14 direction_energy=2.88675
native component id=8713 nodes=19 iterations=8192 active=1 failed=0 residual2=2.97038e-28 tolerance2=0 gamma=2.38771e-14 direction_energy=2.88675
native component id=4537 nodes=19 iterations=8192 active=1 failed=0 residual2=7.68726e-29 tolerance2=0 gamma=1.38601e-14 direction_energy=5.8722
native component id=1513 nodes=19 iterations=8192 active=1 failed=0 residual2=2.97038e-28 tolerance2=0 gamma=2.38771e-14 direction_energy=2.88675
native component id=5833 nodes=19 iterations=8192 active=1 failed=0 residual2=2.97038e-28 tolerance2=0 gamma=2.38771e-14 direction_energy=2.88675
native component id=9577 nodes=19 iterations=8192 active=1 failed=0 residual2=7.68726e-29 tolerance2=0 gamma=1.38601e-14 direction_energy=5.8722
native component id=3845 nodes=27 iterations=8192 active=1 failed=0 residual2=3.20663e-26 tolerance2=0 gamma=2.32865e-13 direction_energy=3.2314
native component id=3097 nodes=19 iterations=8192 active=1 failed=0 residual2=7.68726e-29 tolerance2=0 gamma=1.38601e-14 direction_energy=5.8722
native component id=9029 nodes=27 iterations=8192 active=1 failed=0 residual2=1.31899e-26 tolerance2=0 gamma=1.66518e-13 direction_energy=4.10356
native component id=5977 nodes=19 iterations=8192 active=1 failed=0 residual2=7.68726e-29 tolerance2=0 gamma=1.38601e-14 direction_energy=5.8722
native component id=3269 nodes=27 iterations=8192 active=1 failed=0 residual2=1.31899e-26 tolerance2=0 gamma=1.66518e-13 direction_energy=4.10356
native component id=5861 nodes=27 iterations=8192 active=1 failed=0 residual2=1.67191e-27 tolerance2=0 gamma=5.88369e-14 direction_energy=5.3594
native component id=9749 nodes=27 iterations=8192 active=1 failed=0 residual2=1.31899e-26 tolerance2=0 gamma=1.66518e-13 direction_energy=4.10356
native component id=1397 nodes=27 iterations=8192 active=1 failed=0 residual2=6.68764e-27 tolerance2=0 gamma=1.17674e-13 direction_energy=5.3594
native component id=5141 nodes=27 iterations=8192 active=1 failed=0 residual2=1.67191e-27 tolerance2=0 gamma=5.88369e-14 direction_energy=5.3594
native component id=6869 nodes=27 iterations=8192 active=1 failed=0 residual2=1.31899e-26 tolerance2=0 gamma=1.66518e-13 direction_energy=4.10356
native component id=5285 nodes=27 iterations=8192 active=1 failed=0 residual2=3.20663e-26 tolerance2=0 gamma=2.32865e-13 direction_energy=3.2314
native component id=8597 nodes=27 iterations=8192 active=1 failed=0 residual2=6.68764e-27 tolerance2=0 gamma=1.17674e-13 direction_energy=5.3594
native component id=11909 nodes=27 iterations=8192 active=1 failed=0 residual2=1.31899e-26 tolerance2=0 gamma=1.66518e-13 direction_energy=4.10356
native component id=101 nodes=27 iterations=8192 active=1 failed=0 residual2=1.67191e-27 tolerance2=0 gamma=5.88369e-14 direction_energy=5.3594
native component id=12485 nodes=27 iterations=8192 active=1 failed=0 residual2=3.20663e-26 tolerance2=0 gamma=2.32865e-13 direction_energy=3.2314
native component id=7301 nodes=27 iterations=8192 active=1 failed=0 residual2=1.67191e-27 tolerance2=0 gamma=5.88369e-14 direction_energy=5.3594
native component id=10613 nodes=27 iterations=8192 active=1 failed=0 residual2=4.17977e-28 tolerance2=0 gamma=2.94184e-14 direction_energy=5.3594
native component id=11477 nodes=27 iterations=8192 active=1 failed=0 residual2=6.68764e-27 tolerance2=0 gamma=1.17674e-13 direction_energy=5.3594
native component id=13349 nodes=27 iterations=8192 active=1 failed=0 residual2=1.31899e-26 tolerance2=0 gamma=1.66518e-13 direction_energy=4.10356
native component id=533 nodes=27 iterations=8192 active=1 failed=0 residual2=4.17977e-28 tolerance2=0 gamma=2.94184e-14 direction_energy=5.3594
native component id=10901 nodes=27 iterations=8192 active=1 failed=0 residual2=1.67191e-27 tolerance2=0 gamma=5.88369e-14 direction_energy=5.3594
native component id=12457 nodes=19 iterations=8192 active=1 failed=0 residual2=7.68726e-29 tolerance2=0 gamma=1.38601e-14 direction_energy=5.8722
native component id=13637 nodes=27 iterations=8192 active=1 failed=0 residual2=6.68764e-27 tolerance2=0 gamma=1.17674e-13 direction_energy=5.3594
native component id=7705 nodes=19 iterations=8192 active=1 failed=0 residual2=2.51555e-28 tolerance2=0 gamma=2.13525e-14 direction_energy=3.16305
native component id=5545 nodes=19 iterations=8192 active=1 failed=0 residual2=2.51555e-28 tolerance2=0 gamma=2.13525e-14 direction_energy=3.16305
native component id=2665 nodes=19 iterations=8192 active=1 failed=0 residual2=2.51555e-28 tolerance2=0 gamma=2.13525e-14 direction_energy=3.16305
native component id=1945 nodes=19 iterations=8192 active=1 failed=0 residual2=2.51555e-28 tolerance2=0 gamma=2.13525e-14 direction_energy=3.16305
native component id=1369 nodes=19 iterations=8192 active=1 failed=0 residual2=6.28887e-29 tolerance2=0 gamma=1.06763e-14 direction_energy=3.16305
native component id=3961 nodes=19 iterations=8192 active=1 failed=0 residual2=1.57222e-29 tolerance2=0 gamma=5.33813e-15 direction_energy=3.16305
native component id=10729 nodes=19 iterations=8192 active=1 failed=0 residual2=6.28887e-29 tolerance2=0 gamma=1.06763e-14 direction_energy=3.16305
native component id=9721 nodes=19 iterations=8192 active=1 failed=0 residual2=1.57222e-29 tolerance2=0 gamma=5.33813e-15 direction_energy=3.16305
native component id=9865 nodes=19 iterations=8192 active=1 failed=0 residual2=2.51555e-28 tolerance2=0 gamma=2.13525e-14 direction_energy=3.16305
native component id=3385 nodes=19 iterations=8192 active=1 failed=0 residual2=2.51555e-28 tolerance2=0 gamma=2.13525e-14 direction_energy=3.16305
native component id=10585 nodes=19 iterations=8192 active=1 failed=0 residual2=2.51555e-28 tolerance2=0 gamma=2.13525e-14 direction_energy=3.16305
native component id=7849 nodes=19 iterations=8192 active=1 failed=0 residual2=6.28887e-29 tolerance2=0 gamma=1.06763e-14 direction_energy=3.16305
native component id=8569 nodes=19 iterations=8192 active=1 failed=0 residual2=6.28887e-29 tolerance2=0 gamma=1.06763e-14 direction_energy=3.16305
native component id=10009 nodes=19 iterations=8192 active=1 failed=0 residual2=6.28887e-29 tolerance2=0 gamma=1.06763e-14 direction_energy=3.16305
native component id=11449 nodes=19 iterations=8192 active=1 failed=0 residual2=6.28887e-29 tolerance2=0 gamma=1.06763e-14 direction_energy=3.16305
native component id=11305 nodes=19 iterations=8192 active=1 failed=0 residual2=2.51555e-28 tolerance2=0 gamma=2.13525e-14 direction_energy=3.16305
native component id=3673 nodes=19 iterations=8192 active=1 failed=0 residual2=2.97038e-28 tolerance2=0 gamma=2.38771e-14 direction_energy=2.88675
native component id=793 nodes=19 iterations=8192 active=1 failed=0 residual2=2.97038e-28 tolerance2=0 gamma=2.38771e-14 direction_energy=2.88675
native component id=9433 nodes=19 iterations=8192 active=1 failed=0 residual2=2.97038e-28 tolerance2=0 gamma=2.38771e-14 direction_energy=2.88675
native component id=4709 nodes=27 iterations=8192 active=1 failed=0 residual2=1.31899e-26 tolerance2=0 gamma=1.66518e-13 direction_energy=4.10356
native component id=4997 nodes=27 iterations=8192 active=1 failed=0 residual2=6.68764e-27 tolerance2=0 gamma=1.17674e-13 direction_energy=5.3594
native component id=2549 nodes=27 iterations=8192 active=1 failed=0 residual2=1.31899e-26 tolerance2=0 gamma=1.66518e-13 direction_energy=4.10356
native component id=2405 nodes=27 iterations=8192 active=1 failed=0 residual2=3.20663e-26 tolerance2=0 gamma=2.32865e-13 direction_energy=3.2314
native component id=217 nodes=19 iterations=8192 active=1 failed=0 residual2=7.68726e-29 tolerance2=0 gamma=1.38601e-14 direction_energy=5.8722
native component id=6553 nodes=19 iterations=8192 active=1 failed=0 residual2=2.97038e-28 tolerance2=0 gamma=2.38771e-14 direction_energy=2.88675
native component id=4133 nodes=27 iterations=8192 active=1 failed=0 residual2=4.17977e-28 tolerance2=0 gamma=2.94184e-14 direction_energy=5.3594
native component id=2953 nodes=19 iterations=8192 active=1 failed=0 residual2=2.97038e-28 tolerance2=0 gamma=2.38771e-14 direction_energy=2.88675
native component id=6149 nodes=27 iterations=8192 active=1 failed=0 residual2=1.31899e-26 tolerance2=0 gamma=1.66518e-13 direction_energy=4.10356
native component id=8137 nodes=19 iterations=8192 active=1 failed=0 residual2=7.68726e-29 tolerance2=0 gamma=1.38601e-14 direction_energy=5.8722
native component id=10757 nodes=27 iterations=8192 active=1 failed=0 residual2=6.68764e-27 tolerance2=0 gamma=1.17674e-13 direction_energy=5.3594
native component id=10153 nodes=19 iterations=8192 active=1 failed=0 residual2=2.97038e-28 tolerance2=0 gamma=2.38771e-14 direction_energy=2.88675
native component id=7445 nodes=27 iterations=8192 active=1 failed=0 residual2=3.20663e-26 tolerance2=0 gamma=2.32865e-13 direction_energy=3.2314
native component id=1829 nodes=27 iterations=8192 active=1 failed=0 residual2=1.31899e-26 tolerance2=0 gamma=1.66518e-13 direction_energy=4.10356
native component id=677 nodes=27 iterations=8192 active=1 failed=0 residual2=6.68764e-27 tolerance2=0 gamma=1.17674e-13 direction_energy=5.3594
native component id=2837 nodes=27 iterations=8192 active=1 failed=0 residual2=6.68764e-27 tolerance2=0 gamma=1.17674e-13 direction_energy=5.3594
native component id=3701 nodes=27 iterations=8192 active=1 failed=0 residual2=1.67191e-27 tolerance2=0 gamma=5.88369e-14 direction_energy=5.3594
native component id=13033 nodes=19 iterations=8192 active=1 failed=0 residual2=2.97038e-28 tolerance2=0 gamma=2.38771e-14 direction_energy=2.88675
native component id=10297 nodes=19 iterations=8192 active=1 failed=0 residual2=7.68726e-29 tolerance2=0 gamma=1.38601e-14 direction_energy=5.8722
native component id=2377 nodes=19 iterations=8192 active=1 failed=0 residual2=7.68726e-29 tolerance2=0 gamma=1.38601e-14 direction_energy=5.8722
native component id=73 nodes=19 iterations=8192 active=1 failed=0 residual2=2.97038e-28 tolerance2=0 gamma=2.38771e-14 direction_energy=2.88675
native component id=5429 nodes=27 iterations=8192 active=1 failed=0 residual2=1.31899e-26 tolerance2=0 gamma=1.66518e-13 direction_energy=4.10356
native component id=2981 nodes=27 iterations=8192 active=1 failed=0 residual2=1.67191e-27 tolerance2=0 gamma=5.88369e-14 direction_energy=5.3594
native component id=7273 nodes=19 iterations=8192 active=1 failed=0 residual2=2.97038e-28 tolerance2=0 gamma=2.38771e-14 direction_energy=2.88675
native component id=7877 nodes=27 iterations=8192 active=1 failed=0 residual2=6.68764e-27 tolerance2=0 gamma=1.17674e-13 direction_energy=5.3594
native component id=5257 nodes=19 iterations=8192 active=1 failed=0 residual2=7.68726e-29 tolerance2=0 gamma=1.38601e-14 direction_energy=5.8722
native component id=11593 nodes=19 iterations=8192 active=1 failed=0 residual2=2.97038e-28 tolerance2=0 gamma=2.38771e-14 direction_energy=2.88675
native component id=821 nodes=27 iterations=8192 active=1 failed=0 residual2=1.67191e-27 tolerance2=0 gamma=5.88369e-14 direction_energy=5.3594
native component id=5717 nodes=27 iterations=8192 active=1 failed=0 residual2=6.68764e-27 tolerance2=0 gamma=1.17674e-13 direction_energy=5.3594
native component id=4853 nodes=27 iterations=8192 active=1 failed=0 residual2=4.17977e-28 tolerance2=0 gamma=2.94184e-14 direction_energy=5.3594
native component id=7993 nodes=19 iterations=8192 active=1 failed=0 residual2=2.97038e-28 tolerance2=0 gamma=2.38771e-14 direction_energy=2.88675
native component id=4565 nodes=27 iterations=8192 active=1 failed=0 residual2=3.20663e-26 tolerance2=0 gamma=2.32865e-13 direction_energy=3.2314
native component id=1685 nodes=27 iterations=8192 active=1 failed=0 residual2=3.20663e-26 tolerance2=0 gamma=2.32865e-13 direction_energy=3.2314
native component id=9605 nodes=27 iterations=8192 active=1 failed=0 residual2=3.20663e-26 tolerance2=0 gamma=2.32865e-13 direction_energy=3.2314
native component id=3125 nodes=27 iterations=8192 active=1 failed=0 residual2=3.20663e-26 tolerance2=0 gamma=2.32865e-13 direction_energy=3.2314
native component id=9317 nodes=27 iterations=8192 active=1 failed=0 residual2=6.68764e-27 tolerance2=0 gamma=1.17674e-13 direction_energy=5.3594
native component id=8165 nodes=27 iterations=8192 active=1 failed=0 residual2=3.20663e-26 tolerance2=0 gamma=2.32865e-13 direction_energy=3.2314
native component id=6725 nodes=27 iterations=8192 active=1 failed=0 residual2=3.20663e-26 tolerance2=0 gamma=2.32865e-13 direction_energy=3.2314
native component id=389 nodes=27 iterations=8192 active=1 failed=0 residual2=1.31899e-26 tolerance2=0 gamma=1.66518e-13 direction_energy=4.10356
native component id=10037 nodes=27 iterations=8192 active=1 failed=0 residual2=6.68764e-27 tolerance2=0 gamma=1.17674e-13 direction_energy=5.3594
native component id=3817 nodes=19 iterations=8192 active=1 failed=0 residual2=7.68726e-29 tolerance2=0 gamma=1.38601e-14 direction_energy=5.8722
native component id=4421 nodes=27 iterations=8192 active=1 failed=0 residual2=1.67191e-27 tolerance2=0 gamma=5.88369e-14 direction_energy=5.3594
native component id=8309 nodes=27 iterations=8192 active=1 failed=0 residual2=1.31899e-26 tolerance2=0 gamma=1.66518e-13 direction_energy=4.10356
native component id=3989 nodes=27 iterations=8192 active=1 failed=0 residual2=1.31899e-26 tolerance2=0 gamma=1.66518e-13 direction_energy=4.10356
native component id=7733 nodes=27 iterations=8192 active=1 failed=0 residual2=4.17977e-28 tolerance2=0 gamma=2.94184e-14 direction_energy=5.3594
native component id=6581 nodes=27 iterations=8192 active=1 failed=0 residual2=1.67191e-27 tolerance2=0 gamma=5.88369e-14 direction_energy=5.3594
native component id=965 nodes=27 iterations=8192 active=1 failed=0 residual2=3.20663e-26 tolerance2=0 gamma=2.32865e-13 direction_energy=3.2314
native component id=8857 nodes=19 iterations=8192 active=1 failed=0 residual2=7.68726e-29 tolerance2=0 gamma=1.38601e-14 direction_energy=5.8722
native component id=8021 nodes=27 iterations=8192 active=1 failed=0 residual2=1.67191e-27 tolerance2=0 gamma=5.88369e-14 direction_energy=5.3594
native component id=10469 nodes=27 iterations=8192 active=1 failed=0 residual2=1.31899e-26 tolerance2=0 gamma=1.66518e-13 direction_energy=4.10356
native component id=8885 nodes=27 iterations=8192 active=1 failed=0 residual2=3.20663e-26 tolerance2=0 gamma=2.32865e-13 direction_energy=3.2314
native component id=6697 nodes=19 iterations=8192 active=1 failed=0 residual2=7.68726e-29 tolerance2=0 gamma=1.38601e-14 direction_energy=5.8722
native component id=937 nodes=19 iterations=8192 active=1 failed=0 residual2=7.68726e-29 tolerance2=0 gamma=1.38601e-14 direction_energy=5.8722
native component id=13205 nodes=27 iterations=8192 active=1 failed=0 residual2=3.20663e-26 tolerance2=0 gamma=2.32865e-13 direction_energy=3.2314
native component id=12197 nodes=27 iterations=8192 active=1 failed=0 residual2=6.68764e-27 tolerance2=0 gamma=1.17674e-13 direction_energy=5.3594
native component id=6293 nodes=27 iterations=8192 active=1 failed=0 residual2=4.17977e-28 tolerance2=0 gamma=2.94184e-14 direction_energy=5.3594
native component id=10325 nodes=27 iterations=8192 active=1 failed=0 residual2=3.20663e-26 tolerance2=0 gamma=2.32865e-13 direction_energy=3.2314
native component id=12629 nodes=27 iterations=8192 active=1 failed=0 residual2=1.31899e-26 tolerance2=0 gamma=1.66518e-13 direction_energy=4.10356
native component id=2117 nodes=27 iterations=8192 active=1 failed=0 residual2=6.68764e-27 tolerance2=0 gamma=1.17674e-13 direction_energy=5.3594
native component id=2261 nodes=27 iterations=8192 active=1 failed=0 residual2=1.67191e-27 tolerance2=0 gamma=5.88369e-14 direction_energy=5.3594
native component id=2693 nodes=27 iterations=8192 active=1 failed=0 residual2=4.17977e-28 tolerance2=0 gamma=2.94184e-14 direction_energy=5.3594
native component id=9893 nodes=27 iterations=8192 active=1 failed=0 residual2=4.17977e-28 tolerance2=0 gamma=2.94184e-14 direction_energy=5.3594
native component id=11189 nodes=27 iterations=8192 active=1 failed=0 residual2=1.31899e-26 tolerance2=0 gamma=1.66518e-13 direction_energy=4.10356
native component id=7013 nodes=27 iterations=8192 active=1 failed=0 residual2=4.17977e-28 tolerance2=0 gamma=2.94184e-14 direction_energy=5.3594
native component id=12053 nodes=27 iterations=8192 active=1 failed=0 residual2=4.17977e-28 tolerance2=0 gamma=2.94184e-14 direction_energy=5.3594
native component id=4277 nodes=27 iterations=8192 active=1 failed=0 residual2=6.68764e-27 tolerance2=0 gamma=1.17674e-13 direction_energy=5.3594
native component id=11333 nodes=27 iterations=8192 active=1 failed=0 residual2=4.17977e-28 tolerance2=0 gamma=2.94184e-14 direction_energy=5.3594
native component id=1109 nodes=27 iterations=8192 active=1 failed=0 residual2=1.31899e-26 tolerance2=0 gamma=1.66518e-13 direction_energy=4.10356
native component id=11045 nodes=27 iterations=8192 active=1 failed=0 residual2=3.20663e-26 tolerance2=0 gamma=2.32865e-13 direction_energy=3.2314
native component id=3413 nodes=27 iterations=8192 active=1 failed=0 residual2=4.17977e-28 tolerance2=0 gamma=2.94184e-14 direction_energy=5.3594
native component id=9173 nodes=27 iterations=8192 active=1 failed=0 residual2=4.17977e-28 tolerance2=0 gamma=2.94184e-14 direction_energy=5.3594
native component id=12313 nodes=19 iterations=8192 active=1 failed=0 residual2=2.97038e-28 tolerance2=0 gamma=2.38771e-14 direction_energy=2.88675
native component id=10873 nodes=19 iterations=8192 active=1 failed=0 residual2=2.97038e-28 tolerance2=0 gamma=2.38771e-14 direction_energy=2.88675
native component id=7157 nodes=27 iterations=8192 active=1 failed=0 residual2=6.68764e-27 tolerance2=0 gamma=1.17674e-13 direction_energy=5.3594
native component id=7589 nodes=27 iterations=8192 active=1 failed=0 residual2=1.31899e-26 tolerance2=0 gamma=1.66518e-13 direction_energy=4.10356
native component id=13781 nodes=27 iterations=8192 active=1 failed=0 residual2=1.67191e-27 tolerance2=0 gamma=5.88369e-14 direction_energy=5.3594
native component id=6005 nodes=27 iterations=8192 active=1 failed=0 residual2=3.20663e-26 tolerance2=0 gamma=2.32865e-13 direction_energy=3.2314
native component id=12917 nodes=27 iterations=8192 active=1 failed=0 residual2=6.68764e-27 tolerance2=0 gamma=1.17674e-13 direction_energy=5.3594
native component id=11017 nodes=19 iterations=8192 active=1 failed=0 residual2=7.68726e-29 tolerance2=0 gamma=1.38601e-14 direction_energy=5.8722
native component id=4825 nodes=19 iterations=8192 active=1 failed=0 residual2=2.51555e-28 tolerance2=0 gamma=2.13525e-14 direction_energy=3.16305
native component id=6437 nodes=27 iterations=8192 active=1 failed=0 residual2=6.68764e-27 tolerance2=0 gamma=1.17674e-13 direction_energy=5.3594
native component id=12341 nodes=27 iterations=8192 active=1 failed=0 residual2=1.67191e-27 tolerance2=0 gamma=5.88369e-14 direction_energy=5.3594
native component id=11765 nodes=27 iterations=8192 active=1 failed=0 residual2=3.20663e-26 tolerance2=0 gamma=2.32865e-13 direction_energy=3.2314
native component id=11621 nodes=27 iterations=8192 active=1 failed=0 residual2=1.67191e-27 tolerance2=0 gamma=5.88369e-14 direction_energy=5.3594
native component id=13493 nodes=27 iterations=8192 active=1 failed=0 residual2=4.17977e-28 tolerance2=0 gamma=2.94184e-14 direction_energy=5.3594
native component id=13177 nodes=19 iterations=8192 active=1 failed=0 residual2=7.68726e-29 tolerance2=0 gamma=1.38601e-14 direction_energy=5.8722
native component id=5573 nodes=27 iterations=8192 active=1 failed=0 residual2=4.17977e-28 tolerance2=0 gamma=2.94184e-14 direction_energy=5.3594
native component id=6985 nodes=19 iterations=8192 active=1 failed=0 residual2=2.51555e-28 tolerance2=0 gamma=2.13525e-14 direction_energy=3.16305
native component id=505 nodes=19 iterations=8192 active=1 failed=0 residual2=2.51555e-28 tolerance2=0 gamma=2.13525e-14 direction_energy=3.16305
native component id=8741 nodes=27 iterations=8192 active=1 failed=0 residual2=1.67191e-27 tolerance2=0 gamma=5.88369e-14 direction_energy=5.3594
native component id=1657 nodes=19 iterations=8192 active=1 failed=0 residual2=7.68726e-29 tolerance2=0 gamma=1.38601e-14 direction_energy=5.8722
native component id=1973 nodes=27 iterations=8192 active=1 failed=0 residual2=4.17977e-28 tolerance2=0 gamma=2.94184e-14 direction_energy=5.3594
native component id=4249 nodes=19 iterations=8192 active=1 failed=0 residual2=6.28887e-29 tolerance2=0 gamma=1.06763e-14 direction_energy=3.16305
native component id=9145 nodes=19 iterations=8192 active=1 failed=0 residual2=2.51555e-28 tolerance2=0 gamma=2.13525e-14 direction_energy=3.16305
native component id=3529 nodes=19 iterations=8192 active=1 failed=0 residual2=6.28887e-29 tolerance2=0 gamma=1.06763e-14 direction_energy=3.16305
native component id=2233 nodes=19 iterations=8192 active=1 failed=0 residual2=2.97038e-28 tolerance2=0 gamma=2.38771e-14 direction_energy=2.88675
native component id=6265 nodes=19 iterations=8192 active=1 failed=0 residual2=2.51555e-28 tolerance2=0 gamma=2.13525e-14 direction_energy=3.16305
native component id=4681 nodes=19 iterations=8192 active=1 failed=0 residual2=1.57222e-29 tolerance2=0 gamma=5.33813e-15 direction_energy=3.16305
native component id=8425 nodes=19 iterations=8192 active=1 failed=0 residual2=2.51555e-28 tolerance2=0 gamma=2.13525e-14 direction_energy=3.16305
native component id=7129 nodes=19 iterations=8192 active=1 failed=0 residual2=6.28887e-29 tolerance2=0 gamma=1.06763e-14 direction_energy=3.16305
native component id=3241 nodes=19 iterations=8192 active=1 failed=0 residual2=1.57222e-29 tolerance2=0 gamma=5.33813e-15 direction_energy=3.16305
native component id=1541 nodes=27 iterations=8192 active=1 failed=0 residual2=1.67191e-27 tolerance2=0 gamma=5.88369e-14 direction_energy=5.3594
native component id=11737 nodes=19 iterations=8192 active=1 failed=0 residual2=7.68726e-29 tolerance2=0 gamma=1.38601e-14 direction_energy=5.8722
native component id=1225 nodes=19 iterations=8192 active=1 failed=0 residual2=2.51555e-28 tolerance2=0 gamma=2.13525e-14 direction_energy=3.16305
native component id=12745 nodes=19 iterations=8192 active=1 failed=0 residual2=2.51555e-28 tolerance2=0 gamma=2.13525e-14 direction_energy=3.16305
native component id=12025 nodes=19 iterations=8192 active=1 failed=0 residual2=2.51555e-28 tolerance2=0 gamma=2.13525e-14 direction_energy=3.16305
native component id=6409 nodes=19 iterations=8192 active=1 failed=0 residual2=6.28887e-29 tolerance2=0 gamma=1.06763e-14 direction_energy=3.16305
native component id=2089 nodes=19 iterations=8192 active=1 failed=0 residual2=6.28887e-29 tolerance2=0 gamma=1.06763e-14 direction_energy=3.16305
native component id=9461 nodes=27 iterations=8192 active=1 failed=0 residual2=1.67191e-27 tolerance2=0 gamma=5.88369e-14 direction_energy=5.3594
native component id=2521 nodes=19 iterations=8192 active=1 failed=0 residual2=1.57222e-29 tolerance2=0 gamma=5.33813e-15 direction_energy=3.16305
native component id=12601 nodes=19 iterations=8192 active=1 failed=0 residual2=1.57222e-29 tolerance2=0 gamma=5.33813e-15 direction_energy=3.16305
native component id=1081 nodes=19 iterations=8192 active=1 failed=0 residual2=1.57222e-29 tolerance2=0 gamma=5.33813e-15 direction_energy=3.16305
native component id=1801 nodes=19 iterations=8192 active=1 failed=0 residual2=1.57222e-29 tolerance2=0 gamma=5.33813e-15 direction_energy=3.16305
native component id=4105 nodes=19 iterations=8192 active=1 failed=0 residual2=2.51555e-28 tolerance2=0 gamma=2.13525e-14 direction_energy=3.16305
native component id=8281 nodes=19 iterations=8192 active=1 failed=0 residual2=1.57222e-29 tolerance2=0 gamma=5.33813e-15 direction_energy=3.16305
native component id=5401 nodes=19 iterations=8192 active=1 failed=0 residual2=1.57222e-29 tolerance2=0 gamma=5.33813e-15 direction_energy=3.16305
native component id=13321 nodes=19 iterations=8192 active=1 failed=0 residual2=1.57222e-29 tolerance2=0 gamma=5.33813e-15 direction_energy=3.16305
native component id=13753 nodes=19 iterations=8192 active=1 failed=0 residual2=2.97038e-28 tolerance2=0 gamma=2.38771e-14 direction_energy=2.88675
native component id=2809 nodes=19 iterations=8192 active=1 failed=0 residual2=6.28887e-29 tolerance2=0 gamma=1.06763e-14 direction_energy=3.16305
native component id=10441 nodes=19 iterations=8192 active=1 failed=0 residual2=1.57222e-29 tolerance2=0 gamma=5.33813e-15 direction_energy=3.16305
native component id=13609 nodes=19 iterations=8192 active=1 failed=0 residual2=6.28887e-29 tolerance2=0 gamma=1.06763e-14 direction_energy=3.16305
native component id=12889 nodes=19 iterations=8192 active=1 failed=0 residual2=6.28887e-29 tolerance2=0 gamma=1.06763e-14 direction_energy=3.16305
native component id=11881 nodes=19 iterations=8192 active=1 failed=0 residual2=1.57222e-29 tolerance2=0 gamma=5.33813e-15 direction_energy=3.16305
native component id=649 nodes=19 iterations=8192 active=1 failed=0 residual2=6.28887e-29 tolerance2=0 gamma=1.06763e-14 direction_energy=3.16305
native component id=12169 nodes=19 iterations=8192 active=1 failed=0 residual2=6.28887e-29 tolerance2=0 gamma=1.06763e-14 direction_energy=3.16305
native component id=6121 nodes=19 iterations=8192 active=1 failed=0 residual2=1.57222e-29 tolerance2=0 gamma=5.33813e-15 direction_energy=3.16305
native component id=9001 nodes=19 iterations=8192 active=1 failed=0 residual2=1.57222e-29 tolerance2=0 gamma=5.33813e-15 direction_energy=3.16305
native component id=11161 nodes=19 iterations=8192 active=1 failed=0 residual2=1.57222e-29 tolerance2=0 gamma=5.33813e-15 direction_energy=3.16305
native component id=7417 nodes=19 iterations=8192 active=1 failed=0 residual2=7.68726e-29 tolerance2=0 gamma=1.38601e-14 direction_energy=5.8722
native component id=361 nodes=19 iterations=8192 active=1 failed=0 residual2=1.57222e-29 tolerance2=0 gamma=5.33813e-15 direction_energy=3.16305
native component id=3557 nodes=27 iterations=8192 active=1 failed=0 residual2=6.68764e-27 tolerance2=0 gamma=1.17674e-13 direction_energy=5.3594
native component id=5689 nodes=19 iterations=8192 active=1 failed=0 residual2=6.28887e-29 tolerance2=0 gamma=1.06763e-14 direction_energy=3.16305
native component id=12773 nodes=27 iterations=8192 active=1 failed=0 residual2=4.17977e-28 tolerance2=0 gamma=2.94184e-14 direction_energy=5.3594
native component id=10181 nodes=27 iterations=8192 active=1 failed=0 residual2=1.67191e-27 tolerance2=0 gamma=5.88369e-14 direction_energy=5.3594
native component id=245 nodes=27 iterations=8192 active=1 failed=0 residual2=3.20663e-26 tolerance2=0 gamma=2.32865e-13 direction_energy=3.2314
native component id=8453 nodes=27 iterations=8192 active=1 failed=0 residual2=4.17977e-28 tolerance2=0 gamma=2.94184e-14 direction_energy=5.3594
native component id=1253 nodes=27 iterations=8192 active=1 failed=0 residual2=4.17977e-28 tolerance2=0 gamma=2.94184e-14 direction_energy=5.3594
native component id=6841 nodes=19 iterations=8192 active=1 failed=0 residual2=1.57222e-29 tolerance2=0 gamma=5.33813e-15 direction_energy=3.16305
native component id=9289 nodes=19 iterations=8192 active=1 failed=0 residual2=6.28887e-29 tolerance2=0 gamma=1.06763e-14 direction_energy=3.16305
native component id=13465 nodes=19 iterations=8192 active=1 failed=0 residual2=2.51555e-28 tolerance2=0 gamma=2.13525e-14 direction_energy=3.16305
native component id=7561 nodes=19 iterations=8192 active=1 failed=0 residual2=1.57222e-29 tolerance2=0 gamma=5.33813e-15 direction_energy=3.16305
native component id=13061 nodes=27 iterations=8192 active=1 failed=0 residual2=1.67191e-27 tolerance2=0 gamma=5.88369e-14 direction_energy=5.3594
native component id=4969 nodes=19 iterations=8192 active=1 failed=0 residual2=6.28887e-29 tolerance2=0 gamma=1.06763e-14 direction_energy=3.16305
uneven component solve did not converge
