Internal ctest changing into directory: /root/workspace/physx-2/out/destruction-sdk
Test project /root/workspace/physx-2/out/destruction-sdk
      Start  1: blast_stress_physx_cpu_contract
 1/60 Test  #1: blast_stress_physx_cpu_contract .........................   Passed    0.11 sec
      Start  2: blast_stress_physx_resim_penetration
 2/60 Test  #2: blast_stress_physx_resim_penetration ....................   Passed    0.14 sec
      Start  3: blast_stress_physx_resim_baseline
 3/60 Test  #3: blast_stress_physx_resim_baseline .......................   Passed    0.15 sec
      Start  4: blast_stress_physx_resim_snapshot
 4/60 Test  #4: blast_stress_physx_resim_snapshot .......................   Passed    0.01 sec
      Start  5: blast_stress_physx_resim_policy_gpu
 5/60 Test  #5: blast_stress_physx_resim_policy_gpu .....................   Passed    1.13 sec
      Start  6: blast_stress_velocity_fidelity_cpu
 6/60 Test  #6: blast_stress_velocity_fidelity_cpu ......................   Passed    0.01 sec
      Start  7: blast_stress_velocity_fidelity_gpu
 7/60 Test  #7: blast_stress_velocity_fidelity_gpu ......................   Passed    0.42 sec
      Start  8: blast_stress_load_path
 8/60 Test  #8: blast_stress_load_path ..................................***Failed    0.02 sec
load path test failed: weak-material footing must fail under the same load and geometry
physics mode: cpu

      Start  9: blast_stress_physx_resim_punchthrough
 9/60 Test  #9: blast_stress_physx_resim_punchthrough ...................   Passed    0.01 sec
      Start 10: blast_stress_physx_resim_punchthrough_gpu
10/60 Test #10: blast_stress_physx_resim_punchthrough_gpu ...............   Passed    0.79 sec
      Start 11: blast_stress_physx_resim_scoped_cascade
11/60 Test #11: blast_stress_physx_resim_scoped_cascade .................   Passed    0.14 sec
      Start 12: blast_stress_physx_direct_gpu_resim
12/60 Test #12: blast_stress_physx_direct_gpu_resim .....................   Passed    0.34 sec
      Start 13: blast_stress_physx_gpu_activity
13/60 Test #13: blast_stress_physx_gpu_activity .........................   Passed   12.06 sec
      Start 14: blast_stress_reference_building_load_path
14/60 Test #14: blast_stress_reference_building_load_path ...............***Failed    0.01 sec
blast_stress_demo: joint class 'infill~infill' has peak safety factor 1.165250 under self-weight, below the required 2.000000 (authored bond area is too small to carry gravity)
gravity load path (utilisation = peak stress / that bond's material elastic limit):
  infill~infill          drywall-panel          bonds=12     peakUtil=0.8582     safetyFactor=1.165      peak(c/t/s)=1.05e+05/1.03e+05/0 Pa
  column~infill          facade-clip            bonds=48     peakUtil=0.4148     safetyFactor=2.411      peak(c/t/s)=2.07e+05/2.73e+04/1.85e+05 Pa
  infill~slab            drywall-panel          bonds=24     peakUtil=0.3195     safetyFactor=3.13       peak(c/t/s)=1.41e+05/2.13e+04/1.44e+05 Pa
  column~column          reinforced-concrete    bonds=12     peakUtil=0.09572    safetyFactor=10.45      peak(c/t/s)=2.78e+05/2.34e+04/3.83e+05 Pa
  column~slab            reinforced-concrete    bonds=20     peakUtil=0.09572    safetyFactor=10.45      peak(c/t/s)=2.78e+05/2.34e+04/3.83e+05 Pa
  slab~slab              concrete-slab          bonds=12     peakUtil=0.06961    safetyFactor=14.36      peak(c/t/s)=8.1e+04/8.35e+03/1.11e+05 Pa
  column~foundation      footing-anchor         bonds=4      peakUtil=0.03444    safetyFactor=29.04      peak(c/t/s)=8.27e+05/0/8.54e+04 Pa

      Start 15: blast_stress_material_behavior
15/60 Test #15: blast_stress_material_behavior ..........................   Passed    0.05 sec
      Start 16: blast_stress_chunk_crush
16/60 Test #16: blast_stress_chunk_crush ................................   Passed    0.22 sec
      Start 17: blast_stress_scene_pack_v3
17/60 Test #17: blast_stress_scene_pack_v3 ..............................   Passed    0.00 sec
      Start 18: blast_stress_reference_building_crush_gravity
18/60 Test #18: blast_stress_reference_building_crush_gravity ...........   Passed    0.06 sec
      Start 19: blast_stress_reference_building_crush_ordinary_impact
19/60 Test #19: blast_stress_reference_building_crush_ordinary_impact ...***Failed    0.13 sec
crushed-fraction=0.0312 (min=-1.0000 max=0.0000) valid=false
contract validation failed: mappings=true self-test-fractured=true continuity=true dynamic-destruction=true stable-before-impact=true authored-chunk-scale=true (64/0) realtime=true (all-misses=0 destruction-misses=0/600 max=1.041ms) damaged=1/1 moved-structures=1/1 falling-structures=1/1 moved=23 fallen=18 far=20 dynamic=36 supported=26/16 max-displacement=10.822 max-down=8.925
gravity load path (utilisation = peak stress / that bond's material elastic limit):
  infill~infill          drywall-panel          bonds=12     peakUtil=0.8582     safetyFactor=1.165      peak(c/t/s)=1.05e+05/1.03e+05/0 Pa
  column~infill          facade-clip            bonds=48     peakUtil=0.4148     safetyFactor=2.411      peak(c/t/s)=2.07e+05/2.73e+04/1.85e+05 Pa
  infill~slab            drywall-panel          bonds=24     peakUtil=0.3195     safetyFactor=3.13       peak(c/t/s)=1.41e+05/2.13e+04/1.44e+05 Pa
  column~column          reinforced-concrete    bonds=12     peakUtil=0.09572    safetyFactor=10.45      peak(c/t/s)=2.78e+05/2.34e+04/3.83e+05 Pa
  column~slab            reinforced-concrete    bonds=20     peakUtil=0.09572    safetyFactor=10.45      peak(c/t/s)=2.78e+05/2.34e+04/3.83e+05 Pa
  slab~slab              concrete-slab          bonds=12     peakUtil=0.06961    safetyFactor=14.36      peak(c/t/s)=8.1e+04/8.35e+03/1.11e+05 Pa
  column~foundation      footing-anchor         bonds=4      peakUtil=0.03444    safetyFactor=29.04      peak(c/t/s)=8.27e+05/0/8.54e+04 Pa
Blast PhysX mini-city finished: mode=cpu gpu=inactive buildings=1 nodes=64 bodies=25 awake=22 splits=9 contacts=208547 drift=(4.06e-06,3.58e-07) damage=(intact:0 partial:1 heavy:0 shattered:0) motion=(structures:1 falling:1 chunks:23 fallen:18 far:20 max:10.82 down:8.92) impacts=375 wall=0.125s rate=96.02x
chunk crushing: crushed=2 (3.12% of authored) mass=846.7 kg volume=1.21 m^3 debris=0 peakUtil=5.34 crushSafetyFactor=0.1873 peak p=1.33e+06 Pa q=1.03e+07 Pa resistance=1.83e+06 J (5 impulses)
  crushed infill       2
  crushed material drywall-panel        2
destruction by authored role (chunks moved >= 0.5 m):
  column       chunks=24     detached=13     moved=8      fallen=7      maxDisp=9.01 m
  foundation   chunks=4      detached=0      moved=0      fallen=0      maxDisp=0.00 m
  infill       chunks=22     detached=15     moved=9      fallen=6      maxDisp=9.25 m
  slab         chunks=12     detached=8      moved=6      fallen=5      maxDisp=10.82 m

      Start 20: blast_stress_reference_building_crush_hard_impact
20/60 Test #20: blast_stress_reference_building_crush_hard_impact .......   Passed    0.15 sec
      Start 21: blast_stress_crush_wall_bite
21/60 Test #21: blast_stress_crush_wall_bite ............................***Failed    0.08 sec
crushed-fraction=0.0139 (min=0.0150 max=0.2000) valid=false
contract validation failed: mappings=true self-test-fractured=true continuity=true dynamic-destruction=true stable-before-impact=true authored-chunk-scale=true (216/0) realtime=true (all-misses=0 destruction-misses=0/480 max=1.150ms) damaged=1/1 moved-structures=0/1 falling-structures=0/1 moved=0 fallen=0 far=0 dynamic=2 supported=211/54 max-displacement=0.000 max-down=0.000
gravity load path (utilisation = peak stress / that bond's material elastic limit):
  wall~wall              block-wall             bonds=440    peakUtil=0.006524   safetyFactor=153.3      peak(c/t/s)=5.22e+04/0/0 Pa
  foundation~wall        footing-anchor         bonds=24     peakUtil=0.002485   safetyFactor=402.4      peak(c/t/s)=5.96e+04/0/0 Pa
Blast PhysX mini-city finished: mode=cpu gpu=inactive buildings=1 nodes=216 bodies=4 awake=2 splits=1 contacts=5207 drift=(1.85e-06,0) damage=(intact:0 partial:1 heavy:0 shattered:0) motion=(structures:0 falling:0 chunks:0 fallen:0 far:0 max:0.00 down:0.00) impacts=52 wall=0.067s rate=149.19x
chunk crushing: crushed=3 (1.39% of authored) mass=364.8 kg volume=0.19 m^3 debris=0 peakUtil=2.166 crushSafetyFactor=0.4618 peak p=1.91e+07 Pa q=5.79e+07 Pa resistance=4.35e+04 J (1 impulses)
  crushed wall         3
  crushed material block-wall           3
destruction by authored role (chunks moved >= 0.5 m):
  foundation   chunks=24     detached=0      moved=0      fallen=0      maxDisp=0.00 m
  wall         chunks=189    detached=2      moved=0      fallen=0      maxDisp=0.00 m

      Start 22: blast_stress_crush_wall_bond_only
22/60 Test #22: blast_stress_crush_wall_bond_only .......................   Passed    0.07 sec
      Start 23: blast_stress_crush_multi_structure_resim
23/60 Test #23: blast_stress_crush_multi_structure_resim ................   Passed    0.54 sec
      Start 24: blast_stress_destruction_quality
24/60 Test #24: blast_stress_destruction_quality ........................***Failed    0.05 sec
destruction quality test failed: a 500 kg glancing hit must not break a 59 t concrete frame — a structure that shatters on contact is the 'glass' failure mode
destruction quality (resim=1, unity contact gain):
  gravity only           splits=0    bodies=1   largest=64  standing=1.00 frag=0.02 resim=0    moved(infill/column/slab/foundation)=0/0/0/0
  glancing (500kg@12)    splits=5    bodies=9   largest=44  standing=0.69 frag=0.14 resim=4    moved(infill/column/slab/foundation)=0/0/0/0

      Start 25: blast_stress_scene_pack_conformance
25/60 Test #25: blast_stress_scene_pack_conformance .....................   Passed    0.00 sec
      Start 26: blast_stress_scene_pack
26/60 Test #26: blast_stress_scene_pack .................................   Passed    0.05 sec
      Start 27: blast_stress_node_mesh
27/60 Test #27: blast_stress_node_mesh ..................................   Passed    0.06 sec
      Start 28: blast_stress_gpu_crush_correction
28/60 Test #28: blast_stress_gpu_crush_correction .......................   Passed    1.51 sec
      Start 29: blast_stress_physx_direct_gpu_contacts
29/60 Test #29: blast_stress_physx_direct_gpu_contacts ..................   Passed    0.40 sec
      Start 30: blast_stress_gpu_lazy_readback
30/60 Test #30: blast_stress_gpu_lazy_readback ..........................   Passed    0.69 sec
      Start 31: blast_stress_gpu_lazy_cpu_observer
31/60 Test #31: blast_stress_gpu_lazy_cpu_observer ......................   Passed    0.58 sec
      Start 32: blast_stress_gpu_lazy_parallel_observer
32/60 Test #32: blast_stress_gpu_lazy_parallel_observer .................   Passed    0.61 sec
      Start 33: blast_stress_gpu_cpu_walk_preparation
33/60 Test #33: blast_stress_gpu_cpu_walk_preparation ...................   Passed    0.65 sec
      Start 34: blast_stress_gpu_quiet_load
34/60 Test #34: blast_stress_gpu_quiet_load .............................   Passed    0.18 sec
      Start 35: blast_stress_gpu_quiet_load_bond_space
35/60 Test #35: blast_stress_gpu_quiet_load_bond_space ..................   Passed    0.18 sec
      Start 36: blast_stress_gpu_quiet_load_deterministic
36/60 Test #36: blast_stress_gpu_quiet_load_deterministic ...............   Passed    0.18 sec
      Start 37: blast_stress_gpu_quiet_load_unrolled
37/60 Test #37: blast_stress_gpu_quiet_load_unrolled ....................   Passed    0.23 sec
      Start 38: physx_native_gpu_material
38/60 Test #38: physx_native_gpu_material ...............................   Passed    0.57 sec
      Start 39: physx_native_gpu_destruction
39/60 Test #39: physx_native_gpu_destruction ............................   Passed    1.03 sec
      Start 40: physx_persistent_shape_owner
40/60 Test #40: physx_persistent_shape_owner ............................   Passed    0.80 sec
      Start 41: physx_persistent_shape_owner_gpu_bounds
41/60 Test #41: physx_persistent_shape_owner_gpu_bounds .................   Passed    3.72 sec
      Start 42: physx_persistent_shape_owner_gpu_bounds_growth
42/60 Test #42: physx_persistent_shape_owner_gpu_bounds_growth ..........   Passed    0.47 sec
      Start 43: physx_persistent_shape_owner_host_pose_bounds
43/60 Test #43: physx_persistent_shape_owner_host_pose_bounds ...........   Passed    1.53 sec
      Start 44: physx_persistent_shape_owner_overflow
44/60 Test #44: physx_persistent_shape_owner_overflow ...................   Passed    0.49 sec
      Start 45: physx_persistent_shape_owner_overflow_split
45/60 Test #45: physx_persistent_shape_owner_overflow_split .............   Passed    0.49 sec
      Start 46: physx_native_gpu_body_state
46/60 Test #46: physx_native_gpu_body_state .............................   Passed    0.43 sec
      Start 47: physx_native_gpu_body_allocation
47/60 Test #47: physx_native_gpu_body_allocation ........................   Passed    2.73 sec
      Start 48: physx_native_gpu_collision_preparation
48/60 Test #48: physx_native_gpu_collision_preparation ..................   Passed    1.88 sec
      Start 49: physx_native_gpu_rigid_checkpoint
49/60 Test #49: physx_native_gpu_rigid_checkpoint .......................   Passed    2.97 sec
      Start 50: physx_native_gpu_correction_bodies
50/60 Test #50: physx_native_gpu_correction_bodies ......................   Passed    3.70 sec
      Start 51: physx_native_gpu_resimulation
51/60 Test #51: physx_native_gpu_resimulation ...........................   Passed    7.32 sec
      Start 52: physx_native_gpu_publication
52/60 Test #52: physx_native_gpu_publication ............................   Passed    1.51 sec
      Start 53: blast_stress_gpu_device_input
53/60 Test #53: blast_stress_gpu_device_input ...........................   Passed    0.19 sec
      Start 54: blast_stress_gpu_topology
54/60 Test #54: blast_stress_gpu_topology ...............................   Passed    0.25 sec
      Start 55: blast_stress_gpu_topology_deterministic
55/60 Test #55: blast_stress_gpu_topology_deterministic .................   Passed    0.24 sec
      Start 56: blast_stress_gpu_topology_jacobi
56/60 Test #56: blast_stress_gpu_topology_jacobi ........................   Passed    0.25 sec
      Start 57: blast_stress_gpu_topology_bond_space
57/60 Test #57: blast_stress_gpu_topology_bond_space ....................   Passed    0.23 sec
      Start 58: blast_stress_gpu_equivalence
58/60 Test #58: blast_stress_gpu_equivalence ............................   Passed    0.17 sec
      Start 59: destruction_gpu_topology
59/60 Test #59: destruction_gpu_topology ................................   Passed    0.28 sec
      Start 60: destruction_gpu_body_state
60/60 Test #60: destruction_gpu_body_state ..............................   Passed    0.17 sec

92% tests passed, 5 tests failed out of 60

Total Test time (real) =  53.44 sec

The following tests FAILED:
	  8 - blast_stress_load_path (Failed)
	 14 - blast_stress_reference_building_load_path (Failed)
	 19 - blast_stress_reference_building_crush_ordinary_impact (Failed)
	 21 - blast_stress_crush_wall_bite (Failed)
	 24 - blast_stress_destruction_quality (Failed)
Errors while running CTest
