Internal ctest changing into directory: /root/workspace/physx-2/out/destruction-sdk
Test project /root/workspace/physx-2/out/destruction-sdk
      Start  1: blast_stress_physx_cpu_contract
 1/33 Test  #1: blast_stress_physx_cpu_contract .........................   Passed    0.09 sec
      Start  2: blast_stress_physx_resim_penetration
 2/33 Test  #2: blast_stress_physx_resim_penetration ....................   Passed    0.13 sec
      Start  3: blast_stress_physx_resim_baseline
 3/33 Test  #3: blast_stress_physx_resim_baseline .......................   Passed    0.13 sec
      Start  4: blast_stress_physx_resim_snapshot
 4/33 Test  #4: blast_stress_physx_resim_snapshot .......................   Passed    0.01 sec
      Start  5: blast_stress_velocity_fidelity_cpu
 5/33 Test  #5: blast_stress_velocity_fidelity_cpu ......................   Passed    0.01 sec
      Start  6: blast_stress_velocity_fidelity_gpu
 6/33 Test  #6: blast_stress_velocity_fidelity_gpu ......................   Passed    0.39 sec
      Start  7: blast_stress_load_path
 7/33 Test  #7: blast_stress_load_path ..................................***Failed    0.01 sec
load path test failed: weak-material footing must fail under the same load and geometry
physics mode: cpu

      Start  8: blast_stress_physx_resim_punchthrough
 8/33 Test  #8: blast_stress_physx_resim_punchthrough ...................   Passed    0.01 sec
      Start  9: blast_stress_physx_resim_scoped_cascade
 9/33 Test  #9: blast_stress_physx_resim_scoped_cascade .................   Passed    0.12 sec
      Start 10: blast_stress_physx_direct_gpu_resim
10/33 Test #10: blast_stress_physx_direct_gpu_resim .....................   Passed    0.31 sec
      Start 11: blast_stress_physx_gpu_activity
11/33 Test #11: blast_stress_physx_gpu_activity .........................   Passed    9.70 sec
      Start 12: blast_stress_reference_building_load_path
12/33 Test #12: blast_stress_reference_building_load_path ...............***Failed    0.01 sec
blast_stress_demo: joint class 'infill~infill' has peak safety factor 1.165250 under self-weight, below the required 2.000000 (authored bond area is too small to carry gravity)
gravity load path (utilisation = peak stress / that bond's material elastic limit):
  infill~infill          drywall-panel          bonds=12     peakUtil=0.8582     safetyFactor=1.165      peak(c/t/s)=1.05e+05/1.03e+05/0 Pa
  column~infill          facade-clip            bonds=48     peakUtil=0.4148     safetyFactor=2.411      peak(c/t/s)=2.07e+05/2.73e+04/1.85e+05 Pa
  infill~slab            drywall-panel          bonds=24     peakUtil=0.3195     safetyFactor=3.13       peak(c/t/s)=1.41e+05/2.13e+04/1.44e+05 Pa
  column~column          reinforced-concrete    bonds=12     peakUtil=0.09572    safetyFactor=10.45      peak(c/t/s)=2.78e+05/2.34e+04/3.83e+05 Pa
  column~slab            reinforced-concrete    bonds=20     peakUtil=0.09572    safetyFactor=10.45      peak(c/t/s)=2.78e+05/2.34e+04/3.83e+05 Pa
  slab~slab              concrete-slab          bonds=12     peakUtil=0.06961    safetyFactor=14.36      peak(c/t/s)=8.1e+04/8.35e+03/1.11e+05 Pa
  column~foundation      footing-anchor         bonds=4      peakUtil=0.03444    safetyFactor=29.04      peak(c/t/s)=8.27e+05/0/8.54e+04 Pa

      Start 13: blast_stress_material_behavior
13/33 Test #13: blast_stress_material_behavior ..........................   Passed    0.04 sec
      Start 14: blast_stress_chunk_crush
14/33 Test #14: blast_stress_chunk_crush ................................   Passed    0.20 sec
      Start 15: blast_stress_scene_pack_v3
15/33 Test #15: blast_stress_scene_pack_v3 ..............................   Passed    0.00 sec
      Start 16: blast_stress_reference_building_crush_gravity
16/33 Test #16: blast_stress_reference_building_crush_gravity ...........   Passed    0.06 sec
      Start 17: blast_stress_reference_building_crush_ordinary_impact
17/33 Test #17: blast_stress_reference_building_crush_ordinary_impact ...   Passed    0.16 sec
      Start 18: blast_stress_reference_building_crush_hard_impact
18/33 Test #18: blast_stress_reference_building_crush_hard_impact .......   Passed    0.13 sec
      Start 19: blast_stress_crush_wall_bite
19/33 Test #19: blast_stress_crush_wall_bite ............................   Passed    0.07 sec
      Start 20: blast_stress_crush_wall_bond_only
20/33 Test #20: blast_stress_crush_wall_bond_only .......................   Passed    0.07 sec
      Start 21: blast_stress_crush_multi_structure_resim
21/33 Test #21: blast_stress_crush_multi_structure_resim ................   Passed    0.47 sec
      Start 22: blast_stress_destruction_quality
22/33 Test #22: blast_stress_destruction_quality ........................***Failed    0.05 sec
destruction quality test failed: a 500 kg glancing hit must not break a 59 t concrete frame — a structure that shatters on contact is the 'glass' failure mode
destruction quality (resim=1, unity contact gain):
  gravity only           splits=0    bodies=1   largest=64  standing=1.00 frag=0.02 resim=0    moved(infill/column/slab/foundation)=0/0/0/0
  glancing (500kg@12)    splits=5    bodies=9   largest=44  standing=0.69 frag=0.14 resim=4    moved(infill/column/slab/foundation)=0/0/0/0

      Start 23: blast_stress_scene_pack_conformance
23/33 Test #23: blast_stress_scene_pack_conformance .....................   Passed    0.00 sec
      Start 24: blast_stress_scene_pack
24/33 Test #24: blast_stress_scene_pack .................................   Passed    0.05 sec
      Start 25: blast_stress_node_mesh
25/33 Test #25: blast_stress_node_mesh ..................................   Passed    0.06 sec
      Start 26: blast_stress_physx_direct_gpu_contacts
26/33 Test #26: blast_stress_physx_direct_gpu_contacts ..................   Passed    0.34 sec
      Start 27: blast_stress_gpu_lazy_readback
27/33 Test #27: blast_stress_gpu_lazy_readback ..........................   Passed    0.59 sec
      Start 28: blast_stress_gpu_lazy_cpu_observer
28/33 Test #28: blast_stress_gpu_lazy_cpu_observer ......................   Passed    0.57 sec
      Start 29: blast_stress_gpu_lazy_parallel_observer
29/33 Test #29: blast_stress_gpu_lazy_parallel_observer .................   Passed    0.62 sec
      Start 30: blast_stress_gpu_cpu_walk_preparation
30/33 Test #30: blast_stress_gpu_cpu_walk_preparation ...................   Passed    0.62 sec
      Start 31: blast_stress_gpu_device_input
31/33 Test #31: blast_stress_gpu_device_input ...........................   Passed    0.17 sec
      Start 32: blast_stress_gpu_equivalence
32/33 Test #32: blast_stress_gpu_equivalence ............................   Passed    0.16 sec
      Start 33: destruction_gpu_topology
33/33 Test #33: destruction_gpu_topology ................................   Passed    0.18 sec

91% tests passed, 3 tests failed out of 33

Total Test time (real) =  15.55 sec

The following tests FAILED:
	  7 - blast_stress_load_path (Failed)
	 12 - blast_stress_reference_building_load_path (Failed)
	 22 - blast_stress_destruction_quality (Failed)
Errors while running CTest
