========= COMPUTE-SANITIZER
START GPU hierarchy: nodes=0 bonds=0
coarse factor full-basis check: nodes=0 bonds=0 max scaled error=0
coarse factor full-basis check: nodes=0 bonds=0 max scaled error=0
GPU hierarchy: nodes=0 bonds=0 final aggregates=0 rounds=1 transitions=2 passed
START GPU hierarchy: nodes=1 bonds=0
coarse factor full-basis check: nodes=1 bonds=0 max scaled error=0
coarse factor full-basis check: nodes=1 bonds=0 max scaled error=0
GPU hierarchy: nodes=1 bonds=0 final aggregates=1 rounds=1 transitions=2 passed
START GPU hierarchy: nodes=24 bonds=33
coarse factor full-basis check: nodes=24 bonds=33 max scaled error=0
coarse factor full-basis check: nodes=24 bonds=33 max scaled error=0
coarse factor full-basis check: nodes=24 bonds=33 max scaled error=0
coarse factor full-basis check: nodes=24 bonds=33 max scaled error=0
coarse factor full-basis check: nodes=24 bonds=33 max scaled error=0
coarse factor full-basis check: nodes=24 bonds=33 max scaled error=0
GPU hierarchy: nodes=24 bonds=33 final aggregates=8 rounds=3 transitions=6 passed
START GPU hierarchy: nodes=2 bonds=1
coarse factor full-basis check: nodes=2 bonds=1 max scaled error=0
coarse factor full-basis check: nodes=2 bonds=1 max scaled error=0
coarse factor full-basis check: nodes=2 bonds=1 max scaled error=0
coarse factor full-basis check: nodes=2 bonds=1 max scaled error=0
coarse factor full-basis check: nodes=2 bonds=1 max scaled error=0
coarse factor full-basis check: nodes=2 bonds=1 max scaled error=0
GPU hierarchy: nodes=2 bonds=1 final aggregates=1 rounds=1 transitions=6 passed
START GPU hierarchy: nodes=257 bonds=256
GPU hierarchy: nodes=257 bonds=256 final aggregates=1 rounds=1 transitions=2 passed
START GPU hierarchy: nodes=4 bonds=3
coarse factor full-basis check: nodes=4 bonds=3 max scaled error=0
coarse factor full-basis check: nodes=4 bonds=3 max scaled error=0
coarse factor full-basis check: nodes=4 bonds=3 max scaled error=0
coarse factor full-basis check: nodes=4 bonds=3 max scaled error=0
coarse factor full-basis check: nodes=4 bonds=3 max scaled error=0
coarse factor full-basis check: nodes=4 bonds=3 max scaled error=0
GPU hierarchy: nodes=4 bonds=3 final aggregates=0 rounds=1 transitions=6 passed
START GPU hierarchy: nodes=129 bonds=121
GPU hierarchy: nodes=129 bonds=121 final aggregates=56 rounds=2 transitions=6 passed
START GPU hierarchy: nodes=100000 bonds=199997
GPU hierarchy: nodes=100000 bonds=199997 final aggregates=27321 rounds=3 transitions=6 passed
========= RACECHECK SUMMARY: 0 hazards displayed (0 errors, 0 warnings)
