[  0%] Built target PhysXTask
[  5%] Built target PhysXFoundation
[  8%] Built target LowLevel
[ 12%] Built target LowLevelAABB
[ 17%] Built target LowLevelDynamics
[ 19%] Built target SceneQuery
[ 71%] Built target PhysXCommon
[ 73%] Building CXX object sdk_source_bin/CMakeFiles/SimulationController.dir/root/workspace/physx-2/physx/source/simulationcontroller/src/ScPipeline.cpp.o
[ 85%] Built target SimulationController
[ 87%] Built target PhysXPvdSDK
[ 87%] Linking CXX static library /root/workspace/physx-2/out/vibe-committed-changes-20260908/sdk/physx/bin/linux.x86_64/release/libPhysX_static_64.a
[100%] Built target PhysX
[  4%] Built target PhysXCommonGpu
[  4%] Built target PhysXDestructionGpuRuntime
[  9%] Built target PhysXBroadphaseGpu
[ 31%] Built target PhysXNarrowphaseGpu
[ 36%] Building CXX object sdk_gpu_source_bin/CMakeFiles/PhysXSolverGpu.dir/root/workspace/physx-2/physx/source/gpusolver/src/PxgConstraintPartition.cpp.o
[ 36%] Built target PhysXCudaContextManager
[ 68%] Built target PhysXSimulationControllerGpu
[ 86%] Built target PhysXGpuDependencies
[ 90%] Built target PhysXArticulationGpu
[ 90%] Linking CXX static library /root/workspace/physx-2/out/vibe-committed-changes-20260908/sdk/physx/bin/linux.x86_64/release/libPhysXSolverGpu_static_64.a
[100%] Built target PhysXSolverGpu
[100%] Linking CXX shared library /root/workspace/physx-2/out/vibe-committed-changes-20260908/sdk/physx/bin/linux.x86_64/release/libPhysXGpuActivity_64.so
[100%] Built target PhysXGpu
