[  0%] Built target PhysXTask
[  5%] Built target PhysXFoundation
[  8%] Built target LowLevel
[ 12%] Built target LowLevelAABB
[ 14%] Built target SceneQuery
[ 19%] Built target LowLevelDynamics
[ 71%] Built target PhysXCommon
[ 73%] Building CXX object sdk_source_bin/CMakeFiles/SimulationController.dir/root/workspace/physx-2/physx/source/simulationcontroller/src/ScPipeline.cpp.o
[ 85%] Built target SimulationController
[ 87%] Built target PhysXPvdSDK
[ 87%] Building CXX object sdk_source_bin/CMakeFiles/PhysX.dir/root/workspace/physx-2/physx/source/physx/src/NpDeformableAttachment.cpp.o
[ 89%] Building CXX object sdk_source_bin/CMakeFiles/PhysX.dir/root/workspace/physx-2/physx/source/physx/src/NpActor.cpp.o
[ 89%] Building CXX object sdk_source_bin/CMakeFiles/PhysX.dir/root/workspace/physx-2/physx/source/physx/src/NpAggregate.cpp.o
[ 89%] Building CXX object sdk_source_bin/CMakeFiles/PhysX.dir/root/workspace/physx-2/physx/source/physx/src/NpDeformableElementFilter.cpp.o
[ 89%] Building CXX object sdk_source_bin/CMakeFiles/PhysX.dir/root/workspace/physx-2/physx/source/physx/src/NpDeformableSurface.cpp.o
[ 89%] Building CXX object sdk_source_bin/CMakeFiles/PhysX.dir/root/workspace/physx-2/physx/source/physx/src/NpDeformableVolume.cpp.o
[ 91%] Building CXX object sdk_source_bin/CMakeFiles/PhysX.dir/root/workspace/physx-2/physx/source/physx/src/NpPBDParticleSystem.cpp.o
[ 91%] Building CXX object sdk_source_bin/CMakeFiles/PhysX.dir/root/workspace/physx-2/physx/source/physx/src/NpParticleBuffer.cpp.o
[ 91%] Building CXX object sdk_source_bin/CMakeFiles/PhysX.dir/root/workspace/physx-2/physx/source/physx/src/NpConstraint.cpp.o
[ 91%] Building CXX object sdk_source_bin/CMakeFiles/PhysX.dir/root/workspace/physx-2/physx/source/physx/src/NpFactory.cpp.o
[ 91%] Building CXX object sdk_source_bin/CMakeFiles/PhysX.dir/root/workspace/physx-2/physx/source/physx/src/NpPhysics.cpp.o
[ 91%] Building CXX object sdk_source_bin/CMakeFiles/PhysX.dir/root/workspace/physx-2/physx/source/physx/src/NpBounds.cpp.o
[ 92%] Building CXX object sdk_source_bin/CMakeFiles/PhysX.dir/root/workspace/physx-2/physx/source/physx/src/NpPruningStructure.cpp.o
[ 92%] Building CXX object sdk_source_bin/CMakeFiles/PhysX.dir/root/workspace/physx-2/physx/source/physx/src/NpCheck.cpp.o
[ 92%] Building CXX object sdk_source_bin/CMakeFiles/PhysX.dir/root/workspace/physx-2/physx/source/physx/src/NpRigidDynamic.cpp.o
[ 92%] Building CXX object sdk_source_bin/CMakeFiles/PhysX.dir/root/workspace/physx-2/physx/source/physx/src/NpRigidStatic.cpp.o
[ 92%] Building CXX object sdk_source_bin/CMakeFiles/PhysX.dir/root/workspace/physx-2/physx/source/physx/src/NpScene.cpp.o
[ 92%] Building CXX object sdk_source_bin/CMakeFiles/PhysX.dir/root/workspace/physx-2/physx/source/physx/src/NpSceneFetchResults.cpp.o
[ 92%] Building CXX object sdk_source_bin/CMakeFiles/PhysX.dir/root/workspace/physx-2/physx/source/physx/src/NpSceneQueries.cpp.o
[ 94%] Building CXX object sdk_source_bin/CMakeFiles/PhysX.dir/root/workspace/physx-2/physx/source/physx/src/NpSerializerAdapter.cpp.o
[ 94%] Building CXX object sdk_source_bin/CMakeFiles/PhysX.dir/root/workspace/physx-2/physx/source/physx/src/NpShape.cpp.o
[ 94%] Building CXX object sdk_source_bin/CMakeFiles/PhysX.dir/root/workspace/physx-2/physx/source/physx/src/NpShapeManager.cpp.o
[ 94%] Building CXX object sdk_source_bin/CMakeFiles/PhysX.dir/root/workspace/physx-2/physx/source/physx/src/NpDebugViz.cpp.o
[ 94%] Building CXX object sdk_source_bin/CMakeFiles/PhysX.dir/root/workspace/physx-2/physx/source/physx/src/NpDirectGPUAPI.cpp.o
[ 94%] Building CXX object sdk_source_bin/CMakeFiles/PhysX.dir/root/workspace/physx-2/physx/source/immediatemode/src/NpImmediateMode.cpp.o
[ 96%] Building CXX object sdk_source_bin/CMakeFiles/PhysX.dir/root/workspace/physx-2/physx/source/physx/src/NpMaterial.cpp.o
[ 96%] Building CXX object sdk_source_bin/CMakeFiles/PhysX.dir/root/workspace/physx-2/physx/source/physx/src/NpDeformableSurfaceMaterial.cpp.o
[ 96%] Building CXX object sdk_source_bin/CMakeFiles/PhysX.dir/root/workspace/physx-2/physx/source/physx/src/NpDeformableVolumeMaterial.cpp.o
[ 96%] Building CXX object sdk_source_bin/CMakeFiles/PhysX.dir/root/workspace/physx-2/physx/source/physx/src/NpPBDMaterial.cpp.o
[ 96%] Building CXX object sdk_source_bin/CMakeFiles/PhysX.dir/root/workspace/physx-2/physx/source/physx/src/NpArticulationReducedCoordinate.cpp.o
[ 96%] Building CXX object sdk_source_bin/CMakeFiles/PhysX.dir/root/workspace/physx-2/physx/source/physx/src/NpArticulationJointReducedCoordinate.cpp.o
[ 96%] Building CXX object sdk_source_bin/CMakeFiles/PhysX.dir/root/workspace/physx-2/physx/source/physx/src/NpArticulationLink.cpp.o
[ 98%] Building CXX object sdk_source_bin/CMakeFiles/PhysX.dir/root/workspace/physx-2/physx/source/physx/src/NpArticulationTendon.cpp.o
[ 98%] Building CXX object sdk_source_bin/CMakeFiles/PhysX.dir/root/workspace/physx-2/physx/source/physx/src/NpArticulationMimicJoint.cpp.o
[ 98%] Linking CXX static library /root/workspace/physx-2/out/vibe-committed-changes-20260908/sdk/physx/bin/linux.x86_64/release/libPhysX_static_64.a
[100%] Built target PhysX
[  4%] Built target PhysXCommonGpu
[  4%] Built target PhysXDestructionGpuRuntime
[  4%] Building CXX object sdk_gpu_source_bin/CMakeFiles/PhysXBroadphaseGpu.dir/root/workspace/physx-2/physx/source/gpubroadphase/src/PxgCudaBroadPhaseSap.cpp.o
[  4%] Building CXX object sdk_gpu_source_bin/CMakeFiles/PhysXNarrowphaseGpu.dir/root/workspace/physx-2/physx/source/gpunarrowphase/src/PxgNarrowphaseCore.cpp.o
[  4%] Building CXX object sdk_gpu_source_bin/CMakeFiles/PhysXSimulationControllerGpu.dir/root/workspace/physx-2/physx/source/gpusimulationcontroller/src/PxgSimulationCore.cpp.o
[  4%] Linking CXX static library /root/workspace/physx-2/out/vibe-committed-changes-20260908/sdk/physx/bin/linux.x86_64/release/libPhysXBroadphaseGpu_static_64.a
[  9%] Built target PhysXBroadphaseGpu
[ 13%] Building CXX object sdk_gpu_source_bin/CMakeFiles/PhysXSolverGpu.dir/root/workspace/physx-2/physx/source/gpusolver/src/PxgConstraintPartition.cpp.o
[ 18%] Building CXX object sdk_gpu_source_bin/CMakeFiles/PhysXSimulationControllerGpu.dir/root/workspace/physx-2/physx/source/gpusimulationcontroller/src/PxgSimulationController.cpp.o
[ 18%] Building CXX object sdk_gpu_source_bin/CMakeFiles/PhysXSolverGpu.dir/root/workspace/physx-2/physx/source/gpusolver/src/PxgCudaSolverCore.cpp.o
[ 18%] Building CXX object sdk_gpu_source_bin/CMakeFiles/PhysXNarrowphaseGpu.dir/root/workspace/physx-2/physx/source/gpunarrowphase/src/PxgNphaseImplementationContext.cpp.o
[ 18%] Building CXX object sdk_gpu_source_bin/CMakeFiles/PhysXSolverGpu.dir/root/workspace/physx-2/physx/source/gpusolver/src/PxgTGSCudaSolverCore.cpp.o
[ 22%] Linking CXX static library /root/workspace/physx-2/out/vibe-committed-changes-20260908/sdk/physx/bin/linux.x86_64/release/libPhysXNarrowphaseGpu_static_64.a
[ 22%] Building CXX object sdk_gpu_source_bin/CMakeFiles/PhysXSimulationControllerGpu.dir/root/workspace/physx-2/physx/source/gpusimulationcontroller/src/PxgParticleSystemCore.cpp.o
[ 22%] Building CXX object sdk_gpu_source_bin/CMakeFiles/PhysXSolverGpu.dir/root/workspace/physx-2/physx/source/gpusolver/src/PxgSolverCore.cpp.o
[ 40%] Built target PhysXNarrowphaseGpu
[ 40%] Built target PhysXCudaContextManager
[ 40%] Building CXX object sdk_gpu_source_bin/CMakeFiles/PhysXArticulationGpu.dir/root/workspace/physx-2/physx/source/gpuarticulation/src/PxgArticulationCore.cpp.o
[ 40%] Building CXX object sdk_gpu_source_bin/CMakeFiles/PhysXSolverGpu.dir/root/workspace/physx-2/physx/source/gpusolver/src/PxgDynamicsContext.cpp.o
[ 40%] Building CXX object sdk_gpu_source_bin/CMakeFiles/PhysXSimulationControllerGpu.dir/root/workspace/physx-2/physx/source/gpusimulationcontroller/src/PxgPBDParticleSystemCore.cpp.o
[ 40%] Building CXX object sdk_gpu_source_bin/CMakeFiles/PhysXSolverGpu.dir/root/workspace/physx-2/physx/source/gpusolver/src/PxgTGSDynamicsContext.cpp.o
[ 40%] Linking CXX static library /root/workspace/physx-2/out/vibe-committed-changes-20260908/sdk/physx/bin/linux.x86_64/release/libPhysXArticulationGpu_static_64.a
[ 45%] Built target PhysXArticulationGpu
[ 63%] Built target PhysXGpuDependencies
[ 68%] Building CXX object sdk_gpu_source_bin/CMakeFiles/PhysXSolverGpu.dir/root/workspace/physx-2/physx/source/gpusolver/src/PxgContext.cpp.o
[ 68%] Building CXX object sdk_gpu_source_bin/CMakeFiles/PhysXSimulationControllerGpu.dir/root/workspace/physx-2/physx/source/gpusimulationcontroller/src/PxgSoftBodyCore.cpp.o
[ 68%] Building CXX object sdk_gpu_source_bin/CMakeFiles/PhysXSimulationControllerGpu.dir/root/workspace/physx-2/physx/source/gpusimulationcontroller/src/PxgFEMClothCore.cpp.o
[ 68%] Building CXX object sdk_gpu_source_bin/CMakeFiles/PhysXSimulationControllerGpu.dir/root/workspace/physx-2/physx/source/gpusimulationcontroller/src/PxgFEMCore.cpp.o
[ 68%] Linking CXX static library /root/workspace/physx-2/out/vibe-committed-changes-20260908/sdk/physx/bin/linux.x86_64/release/libPhysXSolverGpu_static_64.a
[ 72%] Built target PhysXSolverGpu
[ 77%] Linking CXX static library /root/workspace/physx-2/out/vibe-committed-changes-20260908/sdk/physx/bin/linux.x86_64/release/libPhysXSimulationControllerGpu_static_64.a
[100%] Built target PhysXSimulationControllerGpu
[100%] Building CXX object sdk_gpu_source_bin/CMakeFiles/PhysXGpu.dir/root/workspace/physx-2/physx/source/physxgpu/src/PxgPhysXGpu.cpp.o
[100%] Linking CXX shared library /root/workspace/physx-2/out/vibe-committed-changes-20260908/sdk/physx/bin/linux.x86_64/release/libPhysXGpuActivity_64.so
[100%] Built target PhysXGpu
