OWNER_INVALID i=0 old=1 gpu=1 new=2 gen=2 refs=3,1 wanted=1,3 bytes=1216 pointers=0x78c05e04a180,(nil),0x78c05e011000,0x78c05e04a280 reserved=0
[PhysX:32] Native GPU contact graph construction failed; simulation is incomplete. (/root/workspace/physx-2/physx/source/gpusimulationcontroller/src/PxgSimulationController.cpp:748)
[PhysX:32] PhysX Internal CUDA error. Simulation cannot continue! Error code 2!
 (/root/workspace/physx-2/physx/source/physx/src/NpScene.cpp:3132)
[PhysX:64] PhysX failed to allocate GPU memory - aborting simulation. (/root/workspace/physx-2/physx/source/physx/src/NpScene.cpp:3137)
standard sleeping=1 step=6 complete=0 error=2 destruction=8 breaks=1 corrections=0
[PhysX:2] PxgCudaDeviceMemoryDeallocate fail to deallocate memory!! Result = 719
 (/root/workspace/physx-2/physx/source/gpucommon/src/PxgCudaMemoryAllocator.cpp:191)
[PhysX:32] Failed to unload CUDA module data, returned 719. (/root/workspace/physx-2/physx/source/cudamanager/src/CudaContextManager.cpp:776)
[PhysX:32] Failed to unload CUDA module data, returned 719. (/root/workspace/physx-2/physx/source/cudamanager/src/CudaContextManager.cpp:776)
[PhysX:32] Failed to unload CUDA module data, returned 719. (/root/workspace/physx-2/physx/source/cudamanager/src/CudaContextManager.cpp:776)
[PhysX:32] Failed to unload CUDA module data, returned 719. (/root/workspace/physx-2/physx/source/cudamanager/src/CudaContextManager.cpp:776)
[PhysX:32] Failed to unload CUDA module data, returned 719. (/root/workspace/physx-2/physx/source/cudamanager/src/CudaContextManager.cpp:776)
[PhysX:32] Failed to unload CUDA module data, returned 719. (/root/workspace/physx-2/physx/source/cudamanager/src/CudaContextManager.cpp:776)
[PhysX:32] Failed to unload CUDA module data, returned 719. (/root/workspace/physx-2/physx/source/cudamanager/src/CudaContextManager.cpp:776)
[PhysX:32] Failed to unload CUDA module data, returned 719. (/root/workspace/physx-2/physx/source/cudamanager/src/CudaContextManager.cpp:776)
[PhysX:32] Failed to unload CUDA module data, returned 719. (/root/workspace/physx-2/physx/source/cudamanager/src/CudaContextManager.cpp:776)
[PhysX:32] Failed to unload CUDA module data, returned 719. (/root/workspace/physx-2/physx/source/cudamanager/src/CudaContextManager.cpp:776)
[PhysX:32] Failed to unload CUDA module data, returned 719. (/root/workspace/physx-2/physx/source/cudamanager/src/CudaContextManager.cpp:776)
[PhysX:32] Failed to unload CUDA module data, returned 719. (/root/workspace/physx-2/physx/source/cudamanager/src/CudaContextManager.cpp:776)
[PhysX:32] Failed to unload CUDA module data, returned 719. (/root/workspace/physx-2/physx/source/cudamanager/src/CudaContextManager.cpp:776)
[PhysX:32] Failed to unload CUDA module data, returned 719. (/root/workspace/physx-2/physx/source/cudamanager/src/CudaContextManager.cpp:776)
[PhysX:32] Failed to unload CUDA module data, returned 719. (/root/workspace/physx-2/physx/source/cudamanager/src/CudaContextManager.cpp:776)
[PhysX:32] Failed to unload CUDA module data, returned 719. (/root/workspace/physx-2/physx/source/cudamanager/src/CudaContextManager.cpp:776)
[PhysX:32] Failed to unload CUDA module data, returned 719. (/root/workspace/physx-2/physx/source/cudamanager/src/CudaContextManager.cpp:776)
[PhysX:32] Failed to unload CUDA module data, returned 719. (/root/workspace/physx-2/physx/source/cudamanager/src/CudaContextManager.cpp:776)
[PhysX:32] Failed to unload CUDA module data, returned 719. (/root/workspace/physx-2/physx/source/cudamanager/src/CudaContextManager.cpp:776)
[PhysX:32] Failed to unload CUDA module data, returned 719. (/root/workspace/physx-2/physx/source/cudamanager/src/CudaContextManager.cpp:776)
[PhysX:32] Failed to unload CUDA module data, returned 719. (/root/workspace/physx-2/physx/source/cudamanager/src/CudaContextManager.cpp:776)
[PhysX:32] Failed to unload CUDA module data, returned 719. (/root/workspace/physx-2/physx/source/cudamanager/src/CudaContextManager.cpp:776)
[PhysX:32] Failed to unload CUDA module data, returned 719. (/root/workspace/physx-2/physx/source/cudamanager/src/CudaContextManager.cpp:776)
[PhysX:32] Failed to unload CUDA module data, returned 719. (/root/workspace/physx-2/physx/source/cudamanager/src/CudaContextManager.cpp:776)
[PhysX:32] Failed to unload CUDA module data, returned 719. (/root/workspace/physx-2/physx/source/cudamanager/src/CudaContextManager.cpp:776)
[PhysX:32] Failed to unload CUDA module data, returned 719. (/root/workspace/physx-2/physx/source/cudamanager/src/CudaContextManager.cpp:776)
[PhysX:32] Failed to unload CUDA module data, returned 719. (/root/workspace/physx-2/physx/source/cudamanager/src/CudaContextManager.cpp:776)
[PhysX:32] Failed to unload CUDA module data, returned 719. (/root/workspace/physx-2/physx/source/cudamanager/src/CudaContextManager.cpp:776)
[PhysX:32] Failed to unload CUDA module data, returned 719. (/root/workspace/physx-2/physx/source/cudamanager/src/CudaContextManager.cpp:776)
[PhysX:32] Failed to unload CUDA module data, returned 719. (/root/workspace/physx-2/physx/source/cudamanager/src/CudaContextManager.cpp:776)
[PhysX:32] Failed to unload CUDA module data, returned 719. (/root/workspace/physx-2/physx/source/cudamanager/src/CudaContextManager.cpp:776)
[PhysX:32] Failed to unload CUDA module data, returned 719. (/root/workspace/physx-2/physx/source/cudamanager/src/CudaContextManager.cpp:776)
[PhysX:32] Failed to unload CUDA module data, returned 719. (/root/workspace/physx-2/physx/source/cudamanager/src/CudaContextManager.cpp:776)
[PhysX:32] Failed to unload CUDA module data, returned 719. (/root/workspace/physx-2/physx/source/cudamanager/src/CudaContextManager.cpp:776)
[PhysX:32] Failed to unload CUDA module data, returned 719. (/root/workspace/physx-2/physx/source/cudamanager/src/CudaContextManager.cpp:776)
[PhysX:32] Failed to unload CUDA module data, returned 719. (/root/workspace/physx-2/physx/source/cudamanager/src/CudaContextManager.cpp:776)
[PhysX:32] Failed to unload CUDA module data, returned 719. (/root/workspace/physx-2/physx/source/cudamanager/src/CudaContextManager.cpp:776)
[PhysX:32] Failed to unload CUDA module data, returned 719. (/root/workspace/physx-2/physx/source/cudamanager/src/CudaContextManager.cpp:776)
[PhysX:32] Failed to unload CUDA module data, returned 719. (/root/workspace/physx-2/physx/source/cudamanager/src/CudaContextManager.cpp:776)
[PhysX:32] Failed to unload CUDA module data, returned 719. (/root/workspace/physx-2/physx/source/cudamanager/src/CudaContextManager.cpp:776)
[PhysX:32] Failed to unload CUDA module data, returned 719. (/root/workspace/physx-2/physx/source/cudamanager/src/CudaContextManager.cpp:776)
[PhysX:32] Failed to unload CUDA module data, returned 719. (/root/workspace/physx-2/physx/source/cudamanager/src/CudaContextManager.cpp:776)
[PhysX:32] Failed to unload CUDA module data, returned 719. (/root/workspace/physx-2/physx/source/cudamanager/src/CudaContextManager.cpp:776)
[PhysX:32] Failed to unload CUDA module data, returned 719. (/root/workspace/physx-2/physx/source/cudamanager/src/CudaContextManager.cpp:776)
[PhysX:32] Failed to unload CUDA module data, returned 719. (/root/workspace/physx-2/physx/source/cudamanager/src/CudaContextManager.cpp:776)
[PhysX:32] Failed to unload CUDA module data, returned 719. (/root/workspace/physx-2/physx/source/cudamanager/src/CudaContextManager.cpp:776)
[PhysX:32] Failed to unload CUDA module data, returned 719. (/root/workspace/physx-2/physx/source/cudamanager/src/CudaContextManager.cpp:776)
[PhysX:32] Failed to unload CUDA module data, returned 719. (/root/workspace/physx-2/physx/source/cudamanager/src/CudaContextManager.cpp:776)
[PhysX:32] Failed to unload CUDA module data, returned 719. (/root/workspace/physx-2/physx/source/cudamanager/src/CudaContextManager.cpp:776)
[PhysX:32] Failed to unload CUDA module data, returned 719. (/root/workspace/physx-2/physx/source/cudamanager/src/CudaContextManager.cpp:776)
[PhysX:32] Failed to unload CUDA module data, returned 719. (/root/workspace/physx-2/physx/source/cudamanager/src/CudaContextManager.cpp:776)
[PhysX:32] Failed to unload CUDA module data, returned 719. (/root/workspace/physx-2/physx/source/cudamanager/src/CudaContextManager.cpp:776)
[PhysX:32] Failed to unload CUDA module data, returned 719. (/root/workspace/physx-2/physx/source/cudamanager/src/CudaContextManager.cpp:776)
[PhysX:32] Failed to unload CUDA module data, returned 719. (/root/workspace/physx-2/physx/source/cudamanager/src/CudaContextManager.cpp:776)
[PhysX:32] Failed to unload CUDA module data, returned 719. (/root/workspace/physx-2/physx/source/cudamanager/src/CudaContextManager.cpp:776)
[PhysX:32] Failed to unload CUDA module data, returned 719. (/root/workspace/physx-2/physx/source/cudamanager/src/CudaContextManager.cpp:776)
[PhysX:32] Failed to unload CUDA module data, returned 719. (/root/workspace/physx-2/physx/source/cudamanager/src/CudaContextManager.cpp:776)
[PhysX:32] Failed to unload CUDA module data, returned 719. (/root/workspace/physx-2/physx/source/cudamanager/src/CudaContextManager.cpp:776)
[PhysX:32] Failed to unload CUDA module data, returned 719. (/root/workspace/physx-2/physx/source/cudamanager/src/CudaContextManager.cpp:776)
[PhysX:32] Failed to unload CUDA module data, returned 719. (/root/workspace/physx-2/physx/source/cudamanager/src/CudaContextManager.cpp:776)
[PhysX:32] Failed to unload CUDA module data, returned 719. (/root/workspace/physx-2/physx/source/cudamanager/src/CudaContextManager.cpp:776)
native_standard_scene_test: standard scene rejected correction
