Start testing: Sep 07 16:44 UTC
----------------------------------------------------------
83/127 Testing: blast_stress_gpu_resident_hierarchy
83/127 Test: blast_stress_gpu_resident_hierarchy
Command: "/root/workspace/physx-2/out/destruction-sdk/reference/gpu_resident_hierarchy_test"
Directory: /root/workspace/physx-2/out/destruction-sdk/reference
"blast_stress_gpu_resident_hierarchy" start time: Sep 07 16:44 UTC
Output:
----------------------------------------------------------
START fixture=empty nodes=0 bonds=0
START GPU hierarchy: nodes=0 bonds=0
coarse factor full-basis check: nodes=0 bonds=0 max scaled error=0
recursive GPU level=1 source nodes=0 bonds=0 packed nodes=0 bonds=0 aggregates=0 passed
coarse factor full-basis check: nodes=0 bonds=0 max scaled error=0
recursive GPU level=2 source nodes=0 bonds=0 packed nodes=0 bonds=0 aggregates=0 passed
coarse factor full-basis check: nodes=0 bonds=0 max scaled error=0
recursive GPU level=3 source nodes=0 bonds=0 packed nodes=0 bonds=0 aggregates=0 passed
coarse factor full-basis check: nodes=0 bonds=0 max scaled error=0
coarse factor full-basis check: nodes=0 bonds=0 max scaled error=0
recursive GPU level=1 source nodes=0 bonds=0 packed nodes=0 bonds=0 aggregates=0 passed
coarse factor full-basis check: nodes=0 bonds=0 max scaled error=0
recursive GPU level=2 source nodes=0 bonds=0 packed nodes=0 bonds=0 aggregates=0 passed
coarse factor full-basis check: nodes=0 bonds=0 max scaled error=0
recursive GPU level=3 source nodes=0 bonds=0 packed nodes=0 bonds=0 aggregates=0 passed
coarse factor full-basis check: nodes=0 bonds=0 max scaled error=0
GPU hierarchy: nodes=0 bonds=0 final aggregates=0 rounds=1 transitions=2 passed
START fixture=singleton nodes=1 bonds=0
START GPU hierarchy: nodes=1 bonds=0
resident P/PT/coarse operator: nodes=1 bonds=0 max scaled error=0 passed
coarse factor full-basis check: nodes=1 bonds=0 max scaled error=0
recursive GPU level=1 source nodes=1 bonds=0 packed nodes=0 bonds=0 aggregates=0 passed
coarse factor full-basis check: nodes=1 bonds=0 max scaled error=0
recursive GPU level=2 source nodes=1 bonds=0 packed nodes=0 bonds=0 aggregates=0 passed
coarse factor full-basis check: nodes=1 bonds=0 max scaled error=0
recursive GPU level=3 source nodes=1 bonds=0 packed nodes=0 bonds=0 aggregates=0 passed
coarse factor full-basis check: nodes=1 bonds=0 max scaled error=0
resident P/PT/coarse operator: nodes=1 bonds=0 max scaled error=0 passed
coarse factor full-basis check: nodes=1 bonds=0 max scaled error=0
recursive GPU level=1 source nodes=1 bonds=0 packed nodes=0 bonds=0 aggregates=0 passed
coarse factor full-basis check: nodes=1 bonds=0 max scaled error=0
recursive GPU level=2 source nodes=1 bonds=0 packed nodes=0 bonds=0 aggregates=0 passed
coarse factor full-basis check: nodes=1 bonds=0 max scaled error=0
recursive GPU level=3 source nodes=1 bonds=0 packed nodes=0 bonds=0 aggregates=0 passed
coarse factor full-basis check: nodes=1 bonds=0 max scaled error=0
GPU hierarchy: nodes=1 bonds=0 final aggregates=1 rounds=1 transitions=2 passed
START fixture=isolated nodes=256 bonds=0
START GPU hierarchy: nodes=256 bonds=0
resident P/PT/coarse operator: nodes=256 bonds=0 max scaled error=1.9e-16 passed
recursive GPU level=1 source nodes=256 bonds=0 packed nodes=0 bonds=0 aggregates=0 passed
recursive GPU level=2 source nodes=256 bonds=0 packed nodes=0 bonds=0 aggregates=0 passed
recursive GPU level=3 source nodes=256 bonds=0 packed nodes=0 bonds=0 aggregates=0 passed
resident P/PT/coarse operator: nodes=256 bonds=0 max scaled error=1.9e-16 passed
recursive GPU level=1 source nodes=256 bonds=0 packed nodes=0 bonds=0 aggregates=0 passed
recursive GPU level=2 source nodes=256 bonds=0 packed nodes=0 bonds=0 aggregates=0 passed
recursive GPU level=3 source nodes=256 bonds=0 packed nodes=0 bonds=0 aggregates=0 passed
GPU hierarchy: nodes=256 bonds=0 final aggregates=256 rounds=1 transitions=2 passed
START fixture=supported nodes=24 bonds=33
START GPU hierarchy: nodes=24 bonds=33
resident P/PT/coarse operator: nodes=24 bonds=33 max scaled error=1.99e-16 passed
coarse factor full-basis check: nodes=24 bonds=33 max scaled error=0
recursive GPU level=1 source nodes=24 bonds=33 packed nodes=8 bonds=14 aggregates=3 passed
coarse factor full-basis check: nodes=24 bonds=33 max scaled error=0
recursive GPU level=2 source nodes=24 bonds=33 packed nodes=3 bonds=5 aggregates=2 passed
coarse factor full-basis check: nodes=24 bonds=33 max scaled error=0
recursive GPU level=3 source nodes=24 bonds=33 packed nodes=2 bonds=4 aggregates=2 passed
coarse factor full-basis check: nodes=24 bonds=33 max scaled error=0
resident P/PT/coarse operator: nodes=24 bonds=33 max scaled error=1.99e-16 passed
coarse factor full-basis check: nodes=24 bonds=33 max scaled error=0
recursive GPU level=1 source nodes=24 bonds=33 packed nodes=8 bonds=14 aggregates=3 passed
coarse factor full-basis check: nodes=24 bonds=33 max scaled error=0
recursive GPU level=2 source nodes=24 bonds=33 packed nodes=3 bonds=5 aggregates=2 passed
coarse factor full-basis check: nodes=24 bonds=33 max scaled error=0
recursive GPU level=3 source nodes=24 bonds=33 packed nodes=2 bonds=4 aggregates=2 passed
coarse factor full-basis check: nodes=24 bonds=33 max scaled error=0
resident P/PT/coarse operator: nodes=24 bonds=33 max scaled error=3.68e-16 passed
coarse factor full-basis check: nodes=24 bonds=33 max scaled error=0
recursive GPU level=1 source nodes=24 bonds=33 packed nodes=11 bonds=10 aggregates=6 passed
coarse factor full-basis check: nodes=24 bonds=33 max scaled error=0
recursive GPU level=2 source nodes=24 bonds=33 packed nodes=3 bonds=4 aggregates=2 passed
coarse factor full-basis check: nodes=24 bonds=33 max scaled error=0
recursive GPU level=3 source nodes=24 bonds=33 packed nodes=2 bonds=3 aggregates=2 passed
coarse factor full-basis check: nodes=24 bonds=33 max scaled error=0
resident P/PT/coarse operator: nodes=24 bonds=33 max scaled error=3.68e-16 passed
coarse factor full-basis check: nodes=24 bonds=33 max scaled error=0
recursive GPU level=1 source nodes=24 bonds=33 packed nodes=11 bonds=10 aggregates=6 passed
coarse factor full-basis check: nodes=24 bonds=33 max scaled error=0
recursive GPU level=2 source nodes=24 bonds=33 packed nodes=3 bonds=4 aggregates=2 passed
coarse factor full-basis check: nodes=24 bonds=33 max scaled error=0
recursive GPU level=3 source nodes=24 bonds=33 packed nodes=2 bonds=3 aggregates=2 passed
coarse factor full-basis check: nodes=24 bonds=33 max scaled error=0
resident P/PT/coarse operator: nodes=24 bonds=33 max scaled error=1.59e-16 passed
coarse factor full-basis check: nodes=24 bonds=33 max scaled error=0
recursive GPU level=1 source nodes=24 bonds=33 packed nodes=0 bonds=0 aggregates=0 passed
coarse factor full-basis check: nodes=24 bonds=33 max scaled error=0
recursive GPU level=2 source nodes=24 bonds=33 packed nodes=0 bonds=0 aggregates=0 passed
coarse factor full-basis check: nodes=24 bonds=33 max scaled error=0
recursive GPU level=3 source nodes=24 bonds=33 packed nodes=0 bonds=0 aggregates=0 passed
coarse factor full-basis check: nodes=24 bonds=33 max scaled error=0
resident P/PT/coarse operator: nodes=24 bonds=33 max scaled error=1.99e-16 passed
coarse factor full-basis check: nodes=24 bonds=33 max scaled error=0
recursive GPU level=1 source nodes=24 bonds=33 packed nodes=8 bonds=14 aggregates=3 passed
coarse factor full-basis check: nodes=24 bonds=33 max scaled error=0
recursive GPU level=2 source nodes=24 bonds=33 packed nodes=3 bonds=5 aggregates=2 passed
coarse factor full-basis check: nodes=24 bonds=33 max scaled error=0
recursive GPU level=3 source nodes=24 bonds=33 packed nodes=2 bonds=4 aggregates=2 passed
coarse factor full-basis check: nodes=24 bonds=33 max scaled error=0
GPU hierarchy: nodes=24 bonds=33 final aggregates=8 rounds=3 transitions=6 passed
START fixture=path nodes=24 bonds=23
START GPU hierarchy: nodes=24 bonds=23
resident P/PT/coarse operator: nodes=24 bonds=23 max scaled error=3.33e-16 passed
coarse factor full-basis check: nodes=24 bonds=23 max scaled error=0
recursive GPU level=1 source nodes=24 bonds=23 packed nodes=10 bonds=9 aggregates=4 passed
coarse factor full-basis check: nodes=24 bonds=23 max scaled error=0
recursive GPU level=2 source nodes=24 bonds=23 packed nodes=4 bonds=3 aggregates=2 passed
coarse factor full-basis check: nodes=24 bonds=23 max scaled error=0
recursive GPU level=3 source nodes=24 bonds=23 packed nodes=2 bonds=1 aggregates=1 passed
coarse factor full-basis check: nodes=24 bonds=23 max scaled error=0
resident P/PT/coarse operator: nodes=24 bonds=23 max scaled error=3.33e-16 passed
coarse factor full-basis check: nodes=24 bonds=23 max scaled error=0
recursive GPU level=1 source nodes=24 bonds=23 packed nodes=10 bonds=9 aggregates=4 passed
coarse factor full-basis check: nodes=24 bonds=23 max scaled error=0
recursive GPU level=2 source nodes=24 bonds=23 packed nodes=4 bonds=3 aggregates=2 passed
coarse factor full-basis check: nodes=24 bonds=23 max scaled error=0
recursive GPU level=3 source nodes=24 bonds=23 packed nodes=2 bonds=1 aggregates=1 passed
coarse factor full-basis check: nodes=24 bonds=23 max scaled error=0
GPU hierarchy: nodes=24 bonds=23 final aggregates=10 rounds=3 transitions=2 passed
START fixture=self nodes=2 bonds=1
START GPU hierarchy: nodes=2 bonds=1
resident P/PT/coarse operator: nodes=2 bonds=1 max scaled error=4.44e-16 passed
coarse factor full-basis check: nodes=2 bonds=1 max scaled error=0
recursive GPU level=1 source nodes=2 bonds=1 packed nodes=1 bonds=1 aggregates=1 passed
coarse factor full-basis check: nodes=2 bonds=1 max scaled error=0
recursive GPU level=2 source nodes=2 bonds=1 packed nodes=1 bonds=1 aggregates=1 passed
coarse factor full-basis check: nodes=2 bonds=1 max scaled error=0
recursive GPU level=3 source nodes=2 bonds=1 packed nodes=1 bonds=1 aggregates=1 passed
coarse factor full-basis check: nodes=2 bonds=1 max scaled error=0
resident P/PT/coarse operator: nodes=2 bonds=1 max scaled error=4.44e-16 passed
coarse factor full-basis check: nodes=2 bonds=1 max scaled error=0
recursive GPU level=1 source nodes=2 bonds=1 packed nodes=1 bonds=1 aggregates=1 passed
coarse factor full-basis check: nodes=2 bonds=1 max scaled error=0
recursive GPU level=2 source nodes=2 bonds=1 packed nodes=1 bonds=1 aggregates=1 passed
coarse factor full-basis check: nodes=2 bonds=1 max scaled error=0
recursive GPU level=3 source nodes=2 bonds=1 packed nodes=1 bonds=1 aggregates=1 passed
coarse factor full-basis check: nodes=2 bonds=1 max scaled error=0
resident P/PT/coarse operator: nodes=2 bonds=1 max scaled error=1.59e-16 passed
coarse factor full-basis check: nodes=2 bonds=1 max scaled error=0
recursive GPU level=1 source nodes=2 bonds=1 packed nodes=0 bonds=0 aggregates=0 passed
coarse factor full-basis check: nodes=2 bonds=1 max scaled error=0
recursive GPU level=2 source nodes=2 bonds=1 packed nodes=0 bonds=0 aggregates=0 passed
coarse factor full-basis check: nodes=2 bonds=1 max scaled error=0
recursive GPU level=3 source nodes=2 bonds=1 packed nodes=0 bonds=0 aggregates=0 passed
coarse factor full-basis check: nodes=2 bonds=1 max scaled error=0
resident P/PT/coarse operator: nodes=2 bonds=1 max scaled error=1.59e-16 passed
coarse factor full-basis check: nodes=2 bonds=1 max scaled error=0
recursive GPU level=1 source nodes=2 bonds=1 packed nodes=0 bonds=0 aggregates=0 passed
coarse factor full-basis check: nodes=2 bonds=1 max scaled error=0
recursive GPU level=2 source nodes=2 bonds=1 packed nodes=0 bonds=0 aggregates=0 passed
coarse factor full-basis check: nodes=2 bonds=1 max scaled error=0
recursive GPU level=3 source nodes=2 bonds=1 packed nodes=0 bonds=0 aggregates=0 passed
coarse factor full-basis check: nodes=2 bonds=1 max scaled error=0
resident P/PT/coarse operator: nodes=2 bonds=1 max scaled error=1.59e-16 passed
coarse factor full-basis check: nodes=2 bonds=1 max scaled error=0
recursive GPU level=1 source nodes=2 bonds=1 packed nodes=0 bonds=0 aggregates=0 passed
coarse factor full-basis check: nodes=2 bonds=1 max scaled error=0
recursive GPU level=2 source nodes=2 bonds=1 packed nodes=0 bonds=0 aggregates=0 passed
coarse factor full-basis check: nodes=2 bonds=1 max scaled error=0
recursive GPU level=3 source nodes=2 bonds=1 packed nodes=0 bonds=0 aggregates=0 passed
coarse factor full-basis check: nodes=2 bonds=1 max scaled error=0
resident P/PT/coarse operator: nodes=2 bonds=1 max scaled error=4.44e-16 passed
coarse factor full-basis check: nodes=2 bonds=1 max scaled error=0
recursive GPU level=1 source nodes=2 bonds=1 packed nodes=1 bonds=1 aggregates=1 passed
coarse factor full-basis check: nodes=2 bonds=1 max scaled error=0
recursive GPU level=2 source nodes=2 bonds=1 packed nodes=1 bonds=1 aggregates=1 passed
coarse factor full-basis check: nodes=2 bonds=1 max scaled error=0
recursive GPU level=3 source nodes=2 bonds=1 packed nodes=1 bonds=1 aggregates=1 passed
coarse factor full-basis check: nodes=2 bonds=1 max scaled error=0
GPU hierarchy: nodes=2 bonds=1 final aggregates=1 rounds=1 transitions=6 passed
START fixture=parallel nodes=6 bonds=10
START GPU hierarchy: nodes=6 bonds=10
resident P/PT/coarse operator: nodes=6 bonds=10 max scaled error=2.6e-16 passed
coarse factor full-basis check: nodes=6 bonds=10 max scaled error=0
recursive GPU level=1 source nodes=6 bonds=10 packed nodes=0 bonds=0 aggregates=0 passed
coarse factor full-basis check: nodes=6 bonds=10 max scaled error=0
recursive GPU level=2 source nodes=6 bonds=10 packed nodes=0 bonds=0 aggregates=0 passed
coarse factor full-basis check: nodes=6 bonds=10 max scaled error=0
recursive GPU level=3 source nodes=6 bonds=10 packed nodes=0 bonds=0 aggregates=0 passed
coarse factor full-basis check: nodes=6 bonds=10 max scaled error=0
resident P/PT/coarse operator: nodes=6 bonds=10 max scaled error=2.6e-16 passed
coarse factor full-basis check: nodes=6 bonds=10 max scaled error=0
recursive GPU level=1 source nodes=6 bonds=10 packed nodes=0 bonds=0 aggregates=0 passed
coarse factor full-basis check: nodes=6 bonds=10 max scaled error=0
recursive GPU level=2 source nodes=6 bonds=10 packed nodes=0 bonds=0 aggregates=0 passed
coarse factor full-basis check: nodes=6 bonds=10 max scaled error=0
recursive GPU level=3 source nodes=6 bonds=10 packed nodes=0 bonds=0 aggregates=0 passed
coarse factor full-basis check: nodes=6 bonds=10 max scaled error=0
resident P/PT/coarse operator: nodes=6 bonds=10 max scaled error=3.9e-16 passed
coarse factor full-basis check: nodes=6 bonds=10 max scaled error=0
recursive GPU level=1 source nodes=6 bonds=10 packed nodes=0 bonds=0 aggregates=0 passed
coarse factor full-basis check: nodes=6 bonds=10 max scaled error=0
recursive GPU level=2 source nodes=6 bonds=10 packed nodes=0 bonds=0 aggregates=0 passed
coarse factor full-basis check: nodes=6 bonds=10 max scaled error=0
recursive GPU level=3 source nodes=6 bonds=10 packed nodes=0 bonds=0 aggregates=0 passed
coarse factor full-basis check: nodes=6 bonds=10 max scaled error=0
resident P/PT/coarse operator: nodes=6 bonds=10 max scaled error=3.9e-16 passed
coarse factor full-basis check: nodes=6 bonds=10 max scaled error=0
recursive GPU level=1 source nodes=6 bonds=10 packed nodes=0 bonds=0 aggregates=0 passed
coarse factor full-basis check: nodes=6 bonds=10 max scaled error=0
recursive GPU level=2 source nodes=6 bonds=10 packed nodes=0 bonds=0 aggregates=0 passed
coarse factor full-basis check: nodes=6 bonds=10 max scaled error=0
recursive GPU level=3 source nodes=6 bonds=10 packed nodes=0 bonds=0 aggregates=0 passed
coarse factor full-basis check: nodes=6 bonds=10 max scaled error=0
resident P/PT/coarse operator: nodes=6 bonds=10 max scaled error=1.59e-16 passed
coarse factor full-basis check: nodes=6 bonds=10 max scaled error=0
recursive GPU level=1 source nodes=6 bonds=10 packed nodes=0 bonds=0 aggregates=0 passed
coarse factor full-basis check: nodes=6 bonds=10 max scaled error=0
recursive GPU level=2 source nodes=6 bonds=10 packed nodes=0 bonds=0 aggregates=0 passed
coarse factor full-basis check: nodes=6 bonds=10 max scaled error=0
recursive GPU level=3 source nodes=6 bonds=10 packed nodes=0 bonds=0 aggregates=0 passed
coarse factor full-basis check: nodes=6 bonds=10 max scaled error=0
resident P/PT/coarse operator: nodes=6 bonds=10 max scaled error=2.6e-16 passed
coarse factor full-basis check: nodes=6 bonds=10 max scaled error=0
recursive GPU level=1 source nodes=6 bonds=10 packed nodes=0 bonds=0 aggregates=0 passed
coarse factor full-basis check: nodes=6 bonds=10 max scaled error=0
recursive GPU level=2 source nodes=6 bonds=10 packed nodes=0 bonds=0 aggregates=0 passed
coarse factor full-basis check: nodes=6 bonds=10 max scaled error=0
recursive GPU level=3 source nodes=6 bonds=10 packed nodes=0 bonds=0 aggregates=0 passed
coarse factor full-basis check: nodes=6 bonds=10 max scaled error=0
GPU hierarchy: nodes=6 bonds=10 final aggregates=1 rounds=1 transitions=6 passed
START fixture=omitted nodes=24 bonds=11
START GPU hierarchy: nodes=24 bonds=11
resident P/PT/coarse operator: nodes=24 bonds=11 max scaled error=3.33e-16 passed
coarse factor full-basis check: nodes=24 bonds=11 max scaled error=0
recursive GPU level=1 source nodes=24 bonds=11 packed nodes=5 bonds=4 aggregates=2 passed
coarse factor full-basis check: nodes=24 bonds=11 max scaled error=0
recursive GPU level=2 source nodes=24 bonds=11 packed nodes=2 bonds=1 aggregates=1 passed
coarse factor full-basis check: nodes=24 bonds=11 max scaled error=0
recursive GPU level=3 source nodes=24 bonds=11 packed nodes=0 bonds=0 aggregates=0 passed
coarse factor full-basis check: nodes=24 bonds=11 max scaled error=0
resident P/PT/coarse operator: nodes=24 bonds=11 max scaled error=3.33e-16 passed
coarse factor full-basis check: nodes=24 bonds=11 max scaled error=0
recursive GPU level=1 source nodes=24 bonds=11 packed nodes=5 bonds=4 aggregates=2 passed
coarse factor full-basis check: nodes=24 bonds=11 max scaled error=0
recursive GPU level=2 source nodes=24 bonds=11 packed nodes=2 bonds=1 aggregates=1 passed
coarse factor full-basis check: nodes=24 bonds=11 max scaled error=0
recursive GPU level=3 source nodes=24 bonds=11 packed nodes=0 bonds=0 aggregates=0 passed
coarse factor full-basis check: nodes=24 bonds=11 max scaled error=0
resident P/PT/coarse operator: nodes=24 bonds=11 max scaled error=1.9e-16 passed
coarse factor full-basis check: nodes=24 bonds=11 max scaled error=0
recursive GPU level=1 source nodes=24 bonds=11 packed nodes=6 bonds=3 aggregates=3 passed
coarse factor full-basis check: nodes=24 bonds=11 max scaled error=0
recursive GPU level=2 source nodes=24 bonds=11 packed nodes=0 bonds=0 aggregates=0 passed
coarse factor full-basis check: nodes=24 bonds=11 max scaled error=0
recursive GPU level=3 source nodes=24 bonds=11 packed nodes=0 bonds=0 aggregates=0 passed
coarse factor full-basis check: nodes=24 bonds=11 max scaled error=0
resident P/PT/coarse operator: nodes=24 bonds=11 max scaled error=1.9e-16 passed
coarse factor full-basis check: nodes=24 bonds=11 max scaled error=0
recursive GPU level=1 source nodes=24 bonds=11 packed nodes=6 bonds=3 aggregates=3 passed
coarse factor full-basis check: nodes=24 bonds=11 max scaled error=0
recursive GPU level=2 source nodes=24 bonds=11 packed nodes=0 bonds=0 aggregates=0 passed
coarse factor full-basis check: nodes=24 bonds=11 max scaled error=0
recursive GPU level=3 source nodes=24 bonds=11 packed nodes=0 bonds=0 aggregates=0 passed
coarse factor full-basis check: nodes=24 bonds=11 max scaled error=0
resident P/PT/coarse operator: nodes=24 bonds=11 max scaled error=0 passed
coarse factor full-basis check: nodes=24 bonds=11 max scaled error=0
recursive GPU level=1 source nodes=24 bonds=11 packed nodes=0 bonds=0 aggregates=0 passed
coarse factor full-basis check: nodes=24 bonds=11 max scaled error=0
recursive GPU level=2 source nodes=24 bonds=11 packed nodes=0 bonds=0 aggregates=0 passed
coarse factor full-basis check: nodes=24 bonds=11 max scaled error=0
recursive GPU level=3 source nodes=24 bonds=11 packed nodes=0 bonds=0 aggregates=0 passed
coarse factor full-basis check: nodes=24 bonds=11 max scaled error=0
resident P/PT/coarse operator: nodes=24 bonds=11 max scaled error=3.33e-16 passed
coarse factor full-basis check: nodes=24 bonds=11 max scaled error=0
recursive GPU level=1 source nodes=24 bonds=11 packed nodes=5 bonds=4 aggregates=2 passed
coarse factor full-basis check: nodes=24 bonds=11 max scaled error=0
recursive GPU level=2 source nodes=24 bonds=11 packed nodes=2 bonds=1 aggregates=1 passed
coarse factor full-basis check: nodes=24 bonds=11 max scaled error=0
recursive GPU level=3 source nodes=24 bonds=11 packed nodes=0 bonds=0 aggregates=0 passed
coarse factor full-basis check: nodes=24 bonds=11 max scaled error=0
GPU hierarchy: nodes=24 bonds=11 final aggregates=5 rounds=2 transitions=6 passed
START fixture=star nodes=257 bonds=256
START GPU hierarchy: nodes=257 bonds=256
resident P/PT/coarse operator: nodes=257 bonds=256 max scaled error=1.44e-15 passed
recursive GPU level=1 source nodes=257 bonds=256 packed nodes=0 bonds=0 aggregates=0 passed
recursive GPU level=2 source nodes=257 bonds=256 packed nodes=0 bonds=0 aggregates=0 passed
recursive GPU level=3 source nodes=257 bonds=256 packed nodes=0 bonds=0 aggregates=0 passed
resident P/PT/coarse operator: nodes=257 bonds=256 max scaled error=1.44e-15 passed
recursive GPU level=1 source nodes=257 bonds=256 packed nodes=0 bonds=0 aggregates=0 passed
recursive GPU level=2 source nodes=257 bonds=256 packed nodes=0 bonds=0 aggregates=0 passed
recursive GPU level=3 source nodes=257 bonds=256 packed nodes=0 bonds=0 aggregates=0 passed
GPU hierarchy: nodes=257 bonds=256 final aggregates=1 rounds=1 transitions=2 passed
START fixture=fixed nodes=4 bonds=3
START GPU hierarchy: nodes=4 bonds=3
resident P/PT/coarse operator: nodes=4 bonds=3 max scaled error=0 passed
coarse factor full-basis check: nodes=4 bonds=3 max scaled error=0
recursive GPU level=1 source nodes=4 bonds=3 packed nodes=0 bonds=0 aggregates=0 passed
coarse factor full-basis check: nodes=4 bonds=3 max scaled error=0
recursive GPU level=2 source nodes=4 bonds=3 packed nodes=0 bonds=0 aggregates=0 passed
coarse factor full-basis check: nodes=4 bonds=3 max scaled error=0
recursive GPU level=3 source nodes=4 bonds=3 packed nodes=0 bonds=0 aggregates=0 passed
coarse factor full-basis check: nodes=4 bonds=3 max scaled error=0
resident P/PT/coarse operator: nodes=4 bonds=3 max scaled error=0 passed
coarse factor full-basis check: nodes=4 bonds=3 max scaled error=0
recursive GPU level=1 source nodes=4 bonds=3 packed nodes=0 bonds=0 aggregates=0 passed
coarse factor full-basis check: nodes=4 bonds=3 max scaled error=0
recursive GPU level=2 source nodes=4 bonds=3 packed nodes=0 bonds=0 aggregates=0 passed
coarse factor full-basis check: nodes=4 bonds=3 max scaled error=0
recursive GPU level=3 source nodes=4 bonds=3 packed nodes=0 bonds=0 aggregates=0 passed
coarse factor full-basis check: nodes=4 bonds=3 max scaled error=0
resident P/PT/coarse operator: nodes=4 bonds=3 max scaled error=0 passed
coarse factor full-basis check: nodes=4 bonds=3 max scaled error=0
recursive GPU level=1 source nodes=4 bonds=3 packed nodes=0 bonds=0 aggregates=0 passed
coarse factor full-basis check: nodes=4 bonds=3 max scaled error=0
recursive GPU level=2 source nodes=4 bonds=3 packed nodes=0 bonds=0 aggregates=0 passed
coarse factor full-basis check: nodes=4 bonds=3 max scaled error=0
recursive GPU level=3 source nodes=4 bonds=3 packed nodes=0 bonds=0 aggregates=0 passed
coarse factor full-basis check: nodes=4 bonds=3 max scaled error=0
resident P/PT/coarse operator: nodes=4 bonds=3 max scaled error=0 passed
coarse factor full-basis check: nodes=4 bonds=3 max scaled error=0
recursive GPU level=1 source nodes=4 bonds=3 packed nodes=0 bonds=0 aggregates=0 passed
coarse factor full-basis check: nodes=4 bonds=3 max scaled error=0
recursive GPU level=2 source nodes=4 bonds=3 packed nodes=0 bonds=0 aggregates=0 passed
coarse factor full-basis check: nodes=4 bonds=3 max scaled error=0
recursive GPU level=3 source nodes=4 bonds=3 packed nodes=0 bonds=0 aggregates=0 passed
coarse factor full-basis check: nodes=4 bonds=3 max scaled error=0
resident P/PT/coarse operator: nodes=4 bonds=3 max scaled error=0 passed
coarse factor full-basis check: nodes=4 bonds=3 max scaled error=0
recursive GPU level=1 source nodes=4 bonds=3 packed nodes=0 bonds=0 aggregates=0 passed
coarse factor full-basis check: nodes=4 bonds=3 max scaled error=0
recursive GPU level=2 source nodes=4 bonds=3 packed nodes=0 bonds=0 aggregates=0 passed
coarse factor full-basis check: nodes=4 bonds=3 max scaled error=0
recursive GPU level=3 source nodes=4 bonds=3 packed nodes=0 bonds=0 aggregates=0 passed
coarse factor full-basis check: nodes=4 bonds=3 max scaled error=0
resident P/PT/coarse operator: nodes=4 bonds=3 max scaled error=0 passed
coarse factor full-basis check: nodes=4 bonds=3 max scaled error=0
recursive GPU level=1 source nodes=4 bonds=3 packed nodes=0 bonds=0 aggregates=0 passed
coarse factor full-basis check: nodes=4 bonds=3 max scaled error=0
recursive GPU level=2 source nodes=4 bonds=3 packed nodes=0 bonds=0 aggregates=0 passed
coarse factor full-basis check: nodes=4 bonds=3 max scaled error=0
recursive GPU level=3 source nodes=4 bonds=3 packed nodes=0 bonds=0 aggregates=0 passed
coarse factor full-basis check: nodes=4 bonds=3 max scaled error=0
GPU hierarchy: nodes=4 bonds=3 final aggregates=0 rounds=1 transitions=6 passed
START fixture=mixed nodes=129 bonds=121
START GPU hierarchy: nodes=129 bonds=121
resident P/PT/coarse operator: nodes=129 bonds=121 max scaled error=4.44e-16 passed
recursive GPU level=1 source nodes=129 bonds=121 packed nodes=56 bonds=48 aggregates=26 passed
recursive GPU level=2 source nodes=129 bonds=121 packed nodes=26 bonds=18 aggregates=11 passed
recursive GPU level=3 source nodes=129 bonds=121 packed nodes=6 bonds=3 aggregates=3 passed
resident P/PT/coarse operator: nodes=129 bonds=121 max scaled error=4.44e-16 passed
recursive GPU level=1 source nodes=129 bonds=121 packed nodes=56 bonds=48 aggregates=26 passed
recursive GPU level=2 source nodes=129 bonds=121 packed nodes=26 bonds=18 aggregates=11 passed
recursive GPU level=3 source nodes=129 bonds=121 packed nodes=6 bonds=3 aggregates=3 passed
resident P/PT/coarse operator: nodes=129 bonds=121 max scaled error=8.88e-16 passed
recursive GPU level=1 source nodes=129 bonds=121 packed nodes=48 bonds=24 aggregates=24 passed
recursive GPU level=2 source nodes=129 bonds=121 packed nodes=0 bonds=0 aggregates=0 passed
recursive GPU level=3 source nodes=129 bonds=121 packed nodes=0 bonds=0 aggregates=0 passed
resident P/PT/coarse operator: nodes=129 bonds=121 max scaled error=8.88e-16 passed
recursive GPU level=1 source nodes=129 bonds=121 packed nodes=48 bonds=24 aggregates=24 passed
recursive GPU level=2 source nodes=129 bonds=121 packed nodes=0 bonds=0 aggregates=0 passed
recursive GPU level=3 source nodes=129 bonds=121 packed nodes=0 bonds=0 aggregates=0 passed
resident P/PT/coarse operator: nodes=129 bonds=121 max scaled error=1.9e-16 passed
recursive GPU level=1 source nodes=129 bonds=121 packed nodes=0 bonds=0 aggregates=0 passed
recursive GPU level=2 source nodes=129 bonds=121 packed nodes=0 bonds=0 aggregates=0 passed
recursive GPU level=3 source nodes=129 bonds=121 packed nodes=0 bonds=0 aggregates=0 passed
resident P/PT/coarse operator: nodes=129 bonds=121 max scaled error=4.44e-16 passed
recursive GPU level=1 source nodes=129 bonds=121 packed nodes=56 bonds=48 aggregates=26 passed
recursive GPU level=2 source nodes=129 bonds=121 packed nodes=26 bonds=18 aggregates=11 passed
recursive GPU level=3 source nodes=129 bonds=121 packed nodes=6 bonds=3 aggregates=3 passed
GPU hierarchy: nodes=129 bonds=121 final aggregates=56 rounds=2 transitions=6 passed
START fixture=large nodes=100000 bonds=199997
START GPU hierarchy: nodes=100000 bonds=199997
resident P/PT/coarse operator: nodes=100000 bonds=199997 max scaled error=4e-15 passed
recursive GPU level=1 source nodes=100000 bonds=199997 packed nodes=27321 bonds=78816 aggregates=10833 passed
recursive GPU level=2 source nodes=100000 bonds=199997 packed nodes=10833 bonds=32053 aggregates=4517 passed
recursive GPU level=3 source nodes=100000 bonds=199997 packed nodes=4517 bonds=13496 aggregates=1927 passed
recursive GPU level=4 source nodes=100000 bonds=199997 packed nodes=1927 bonds=5772 aggregates=824 passed
recursive GPU level=5 source nodes=100000 bonds=199997 packed nodes=824 bonds=2468 aggregates=356 passed
recursive GPU level=6 source nodes=100000 bonds=199997 packed nodes=356 bonds=1064 aggregates=152 passed
recursive GPU level=7 source nodes=100000 bonds=199997 packed nodes=152 bonds=453 aggregates=66 passed
recursive GPU level=8 source nodes=100000 bonds=199997 packed nodes=66 bonds=195 aggregates=30 passed
resident P/PT/coarse operator: nodes=100000 bonds=199997 max scaled error=4e-15 passed
recursive GPU level=1 source nodes=100000 bonds=199997 packed nodes=27321 bonds=78816 aggregates=10833 passed
recursive GPU level=2 source nodes=100000 bonds=199997 packed nodes=10833 bonds=32053 aggregates=4517 passed
recursive GPU level=3 source nodes=100000 bonds=199997 packed nodes=4517 bonds=13496 aggregates=1927 passed
recursive GPU level=4 source nodes=100000 bonds=199997 packed nodes=1927 bonds=5772 aggregates=824 passed
recursive GPU level=5 source nodes=100000 bonds=199997 packed nodes=824 bonds=2468 aggregates=356 passed
recursive GPU level=6 source nodes=100000 bonds=199997 packed nodes=356 bonds=1064 aggregates=152 passed
recursive GPU level=7 source nodes=100000 bonds=199997 packed nodes=152 bonds=453 aggregates=66 passed
recursive GPU level=8 source nodes=100000 bonds=199997 packed nodes=66 bonds=195 aggregates=30 passed
resident P/PT/coarse operator: nodes=100000 bonds=199997 max scaled error=4e-15 passed
recursive GPU level=1 source nodes=100000 bonds=199997 packed nodes=33333 bonds=43373 aggregates=13677 passed
recursive GPU level=2 source nodes=100000 bonds=199997 packed nodes=13677 bonds=15118 aggregates=5861 passed
recursive GPU level=3 source nodes=100000 bonds=199997 packed nodes=5861 bonds=5941 aggregates=2522 passed
recursive GPU level=4 source nodes=100000 bonds=199997 packed nodes=2522 bonds=2521 aggregates=1083 passed
recursive GPU level=5 source nodes=100000 bonds=199997 packed nodes=1083 bonds=1082 aggregates=466 passed
recursive GPU level=6 source nodes=100000 bonds=199997 packed nodes=466 bonds=465 aggregates=202 passed
recursive GPU level=7 source nodes=100000 bonds=199997 packed nodes=202 bonds=201 aggregates=86 passed
recursive GPU level=8 source nodes=100000 bonds=199997 packed nodes=86 bonds=85 aggregates=38 passed
resident P/PT/coarse operator: nodes=100000 bonds=199997 max scaled error=4e-15 passed
recursive GPU level=1 source nodes=100000 bonds=199997 packed nodes=33333 bonds=43373 aggregates=13677 passed
recursive GPU level=2 source nodes=100000 bonds=199997 packed nodes=13677 bonds=15118 aggregates=5861 passed
recursive GPU level=3 source nodes=100000 bonds=199997 packed nodes=5861 bonds=5941 aggregates=2522 passed
recursive GPU level=4 source nodes=100000 bonds=199997 packed nodes=2522 bonds=2521 aggregates=1083 passed
recursive GPU level=5 source nodes=100000 bonds=199997 packed nodes=1083 bonds=1082 aggregates=466 passed
recursive GPU level=6 source nodes=100000 bonds=199997 packed nodes=466 bonds=465 aggregates=202 passed
recursive GPU level=7 source nodes=100000 bonds=199997 packed nodes=202 bonds=201 aggregates=86 passed
recursive GPU level=8 source nodes=100000 bonds=199997 packed nodes=86 bonds=85 aggregates=38 passed
resident P/PT/coarse operator: nodes=100000 bonds=199997 max scaled error=1.9e-16 passed
recursive GPU level=1 source nodes=100000 bonds=199997 packed nodes=0 bonds=0 aggregates=0 passed
recursive GPU level=2 source nodes=100000 bonds=199997 packed nodes=0 bonds=0 aggregates=0 passed
recursive GPU level=3 source nodes=100000 bonds=199997 packed nodes=0 bonds=0 aggregates=0 passed
recursive GPU level=4 source nodes=100000 bonds=199997 packed nodes=0 bonds=0 aggregates=0 passed
recursive GPU level=5 source nodes=100000 bonds=199997 packed nodes=0 bonds=0 aggregates=0 passed
recursive GPU level=6 source nodes=100000 bonds=199997 packed nodes=0 bonds=0 aggregates=0 passed
recursive GPU level=7 source nodes=100000 bonds=199997 packed nodes=0 bonds=0 aggregates=0 passed
recursive GPU level=8 source nodes=100000 bonds=199997 packed nodes=0 bonds=0 aggregates=0 passed
resident P/PT/coarse operator: nodes=100000 bonds=199997 max scaled error=4e-15 passed
recursive GPU level=1 source nodes=100000 bonds=199997 packed nodes=27321 bonds=78816 aggregates=10833 passed
recursive GPU level=2 source nodes=100000 bonds=199997 packed nodes=10833 bonds=32053 aggregates=4517 passed
recursive GPU level=3 source nodes=100000 bonds=199997 packed nodes=4517 bonds=13496 aggregates=1927 passed
recursive GPU level=4 source nodes=100000 bonds=199997 packed nodes=1927 bonds=5772 aggregates=824 passed
recursive GPU level=5 source nodes=100000 bonds=199997 packed nodes=824 bonds=2468 aggregates=356 passed
recursive GPU level=6 source nodes=100000 bonds=199997 packed nodes=356 bonds=1064 aggregates=152 passed
recursive GPU level=7 source nodes=100000 bonds=199997 packed nodes=152 bonds=453 aggregates=66 passed
recursive GPU level=8 source nodes=100000 bonds=199997 packed nodes=66 bonds=195 aggregates=30 passed
GPU hierarchy: nodes=100000 bonds=199997 final aggregates=27321 rounds=3 transitions=6 passed
<end of output>
Test time =   3.24 sec
----------------------------------------------------------
Test Passed.
"blast_stress_gpu_resident_hierarchy" end time: Sep 07 16:44 UTC
"blast_stress_gpu_resident_hierarchy" time elapsed: 00:00:03
----------------------------------------------------------

87/127 Testing: blast_stress_gpu_assembled_hierarchy
87/127 Test: blast_stress_gpu_assembled_hierarchy
Command: "/root/workspace/physx-2/out/destruction-sdk/reference/gpu_resident_hierarchy_test" "--assembled"
Directory: /root/workspace/physx-2/out/destruction-sdk/reference
"blast_stress_gpu_assembled_hierarchy" start time: Sep 07 16:44 UTC
Output:
----------------------------------------------------------
START fixture=empty nodes=0 bonds=0
assembled resident hierarchy nodes=0 bonds=0 levels=7 transitions=2 passed
START fixture=singleton nodes=1 bonds=0
assembled resident hierarchy nodes=1 bonds=0 levels=7 transitions=2 passed
START fixture=isolated nodes=256 bonds=0
assembled resident hierarchy nodes=256 bonds=0 levels=7 transitions=2 passed
START fixture=supported nodes=24 bonds=33
assembled resident hierarchy nodes=24 bonds=33 levels=7 transitions=6 passed
START fixture=path nodes=24 bonds=23
assembled resident hierarchy nodes=24 bonds=23 levels=7 transitions=2 passed
START fixture=self nodes=2 bonds=1
assembled resident hierarchy nodes=2 bonds=1 levels=7 transitions=6 passed
START fixture=parallel nodes=6 bonds=10
assembled resident hierarchy nodes=6 bonds=10 levels=7 transitions=6 passed
START fixture=omitted nodes=24 bonds=11
assembled resident hierarchy nodes=24 bonds=11 levels=7 transitions=6 passed
START fixture=star nodes=257 bonds=256
assembled resident hierarchy nodes=257 bonds=256 levels=7 transitions=2 passed
START fixture=fixed nodes=4 bonds=3
assembled resident hierarchy nodes=4 bonds=3 levels=7 transitions=6 passed
START fixture=mixed nodes=129 bonds=121
assembled resident hierarchy nodes=129 bonds=121 levels=7 transitions=6 passed
START fixture=large nodes=100000 bonds=199997
resident packed level=0 nodes=100000 bonds=199997
resident packed level=1 nodes=27321 bonds=78816
resident packed level=2 nodes=10833 bonds=32053
resident packed level=3 nodes=4517 bonds=13496
resident packed level=4 nodes=1927 bonds=5772
resident packed level=5 nodes=824 bonds=2468
resident packed level=6 nodes=356 bonds=1064
resident packed level=7 nodes=152 bonds=453
resident packed level=8 nodes=66 bonds=195
resident packed level=9 nodes=30 bonds=87
resident packed level=10 nodes=13 bonds=36
resident packed level=11 nodes=5 bonds=12
resident packed level=12 nodes=0 bonds=0
resident packed level=13 nodes=0 bonds=0
resident packed level=14 nodes=0 bonds=0
resident packed level=15 nodes=0 bonds=0
resident packed level=0 nodes=100000 bonds=199997
resident packed level=1 nodes=27321 bonds=78816
resident packed level=2 nodes=10833 bonds=32053
resident packed level=3 nodes=4517 bonds=13496
resident packed level=4 nodes=1927 bonds=5772
resident packed level=5 nodes=824 bonds=2468
resident packed level=6 nodes=356 bonds=1064
resident packed level=7 nodes=152 bonds=453
resident packed level=8 nodes=66 bonds=195
resident packed level=9 nodes=30 bonds=87
resident packed level=10 nodes=13 bonds=36
resident packed level=11 nodes=5 bonds=12
resident packed level=12 nodes=0 bonds=0
resident packed level=13 nodes=0 bonds=0
resident packed level=14 nodes=0 bonds=0
resident packed level=15 nodes=0 bonds=0
resident packed level=0 nodes=100000 bonds=199997
resident packed level=1 nodes=33333 bonds=43373
resident packed level=2 nodes=13677 bonds=15118
resident packed level=3 nodes=5861 bonds=5941
resident packed level=4 nodes=2522 bonds=2521
resident packed level=5 nodes=1083 bonds=1082
resident packed level=6 nodes=466 bonds=465
resident packed level=7 nodes=202 bonds=201
resident packed level=8 nodes=86 bonds=85
resident packed level=9 nodes=38 bonds=37
resident packed level=10 nodes=16 bonds=15
resident packed level=11 nodes=7 bonds=6
resident packed level=12 nodes=3 bonds=2
resident packed level=13 nodes=0 bonds=0
resident packed level=14 nodes=0 bonds=0
resident packed level=15 nodes=0 bonds=0
resident packed level=0 nodes=100000 bonds=199997
resident packed level=1 nodes=33333 bonds=43373
resident packed level=2 nodes=13677 bonds=15118
resident packed level=3 nodes=5861 bonds=5941
resident packed level=4 nodes=2522 bonds=2521
resident packed level=5 nodes=1083 bonds=1082
resident packed level=6 nodes=466 bonds=465
resident packed level=7 nodes=202 bonds=201
resident packed level=8 nodes=86 bonds=85
resident packed level=9 nodes=38 bonds=37
resident packed level=10 nodes=16 bonds=15
resident packed level=11 nodes=7 bonds=6
resident packed level=12 nodes=3 bonds=2
resident packed level=13 nodes=0 bonds=0
resident packed level=14 nodes=0 bonds=0
resident packed level=15 nodes=0 bonds=0
resident packed level=0 nodes=100000 bonds=199997
resident packed level=1 nodes=0 bonds=0
resident packed level=2 nodes=0 bonds=0
resident packed level=3 nodes=0 bonds=0
resident packed level=4 nodes=0 bonds=0
resident packed level=5 nodes=0 bonds=0
resident packed level=6 nodes=0 bonds=0
resident packed level=7 nodes=0 bonds=0
resident packed level=8 nodes=0 bonds=0
resident packed level=9 nodes=0 bonds=0
resident packed level=10 nodes=0 bonds=0
resident packed level=11 nodes=0 bonds=0
resident packed level=12 nodes=0 bonds=0
resident packed level=13 nodes=0 bonds=0
resident packed level=14 nodes=0 bonds=0
resident packed level=15 nodes=0 bonds=0
resident packed level=0 nodes=100000 bonds=199997
resident packed level=1 nodes=27321 bonds=78816
resident packed level=2 nodes=10833 bonds=32053
resident packed level=3 nodes=4517 bonds=13496
resident packed level=4 nodes=1927 bonds=5772
resident packed level=5 nodes=824 bonds=2468
resident packed level=6 nodes=356 bonds=1064
resident packed level=7 nodes=152 bonds=453
resident packed level=8 nodes=66 bonds=195
resident packed level=9 nodes=30 bonds=87
resident packed level=10 nodes=13 bonds=36
resident packed level=11 nodes=5 bonds=12
resident packed level=12 nodes=0 bonds=0
resident packed level=13 nodes=0 bonds=0
resident packed level=14 nodes=0 bonds=0
resident packed level=15 nodes=0 bonds=0
assembled resident hierarchy nodes=100000 bonds=199997 levels=16 transitions=6 passed
<end of output>
Test time =   0.62 sec
----------------------------------------------------------
Test Passed.
"blast_stress_gpu_assembled_hierarchy" end time: Sep 07 16:44 UTC
"blast_stress_gpu_assembled_hierarchy" time elapsed: 00:00:00
----------------------------------------------------------

91/127 Testing: blast_stress_gpu_resident_cycle
91/127 Test: blast_stress_gpu_resident_cycle
Command: "/root/workspace/physx-2/out/destruction-sdk/reference/gpu_resident_hierarchy_test" "--cycle"
Directory: /root/workspace/physx-2/out/destruction-sdk/reference
"blast_stress_gpu_resident_cycle" start time: Sep 07 16:44 UTC
Output:
----------------------------------------------------------
START fixture=empty nodes=0 bonds=0
resident V-cycle nodes=0 bonds=0 dense-oracle=1 squared-capture/symmetry/linearity passed
resident V-cycle nodes=0 bonds=0 dense-oracle=1 squared-capture/symmetry/linearity passed
assembled resident hierarchy nodes=0 bonds=0 levels=7 transitions=2 passed
START fixture=singleton nodes=1 bonds=0
resident V-cycle nodes=1 bonds=0 dense-oracle=1 squared-capture/symmetry/linearity passed
resident V-cycle nodes=1 bonds=0 dense-oracle=1 squared-capture/symmetry/linearity passed
assembled resident hierarchy nodes=1 bonds=0 levels=7 transitions=2 passed
START fixture=isolated nodes=256 bonds=0
resident V-cycle nodes=256 bonds=0 dense-oracle=0 squared-capture/symmetry/linearity passed
resident V-cycle nodes=256 bonds=0 dense-oracle=0 squared-capture/symmetry/linearity passed
assembled resident hierarchy nodes=256 bonds=0 levels=7 transitions=2 passed
START fixture=supported nodes=24 bonds=33
resident V-cycle nodes=24 bonds=33 dense-oracle=1 squared-capture/symmetry/linearity passed
resident V-cycle nodes=24 bonds=33 dense-oracle=1 squared-capture/symmetry/linearity passed
resident V-cycle nodes=24 bonds=33 dense-oracle=1 squared-capture/symmetry/linearity passed
resident V-cycle nodes=24 bonds=33 dense-oracle=1 squared-capture/symmetry/linearity passed
resident V-cycle nodes=24 bonds=33 dense-oracle=1 squared-capture/symmetry/linearity passed
resident V-cycle nodes=24 bonds=33 dense-oracle=1 squared-capture/symmetry/linearity passed
assembled resident hierarchy nodes=24 bonds=33 levels=7 transitions=6 passed
START fixture=path nodes=24 bonds=23
resident V-cycle nodes=24 bonds=23 dense-oracle=1 squared-capture/symmetry/linearity passed
resident V-cycle nodes=24 bonds=23 dense-oracle=1 squared-capture/symmetry/linearity passed
assembled resident hierarchy nodes=24 bonds=23 levels=7 transitions=2 passed
START fixture=self nodes=2 bonds=1
resident V-cycle nodes=2 bonds=1 dense-oracle=1 squared-capture/symmetry/linearity passed
resident V-cycle nodes=2 bonds=1 dense-oracle=1 squared-capture/symmetry/linearity passed
resident V-cycle nodes=2 bonds=1 dense-oracle=1 squared-capture/symmetry/linearity passed
resident V-cycle nodes=2 bonds=1 dense-oracle=1 squared-capture/symmetry/linearity passed
resident V-cycle nodes=2 bonds=1 dense-oracle=1 squared-capture/symmetry/linearity passed
resident V-cycle nodes=2 bonds=1 dense-oracle=1 squared-capture/symmetry/linearity passed
assembled resident hierarchy nodes=2 bonds=1 levels=7 transitions=6 passed
START fixture=parallel nodes=6 bonds=10
resident V-cycle nodes=6 bonds=10 dense-oracle=1 squared-capture/symmetry/linearity passed
resident V-cycle nodes=6 bonds=10 dense-oracle=1 squared-capture/symmetry/linearity passed
resident V-cycle nodes=6 bonds=10 dense-oracle=1 squared-capture/symmetry/linearity passed
resident V-cycle nodes=6 bonds=10 dense-oracle=1 squared-capture/symmetry/linearity passed
resident V-cycle nodes=6 bonds=10 dense-oracle=1 squared-capture/symmetry/linearity passed
resident V-cycle nodes=6 bonds=10 dense-oracle=1 squared-capture/symmetry/linearity passed
assembled resident hierarchy nodes=6 bonds=10 levels=7 transitions=6 passed
START fixture=omitted nodes=24 bonds=11
resident V-cycle nodes=24 bonds=11 dense-oracle=1 squared-capture/symmetry/linearity passed
resident V-cycle nodes=24 bonds=11 dense-oracle=1 squared-capture/symmetry/linearity passed
resident V-cycle nodes=24 bonds=11 dense-oracle=1 squared-capture/symmetry/linearity passed
resident V-cycle nodes=24 bonds=11 dense-oracle=1 squared-capture/symmetry/linearity passed
resident V-cycle nodes=24 bonds=11 dense-oracle=1 squared-capture/symmetry/linearity passed
resident V-cycle nodes=24 bonds=11 dense-oracle=1 squared-capture/symmetry/linearity passed
assembled resident hierarchy nodes=24 bonds=11 levels=7 transitions=6 passed
START fixture=star nodes=257 bonds=256
resident V-cycle nodes=257 bonds=256 dense-oracle=0 squared-capture/symmetry/linearity passed
resident V-cycle nodes=257 bonds=256 dense-oracle=0 squared-capture/symmetry/linearity passed
assembled resident hierarchy nodes=257 bonds=256 levels=7 transitions=2 passed
START fixture=fixed nodes=4 bonds=3
resident V-cycle nodes=4 bonds=3 dense-oracle=1 squared-capture/symmetry/linearity passed
resident V-cycle nodes=4 bonds=3 dense-oracle=1 squared-capture/symmetry/linearity passed
resident V-cycle nodes=4 bonds=3 dense-oracle=1 squared-capture/symmetry/linearity passed
resident V-cycle nodes=4 bonds=3 dense-oracle=1 squared-capture/symmetry/linearity passed
resident V-cycle nodes=4 bonds=3 dense-oracle=1 squared-capture/symmetry/linearity passed
resident V-cycle nodes=4 bonds=3 dense-oracle=1 squared-capture/symmetry/linearity passed
assembled resident hierarchy nodes=4 bonds=3 levels=7 transitions=6 passed
START fixture=mixed nodes=129 bonds=121
resident V-cycle nodes=129 bonds=121 dense-oracle=0 squared-capture/symmetry/linearity passed
resident V-cycle nodes=129 bonds=121 dense-oracle=0 squared-capture/symmetry/linearity passed
resident V-cycle nodes=129 bonds=121 dense-oracle=0 squared-capture/symmetry/linearity passed
resident V-cycle nodes=129 bonds=121 dense-oracle=0 squared-capture/symmetry/linearity passed
resident V-cycle nodes=129 bonds=121 dense-oracle=0 squared-capture/symmetry/linearity passed
resident V-cycle nodes=129 bonds=121 dense-oracle=0 squared-capture/symmetry/linearity passed
assembled resident hierarchy nodes=129 bonds=121 levels=7 transitions=6 passed
START fixture=large nodes=100000 bonds=199997
cycle numeric nodes=100000 bonds=199997 squared=0 local=1.3819305422213546e-10 absolute=4.7311186790466309e-07 response=89743930.948516531 normwise=5.2717979132881256e-15 symmetry=8.1653636358772048e-20 worst-node=13020 coordinate=5
cycle component-coordinate normwise nodes=100000 bonds=199997 squared=0 error=1.491215722323374e-12
cycle numeric nodes=100000 bonds=199997 squared=1 local=2.5948766948268177e-09 absolute=88576 response=1.6807628495498227e+19 normwise=5.2699879714573827e-15 symmetry=2.2202071086187589e-21 worst-node=18733 coordinate=5
cycle component-coordinate normwise nodes=100000 bonds=199997 squared=1 error=1.4497799171727944e-12
cycle numeric nodes=100000 bonds=199997 squared=0 local=1.3819305422213546e-10 absolute=4.7311186790466309e-07 response=89743930.948516531 normwise=5.2717979132881256e-15 symmetry=8.1653636358772048e-20 worst-node=13020 coordinate=5
cycle component-coordinate normwise nodes=100000 bonds=199997 squared=0 error=1.491215722323374e-12
cycle numeric nodes=100000 bonds=199997 squared=1 local=2.5948766948268177e-09 absolute=88576 response=1.6807628495498227e+19 normwise=5.2699879714573827e-15 symmetry=2.2202071086187589e-21 worst-node=18733 coordinate=5
cycle component-coordinate normwise nodes=100000 bonds=199997 squared=1 error=1.4497799171727944e-12
cycle numeric nodes=100000 bonds=199997 squared=0 local=3.2928014467956697e-10 absolute=1.0803341865539551e-07 response=146636261.75986435 normwise=7.3674422246465926e-16 symmetry=3.860015637024342e-21 worst-node=89614 coordinate=1
cycle component-coordinate normwise nodes=100000 bonds=199997 squared=0 error=1.6510082521657734e-12
cycle numeric nodes=100000 bonds=199997 squared=1 local=3.8616823810305912e-08 absolute=12544 response=3.5476812818073608e+19 normwise=3.5358305900606377e-16 symmetry=4.2584619191828683e-19 worst-node=30324 coordinate=4
cycle component-coordinate normwise nodes=100000 bonds=199997 squared=1 error=1.5103117527221378e-12
cycle numeric nodes=100000 bonds=199997 squared=0 local=3.2928014467956697e-10 absolute=1.0803341865539551e-07 response=146636261.75986435 normwise=7.3674422246465926e-16 symmetry=3.860015637024342e-21 worst-node=89614 coordinate=1
cycle component-coordinate normwise nodes=100000 bonds=199997 squared=0 error=1.6510082521657734e-12
cycle numeric nodes=100000 bonds=199997 squared=1 local=3.8616823810305912e-08 absolute=12544 response=3.5476812818073608e+19 normwise=3.5358305900606377e-16 symmetry=4.2584619191828683e-19 worst-node=30324 coordinate=4
cycle component-coordinate normwise nodes=100000 bonds=199997 squared=1 error=1.5103117527221378e-12
cycle numeric nodes=100000 bonds=199997 squared=0 local=0 absolute=0 response=1 normwise=0 symmetry=0 worst-node=0 coordinate=0
cycle component-coordinate normwise nodes=100000 bonds=199997 squared=0 error=0
cycle numeric nodes=100000 bonds=199997 squared=1 local=0 absolute=0 response=1 normwise=0 symmetry=0 worst-node=0 coordinate=0
cycle component-coordinate normwise nodes=100000 bonds=199997 squared=1 error=0
cycle numeric nodes=100000 bonds=199997 squared=0 local=1.3819305422213546e-10 absolute=4.7311186790466309e-07 response=89743930.948516531 normwise=5.2717979132881256e-15 symmetry=8.1653636358772048e-20 worst-node=13020 coordinate=5
cycle component-coordinate normwise nodes=100000 bonds=199997 squared=0 error=1.491215722323374e-12
cycle numeric nodes=100000 bonds=199997 squared=1 local=2.5948766948268177e-09 absolute=88576 response=1.6807628495498227e+19 normwise=5.2699879714573827e-15 symmetry=2.2202071086187589e-21 worst-node=18733 coordinate=5
cycle component-coordinate normwise nodes=100000 bonds=199997 squared=1 error=1.4497799171727944e-12
resident V-cycle nodes=100000 bonds=199997 dense-oracle=0 squared-capture/symmetry/linearity passed
resident V-cycle nodes=100000 bonds=199997 dense-oracle=0 squared-capture/symmetry/linearity passed
resident V-cycle nodes=100000 bonds=199997 dense-oracle=0 squared-capture/symmetry/linearity passed
resident V-cycle nodes=100000 bonds=199997 dense-oracle=0 squared-capture/symmetry/linearity passed
resident V-cycle nodes=100000 bonds=199997 dense-oracle=0 squared-capture/symmetry/linearity passed
resident V-cycle nodes=100000 bonds=199997 dense-oracle=0 squared-capture/symmetry/linearity passed
assembled resident hierarchy nodes=100000 bonds=199997 levels=16 transitions=6 passed
<end of output>
Test time =   2.24 sec
----------------------------------------------------------
Test Passed.
"blast_stress_gpu_resident_cycle" end time: Sep 07 16:45 UTC
"blast_stress_gpu_resident_cycle" time elapsed: 00:00:02
----------------------------------------------------------

92/127 Testing: blast_stress_gpu_resident_cycle_memcheck
92/127 Test: blast_stress_gpu_resident_cycle_memcheck
Command: "/usr/local/cuda/bin/compute-sanitizer" "--tool" "memcheck" "--leak-check" "full" "--error-exitcode" "99" "/root/workspace/physx-2/out/destruction-sdk/reference/gpu_resident_hierarchy_test" "--cycle"
Directory: /root/workspace/physx-2/out/destruction-sdk/reference
"blast_stress_gpu_resident_cycle_memcheck" start time: Sep 07 16:45 UTC
Output:
----------------------------------------------------------
========= COMPUTE-SANITIZER
START fixture=empty nodes=0 bonds=0
resident V-cycle nodes=0 bonds=0 dense-oracle=1 squared-capture/symmetry/linearity passed
resident V-cycle nodes=0 bonds=0 dense-oracle=1 squared-capture/symmetry/linearity passed
assembled resident hierarchy nodes=0 bonds=0 levels=7 transitions=2 passed
START fixture=singleton nodes=1 bonds=0
resident V-cycle nodes=1 bonds=0 dense-oracle=1 squared-capture/symmetry/linearity passed
resident V-cycle nodes=1 bonds=0 dense-oracle=1 squared-capture/symmetry/linearity passed
assembled resident hierarchy nodes=1 bonds=0 levels=7 transitions=2 passed
START fixture=isolated nodes=256 bonds=0
resident V-cycle nodes=256 bonds=0 dense-oracle=0 squared-capture/symmetry/linearity passed
resident V-cycle nodes=256 bonds=0 dense-oracle=0 squared-capture/symmetry/linearity passed
assembled resident hierarchy nodes=256 bonds=0 levels=7 transitions=2 passed
START fixture=supported nodes=24 bonds=33
resident V-cycle nodes=24 bonds=33 dense-oracle=1 squared-capture/symmetry/linearity passed
resident V-cycle nodes=24 bonds=33 dense-oracle=1 squared-capture/symmetry/linearity passed
resident V-cycle nodes=24 bonds=33 dense-oracle=1 squared-capture/symmetry/linearity passed
resident V-cycle nodes=24 bonds=33 dense-oracle=1 squared-capture/symmetry/linearity passed
resident V-cycle nodes=24 bonds=33 dense-oracle=1 squared-capture/symmetry/linearity passed
resident V-cycle nodes=24 bonds=33 dense-oracle=1 squared-capture/symmetry/linearity passed
assembled resident hierarchy nodes=24 bonds=33 levels=7 transitions=6 passed
START fixture=path nodes=24 bonds=23
resident V-cycle nodes=24 bonds=23 dense-oracle=1 squared-capture/symmetry/linearity passed
resident V-cycle nodes=24 bonds=23 dense-oracle=1 squared-capture/symmetry/linearity passed
assembled resident hierarchy nodes=24 bonds=23 levels=7 transitions=2 passed
START fixture=self nodes=2 bonds=1
resident V-cycle nodes=2 bonds=1 dense-oracle=1 squared-capture/symmetry/linearity passed
resident V-cycle nodes=2 bonds=1 dense-oracle=1 squared-capture/symmetry/linearity passed
resident V-cycle nodes=2 bonds=1 dense-oracle=1 squared-capture/symmetry/linearity passed
resident V-cycle nodes=2 bonds=1 dense-oracle=1 squared-capture/symmetry/linearity passed
resident V-cycle nodes=2 bonds=1 dense-oracle=1 squared-capture/symmetry/linearity passed
resident V-cycle nodes=2 bonds=1 dense-oracle=1 squared-capture/symmetry/linearity passed
assembled resident hierarchy nodes=2 bonds=1 levels=7 transitions=6 passed
START fixture=parallel nodes=6 bonds=10
resident V-cycle nodes=6 bonds=10 dense-oracle=1 squared-capture/symmetry/linearity passed
resident V-cycle nodes=6 bonds=10 dense-oracle=1 squared-capture/symmetry/linearity passed
resident V-cycle nodes=6 bonds=10 dense-oracle=1 squared-capture/symmetry/linearity passed
resident V-cycle nodes=6 bonds=10 dense-oracle=1 squared-capture/symmetry/linearity passed
resident V-cycle nodes=6 bonds=10 dense-oracle=1 squared-capture/symmetry/linearity passed
resident V-cycle nodes=6 bonds=10 dense-oracle=1 squared-capture/symmetry/linearity passed
assembled resident hierarchy nodes=6 bonds=10 levels=7 transitions=6 passed
START fixture=omitted nodes=24 bonds=11
resident V-cycle nodes=24 bonds=11 dense-oracle=1 squared-capture/symmetry/linearity passed
resident V-cycle nodes=24 bonds=11 dense-oracle=1 squared-capture/symmetry/linearity passed
resident V-cycle nodes=24 bonds=11 dense-oracle=1 squared-capture/symmetry/linearity passed
resident V-cycle nodes=24 bonds=11 dense-oracle=1 squared-capture/symmetry/linearity passed
resident V-cycle nodes=24 bonds=11 dense-oracle=1 squared-capture/symmetry/linearity passed
resident V-cycle nodes=24 bonds=11 dense-oracle=1 squared-capture/symmetry/linearity passed
assembled resident hierarchy nodes=24 bonds=11 levels=7 transitions=6 passed
START fixture=star nodes=257 bonds=256
resident V-cycle nodes=257 bonds=256 dense-oracle=0 squared-capture/symmetry/linearity passed
resident V-cycle nodes=257 bonds=256 dense-oracle=0 squared-capture/symmetry/linearity passed
assembled resident hierarchy nodes=257 bonds=256 levels=7 transitions=2 passed
START fixture=fixed nodes=4 bonds=3
resident V-cycle nodes=4 bonds=3 dense-oracle=1 squared-capture/symmetry/linearity passed
resident V-cycle nodes=4 bonds=3 dense-oracle=1 squared-capture/symmetry/linearity passed
resident V-cycle nodes=4 bonds=3 dense-oracle=1 squared-capture/symmetry/linearity passed
resident V-cycle nodes=4 bonds=3 dense-oracle=1 squared-capture/symmetry/linearity passed
resident V-cycle nodes=4 bonds=3 dense-oracle=1 squared-capture/symmetry/linearity passed
resident V-cycle nodes=4 bonds=3 dense-oracle=1 squared-capture/symmetry/linearity passed
assembled resident hierarchy nodes=4 bonds=3 levels=7 transitions=6 passed
START fixture=mixed nodes=129 bonds=121
resident V-cycle nodes=129 bonds=121 dense-oracle=0 squared-capture/symmetry/linearity passed
resident V-cycle nodes=129 bonds=121 dense-oracle=0 squared-capture/symmetry/linearity passed
resident V-cycle nodes=129 bonds=121 dense-oracle=0 squared-capture/symmetry/linearity passed
resident V-cycle nodes=129 bonds=121 dense-oracle=0 squared-capture/symmetry/linearity passed
resident V-cycle nodes=129 bonds=121 dense-oracle=0 squared-capture/symmetry/linearity passed
resident V-cycle nodes=129 bonds=121 dense-oracle=0 squared-capture/symmetry/linearity passed
assembled resident hierarchy nodes=129 bonds=121 levels=7 transitions=6 passed
START fixture=large nodes=100000 bonds=199997
cycle numeric nodes=100000 bonds=199997 squared=0 local=1.3819305422213546e-10 absolute=4.7311186790466309e-07 response=89743930.948516531 normwise=5.2717979132881256e-15 symmetry=8.1653636358772048e-20 worst-node=13020 coordinate=5
cycle component-coordinate normwise nodes=100000 bonds=199997 squared=0 error=1.491215722323374e-12
cycle numeric nodes=100000 bonds=199997 squared=1 local=2.5948766948268177e-09 absolute=88576 response=1.6807628495498227e+19 normwise=5.2699879714573827e-15 symmetry=2.2202071086187589e-21 worst-node=18733 coordinate=5
cycle component-coordinate normwise nodes=100000 bonds=199997 squared=1 error=1.4497799171727944e-12
cycle numeric nodes=100000 bonds=199997 squared=0 local=1.3819305422213546e-10 absolute=4.7311186790466309e-07 response=89743930.948516531 normwise=5.2717979132881256e-15 symmetry=8.1653636358772048e-20 worst-node=13020 coordinate=5
cycle component-coordinate normwise nodes=100000 bonds=199997 squared=0 error=1.491215722323374e-12
cycle numeric nodes=100000 bonds=199997 squared=1 local=2.5948766948268177e-09 absolute=88576 response=1.6807628495498227e+19 normwise=5.2699879714573827e-15 symmetry=2.2202071086187589e-21 worst-node=18733 coordinate=5
cycle component-coordinate normwise nodes=100000 bonds=199997 squared=1 error=1.4497799171727944e-12
cycle numeric nodes=100000 bonds=199997 squared=0 local=3.2928014467956697e-10 absolute=1.0803341865539551e-07 response=146636261.75986435 normwise=7.3674422246465926e-16 symmetry=3.860015637024342e-21 worst-node=89614 coordinate=1
cycle component-coordinate normwise nodes=100000 bonds=199997 squared=0 error=1.6510082521657734e-12
cycle numeric nodes=100000 bonds=199997 squared=1 local=3.8616823810305912e-08 absolute=12544 response=3.5476812818073608e+19 normwise=3.5358305900606377e-16 symmetry=4.2584619191828683e-19 worst-node=30324 coordinate=4
cycle component-coordinate normwise nodes=100000 bonds=199997 squared=1 error=1.5103117527221378e-12
cycle numeric nodes=100000 bonds=199997 squared=0 local=3.2928014467956697e-10 absolute=1.0803341865539551e-07 response=146636261.75986435 normwise=7.3674422246465926e-16 symmetry=3.860015637024342e-21 worst-node=89614 coordinate=1
cycle component-coordinate normwise nodes=100000 bonds=199997 squared=0 error=1.6510082521657734e-12
cycle numeric nodes=100000 bonds=199997 squared=1 local=3.8616823810305912e-08 absolute=12544 response=3.5476812818073608e+19 normwise=3.5358305900606377e-16 symmetry=4.2584619191828683e-19 worst-node=30324 coordinate=4
cycle component-coordinate normwise nodes=100000 bonds=199997 squared=1 error=1.5103117527221378e-12
cycle numeric nodes=100000 bonds=199997 squared=0 local=0 absolute=0 response=1 normwise=0 symmetry=0 worst-node=0 coordinate=0
cycle component-coordinate normwise nodes=100000 bonds=199997 squared=0 error=0
cycle numeric nodes=100000 bonds=199997 squared=1 local=0 absolute=0 response=1 normwise=0 symmetry=0 worst-node=0 coordinate=0
cycle component-coordinate normwise nodes=100000 bonds=199997 squared=1 error=0
cycle numeric nodes=100000 bonds=199997 squared=0 local=1.3819305422213546e-10 absolute=4.7311186790466309e-07 response=89743930.948516531 normwise=5.2717979132881256e-15 symmetry=8.1653636358772048e-20 worst-node=13020 coordinate=5
cycle component-coordinate normwise nodes=100000 bonds=199997 squared=0 error=1.491215722323374e-12
cycle numeric nodes=100000 bonds=199997 squared=1 local=2.5948766948268177e-09 absolute=88576 response=1.6807628495498227e+19 normwise=5.2699879714573827e-15 symmetry=2.2202071086187589e-21 worst-node=18733 coordinate=5
cycle component-coordinate normwise nodes=100000 bonds=199997 squared=1 error=1.4497799171727944e-12
resident V-cycle nodes=100000 bonds=199997 dense-oracle=0 squared-capture/symmetry/linearity passed
resident V-cycle nodes=100000 bonds=199997 dense-oracle=0 squared-capture/symmetry/linearity passed
resident V-cycle nodes=100000 bonds=199997 dense-oracle=0 squared-capture/symmetry/linearity passed
resident V-cycle nodes=100000 bonds=199997 dense-oracle=0 squared-capture/symmetry/linearity passed
resident V-cycle nodes=100000 bonds=199997 dense-oracle=0 squared-capture/symmetry/linearity passed
resident V-cycle nodes=100000 bonds=199997 dense-oracle=0 squared-capture/symmetry/linearity passed
assembled resident hierarchy nodes=100000 bonds=199997 levels=16 transitions=6 passed
========= LEAK SUMMARY: 0 bytes leaked in 0 allocations
========= ERROR SUMMARY: 0 errors
<end of output>
Test time =  15.24 sec
----------------------------------------------------------
Test Passed.
"blast_stress_gpu_resident_cycle_memcheck" end time: Sep 07 16:45 UTC
"blast_stress_gpu_resident_cycle_memcheck" time elapsed: 00:00:15
----------------------------------------------------------

93/127 Testing: blast_stress_gpu_resident_cycle_synccheck
93/127 Test: blast_stress_gpu_resident_cycle_synccheck
Command: "/usr/local/cuda/bin/compute-sanitizer" "--tool" "synccheck" "--error-exitcode" "99" "/root/workspace/physx-2/out/destruction-sdk/reference/gpu_resident_hierarchy_test" "--cycle"
Directory: /root/workspace/physx-2/out/destruction-sdk/reference
"blast_stress_gpu_resident_cycle_synccheck" start time: Sep 07 16:45 UTC
Output:
----------------------------------------------------------
========= COMPUTE-SANITIZER
START fixture=empty nodes=0 bonds=0
resident V-cycle nodes=0 bonds=0 dense-oracle=1 squared-capture/symmetry/linearity passed
resident V-cycle nodes=0 bonds=0 dense-oracle=1 squared-capture/symmetry/linearity passed
assembled resident hierarchy nodes=0 bonds=0 levels=7 transitions=2 passed
START fixture=singleton nodes=1 bonds=0
resident V-cycle nodes=1 bonds=0 dense-oracle=1 squared-capture/symmetry/linearity passed
resident V-cycle nodes=1 bonds=0 dense-oracle=1 squared-capture/symmetry/linearity passed
assembled resident hierarchy nodes=1 bonds=0 levels=7 transitions=2 passed
START fixture=isolated nodes=256 bonds=0
resident V-cycle nodes=256 bonds=0 dense-oracle=0 squared-capture/symmetry/linearity passed
resident V-cycle nodes=256 bonds=0 dense-oracle=0 squared-capture/symmetry/linearity passed
assembled resident hierarchy nodes=256 bonds=0 levels=7 transitions=2 passed
START fixture=supported nodes=24 bonds=33
resident V-cycle nodes=24 bonds=33 dense-oracle=1 squared-capture/symmetry/linearity passed
resident V-cycle nodes=24 bonds=33 dense-oracle=1 squared-capture/symmetry/linearity passed
resident V-cycle nodes=24 bonds=33 dense-oracle=1 squared-capture/symmetry/linearity passed
resident V-cycle nodes=24 bonds=33 dense-oracle=1 squared-capture/symmetry/linearity passed
resident V-cycle nodes=24 bonds=33 dense-oracle=1 squared-capture/symmetry/linearity passed
resident V-cycle nodes=24 bonds=33 dense-oracle=1 squared-capture/symmetry/linearity passed
assembled resident hierarchy nodes=24 bonds=33 levels=7 transitions=6 passed
START fixture=path nodes=24 bonds=23
resident V-cycle nodes=24 bonds=23 dense-oracle=1 squared-capture/symmetry/linearity passed
resident V-cycle nodes=24 bonds=23 dense-oracle=1 squared-capture/symmetry/linearity passed
assembled resident hierarchy nodes=24 bonds=23 levels=7 transitions=2 passed
START fixture=self nodes=2 bonds=1
resident V-cycle nodes=2 bonds=1 dense-oracle=1 squared-capture/symmetry/linearity passed
resident V-cycle nodes=2 bonds=1 dense-oracle=1 squared-capture/symmetry/linearity passed
resident V-cycle nodes=2 bonds=1 dense-oracle=1 squared-capture/symmetry/linearity passed
resident V-cycle nodes=2 bonds=1 dense-oracle=1 squared-capture/symmetry/linearity passed
resident V-cycle nodes=2 bonds=1 dense-oracle=1 squared-capture/symmetry/linearity passed
resident V-cycle nodes=2 bonds=1 dense-oracle=1 squared-capture/symmetry/linearity passed
assembled resident hierarchy nodes=2 bonds=1 levels=7 transitions=6 passed
START fixture=parallel nodes=6 bonds=10
resident V-cycle nodes=6 bonds=10 dense-oracle=1 squared-capture/symmetry/linearity passed
resident V-cycle nodes=6 bonds=10 dense-oracle=1 squared-capture/symmetry/linearity passed
resident V-cycle nodes=6 bonds=10 dense-oracle=1 squared-capture/symmetry/linearity passed
resident V-cycle nodes=6 bonds=10 dense-oracle=1 squared-capture/symmetry/linearity passed
resident V-cycle nodes=6 bonds=10 dense-oracle=1 squared-capture/symmetry/linearity passed
resident V-cycle nodes=6 bonds=10 dense-oracle=1 squared-capture/symmetry/linearity passed
assembled resident hierarchy nodes=6 bonds=10 levels=7 transitions=6 passed
START fixture=omitted nodes=24 bonds=11
resident V-cycle nodes=24 bonds=11 dense-oracle=1 squared-capture/symmetry/linearity passed
resident V-cycle nodes=24 bonds=11 dense-oracle=1 squared-capture/symmetry/linearity passed
resident V-cycle nodes=24 bonds=11 dense-oracle=1 squared-capture/symmetry/linearity passed
resident V-cycle nodes=24 bonds=11 dense-oracle=1 squared-capture/symmetry/linearity passed
resident V-cycle nodes=24 bonds=11 dense-oracle=1 squared-capture/symmetry/linearity passed
resident V-cycle nodes=24 bonds=11 dense-oracle=1 squared-capture/symmetry/linearity passed
assembled resident hierarchy nodes=24 bonds=11 levels=7 transitions=6 passed
START fixture=star nodes=257 bonds=256
resident V-cycle nodes=257 bonds=256 dense-oracle=0 squared-capture/symmetry/linearity passed
resident V-cycle nodes=257 bonds=256 dense-oracle=0 squared-capture/symmetry/linearity passed
assembled resident hierarchy nodes=257 bonds=256 levels=7 transitions=2 passed
START fixture=fixed nodes=4 bonds=3
resident V-cycle nodes=4 bonds=3 dense-oracle=1 squared-capture/symmetry/linearity passed
resident V-cycle nodes=4 bonds=3 dense-oracle=1 squared-capture/symmetry/linearity passed
resident V-cycle nodes=4 bonds=3 dense-oracle=1 squared-capture/symmetry/linearity passed
resident V-cycle nodes=4 bonds=3 dense-oracle=1 squared-capture/symmetry/linearity passed
resident V-cycle nodes=4 bonds=3 dense-oracle=1 squared-capture/symmetry/linearity passed
resident V-cycle nodes=4 bonds=3 dense-oracle=1 squared-capture/symmetry/linearity passed
assembled resident hierarchy nodes=4 bonds=3 levels=7 transitions=6 passed
START fixture=mixed nodes=129 bonds=121
resident V-cycle nodes=129 bonds=121 dense-oracle=0 squared-capture/symmetry/linearity passed
resident V-cycle nodes=129 bonds=121 dense-oracle=0 squared-capture/symmetry/linearity passed
resident V-cycle nodes=129 bonds=121 dense-oracle=0 squared-capture/symmetry/linearity passed
resident V-cycle nodes=129 bonds=121 dense-oracle=0 squared-capture/symmetry/linearity passed
resident V-cycle nodes=129 bonds=121 dense-oracle=0 squared-capture/symmetry/linearity passed
resident V-cycle nodes=129 bonds=121 dense-oracle=0 squared-capture/symmetry/linearity passed
assembled resident hierarchy nodes=129 bonds=121 levels=7 transitions=6 passed
START fixture=large nodes=100000 bonds=199997
cycle numeric nodes=100000 bonds=199997 squared=0 local=1.3819305422213546e-10 absolute=4.7311186790466309e-07 response=89743930.948516531 normwise=5.2717979132881256e-15 symmetry=8.1653636358772048e-20 worst-node=13020 coordinate=5
cycle component-coordinate normwise nodes=100000 bonds=199997 squared=0 error=1.491215722323374e-12
cycle numeric nodes=100000 bonds=199997 squared=1 local=2.5948766948268177e-09 absolute=88576 response=1.6807628495498227e+19 normwise=5.2699879714573827e-15 symmetry=2.2202071086187589e-21 worst-node=18733 coordinate=5
cycle component-coordinate normwise nodes=100000 bonds=199997 squared=1 error=1.4497799171727944e-12
cycle numeric nodes=100000 bonds=199997 squared=0 local=1.3819305422213546e-10 absolute=4.7311186790466309e-07 response=89743930.948516531 normwise=5.2717979132881256e-15 symmetry=8.1653636358772048e-20 worst-node=13020 coordinate=5
cycle component-coordinate normwise nodes=100000 bonds=199997 squared=0 error=1.491215722323374e-12
cycle numeric nodes=100000 bonds=199997 squared=1 local=2.5948766948268177e-09 absolute=88576 response=1.6807628495498227e+19 normwise=5.2699879714573827e-15 symmetry=2.2202071086187589e-21 worst-node=18733 coordinate=5
cycle component-coordinate normwise nodes=100000 bonds=199997 squared=1 error=1.4497799171727944e-12
cycle numeric nodes=100000 bonds=199997 squared=0 local=3.2928014467956697e-10 absolute=1.0803341865539551e-07 response=146636261.75986435 normwise=7.3674422246465926e-16 symmetry=3.860015637024342e-21 worst-node=89614 coordinate=1
cycle component-coordinate normwise nodes=100000 bonds=199997 squared=0 error=1.6510082521657734e-12
cycle numeric nodes=100000 bonds=199997 squared=1 local=3.8616823810305912e-08 absolute=12544 response=3.5476812818073608e+19 normwise=3.5358305900606377e-16 symmetry=4.2584619191828683e-19 worst-node=30324 coordinate=4
cycle component-coordinate normwise nodes=100000 bonds=199997 squared=1 error=1.5103117527221378e-12
cycle numeric nodes=100000 bonds=199997 squared=0 local=3.2928014467956697e-10 absolute=1.0803341865539551e-07 response=146636261.75986435 normwise=7.3674422246465926e-16 symmetry=3.860015637024342e-21 worst-node=89614 coordinate=1
cycle component-coordinate normwise nodes=100000 bonds=199997 squared=0 error=1.6510082521657734e-12
cycle numeric nodes=100000 bonds=199997 squared=1 local=3.8616823810305912e-08 absolute=12544 response=3.5476812818073608e+19 normwise=3.5358305900606377e-16 symmetry=4.2584619191828683e-19 worst-node=30324 coordinate=4
cycle component-coordinate normwise nodes=100000 bonds=199997 squared=1 error=1.5103117527221378e-12
cycle numeric nodes=100000 bonds=199997 squared=0 local=0 absolute=0 response=1 normwise=0 symmetry=0 worst-node=0 coordinate=0
cycle component-coordinate normwise nodes=100000 bonds=199997 squared=0 error=0
cycle numeric nodes=100000 bonds=199997 squared=1 local=0 absolute=0 response=1 normwise=0 symmetry=0 worst-node=0 coordinate=0
cycle component-coordinate normwise nodes=100000 bonds=199997 squared=1 error=0
cycle numeric nodes=100000 bonds=199997 squared=0 local=1.3819305422213546e-10 absolute=4.7311186790466309e-07 response=89743930.948516531 normwise=5.2717979132881256e-15 symmetry=8.1653636358772048e-20 worst-node=13020 coordinate=5
cycle component-coordinate normwise nodes=100000 bonds=199997 squared=0 error=1.491215722323374e-12
cycle numeric nodes=100000 bonds=199997 squared=1 local=2.5948766948268177e-09 absolute=88576 response=1.6807628495498227e+19 normwise=5.2699879714573827e-15 symmetry=2.2202071086187589e-21 worst-node=18733 coordinate=5
cycle component-coordinate normwise nodes=100000 bonds=199997 squared=1 error=1.4497799171727944e-12
resident V-cycle nodes=100000 bonds=199997 dense-oracle=0 squared-capture/symmetry/linearity passed
resident V-cycle nodes=100000 bonds=199997 dense-oracle=0 squared-capture/symmetry/linearity passed
resident V-cycle nodes=100000 bonds=199997 dense-oracle=0 squared-capture/symmetry/linearity passed
resident V-cycle nodes=100000 bonds=199997 dense-oracle=0 squared-capture/symmetry/linearity passed
resident V-cycle nodes=100000 bonds=199997 dense-oracle=0 squared-capture/symmetry/linearity passed
resident V-cycle nodes=100000 bonds=199997 dense-oracle=0 squared-capture/symmetry/linearity passed
assembled resident hierarchy nodes=100000 bonds=199997 levels=16 transitions=6 passed
========= ERROR SUMMARY: 0 errors
<end of output>
Test time =  12.52 sec
----------------------------------------------------------
Test Passed.
"blast_stress_gpu_resident_cycle_synccheck" end time: Sep 07 16:45 UTC
"blast_stress_gpu_resident_cycle_synccheck" time elapsed: 00:00:12
----------------------------------------------------------

End testing: Sep 07 16:45 UTC

gpu =  33.86 sec*proc

sanitizer =  27.76 sec*proc

