Internal ctest changing into directory: /root/workspace/physx-2/out/destruction-sdk
Test project /root/workspace/physx-2/out/destruction-sdk
      Start 38: physx_native_gpu_material
 1/28 Test #38: physx_native_gpu_material ......................   Passed    0.52 sec
      Start 39: physx_native_gpu_destruction
 2/28 Test #39: physx_native_gpu_destruction ...................   Passed    0.92 sec
      Start 46: physx_native_gpu_body_state
 3/28 Test #46: physx_native_gpu_body_state ....................   Passed    0.40 sec
      Start 47: physx_native_gpu_body_allocation
 4/28 Test #47: physx_native_gpu_body_allocation ...............   Passed    3.25 sec
      Start 48: physx_native_gpu_incremental_pairs
 5/28 Test #48: physx_native_gpu_incremental_pairs .............   Passed    0.25 sec
      Start 49: physx_native_gpu_pairs
 6/28 Test #49: physx_native_gpu_pairs .........................   Passed    0.50 sec
      Start 50: physx_native_gpu_motion_slots
 7/28 Test #50: physx_native_gpu_motion_slots ..................   Passed    0.24 sec
      Start 51: physx_native_gpu_collision_preparation
 8/28 Test #51: physx_native_gpu_collision_preparation .........   Passed    4.48 sec
      Start 52: physx_native_gpu_retained_registry
 9/28 Test #52: physx_native_gpu_retained_registry .............   Passed    0.41 sec
      Start 53: physx_native_gpu_contact_lifetime_exhaustion
10/28 Test #53: physx_native_gpu_contact_lifetime_exhaustion ...   Passed    0.74 sec
      Start 54: physx_native_gpu_initialization_failure
11/28 Test #54: physx_native_gpu_initialization_failure ........   Passed    0.40 sec
      Start 55: physx_native_gpu_solver_metadata
12/28 Test #55: physx_native_gpu_solver_metadata ...............   Passed    1.54 sec
      Start 56: physx_native_gpu_pre_solve_islands
13/28 Test #56: physx_native_gpu_pre_solve_islands .............   Passed    1.18 sec
      Start 57: physx_native_gpu_pre_solve_contacts
14/28 Test #57: physx_native_gpu_pre_solve_contacts ............   Passed    1.20 sec
      Start 58: physx_native_gpu_pre_solve_support
15/28 Test #58: physx_native_gpu_pre_solve_support .............   Passed    1.25 sec
      Start 59: physx_native_gpu_connectivity_owner
16/28 Test #59: physx_native_gpu_connectivity_owner ............   Passed    1.25 sec
      Start 60: physx_native_gpu_kinematic_support
17/28 Test #60: physx_native_gpu_kinematic_support .............   Passed    0.73 sec
      Start 61: physx_native_gpu_rigid_checkpoint
18/28 Test #61: physx_native_gpu_rigid_checkpoint ..............   Passed    2.74 sec
      Start 62: physx_native_gpu_correction_bodies
19/28 Test #62: physx_native_gpu_correction_bodies .............   Passed    4.45 sec
      Start 64: physx_native_gpu_visual_consumer
20/28 Test #64: physx_native_gpu_visual_consumer ...............   Passed    0.17 sec
      Start 68: physx_native_gpu_connectivity_fracture
21/28 Test #68: physx_native_gpu_connectivity_fracture .........   Passed    1.53 sec
      Start 70: physx_native_gpu_consumer
22/28 Test #70: physx_native_gpu_consumer ......................   Passed    2.77 sec
      Start 71: physx_native_gpu_renderer
23/28 Test #71: physx_native_gpu_renderer ......................   Passed    3.17 sec
      Start 72: physx_native_gpu_retained_contact_graph
24/28 Test #72: physx_native_gpu_retained_contact_graph ........   Passed    1.23 sec
      Start 73: physx_native_gpu_bombardment_contacts
25/28 Test #73: physx_native_gpu_bombardment_contacts ..........   Passed   12.87 sec
      Start 74: physx_native_gpu_resimulation
26/28 Test #74: physx_native_gpu_resimulation ..................   Passed    7.76 sec
      Start 85: physx_native_gpu_group_filtering
27/28 Test #85: physx_native_gpu_group_filtering ...............   Passed    1.74 sec
      Start 86: physx_native_gpu_publication
28/28 Test #86: physx_native_gpu_publication ...................   Passed    2.08 sec

100% tests passed, 0 tests failed out of 28

Label Time Summary:
gpu            =  12.87 sec*proc (1 test)
integration    =  12.87 sec*proc (1 test)

Total Test time (real) =  59.76 sec
