resident columns: topology=asset nodes=12 bonds=9 worst relative error=0
resident columns: topology=asset nodes=1536 bonds=1152 worst relative error=0
resident columns: topology=asset nodes=131072 bonds=98304 worst relative error=0
resident columns: topology=GPU nodes=12 bonds=9 worst relative error=1.58946e-07
resident columns: topology=GPU nodes=1536 bonds=1152 worst relative error=3.12924e-07
resident columns: topology=GPU nodes=131072 bonds=98304 worst relative error=3.12924e-07
native history id=12 iteration=1 residual2=8192 gamma=1374.62 direction_energy=925.458 g0=-0.612564 mu0=-0.909865
native history id=12 iteration=2 residual2=4.41609 gamma=19.6432 direction_energy=68.2194 g0=-0.104972 mu0=-0.942611
native history id=12 iteration=4 residual2=0.0653892 gamma=1.20857 direction_energy=19.8734 g0=0.350378 mu0=-0.972161
native history id=12 iteration=8 residual2=0.000614439 gamma=0.0985954 direction_energy=7.86008 g0=-0.246577 mu0=-1.02404
native history id=12 iteration=16 residual2=2.98654e-06 gamma=0.00333838 direction_energy=1.62307 g0=-0.0248216 mu0=-1.02777
native component id=0 nodes=12 iterations=2 active=1 failed=0 residual2=53.6653 tolerance2=8e-09 gamma=6.01642 direction_energy=1.38688
native history id=12 iteration=1 residual2=8192 gamma=1374.62 direction_energy=925.458 g0=-0.612564 mu0=-0.909865
native history id=12 iteration=2 residual2=4.41609 gamma=19.6432 direction_energy=68.2194 g0=-0.104972 mu0=-0.942611
native component id=12 nodes=1024 iterations=2 active=1 failed=0 residual2=4.41609 tolerance2=4.096e-07 gamma=19.6432 direction_energy=68.2194
native cooperative id=1036 iterations=2 active=1 failed=0 residual2=3.46321 tolerance2=4.112e-07 gamma=17.466 direction_energy=48.6878
native component id=0 nodes=12 iterations=2 active=1 failed=0 residual2=0.0555494 tolerance2=4.8e-09 gamma=0.443159 direction_energy=1.96805
native history id=12 iteration=1 residual2=8192 gamma=1374.62 direction_energy=925.458 g0=-0.612564 mu0=-0.909865
native history id=12 iteration=2 residual2=4.41609 gamma=19.6432 direction_energy=68.2194 g0=-0.104972 mu0=-0.942611
native component id=12 nodes=1024 iterations=2 active=1 failed=0 residual2=4.41609 tolerance2=4.096e-07 gamma=19.6432 direction_energy=68.2194
native cooperative id=1036 iterations=2 active=1 failed=0 residual2=90.8843 tolerance2=4.144e-07 gamma=8.12895 direction_energy=0.0234924
native history id=12 iteration=1 residual2=0 gamma=0 direction_energy=0 g0=-0.104972 mu0=0
resident mixed components: nodes=2064 bonds=2061 sizes=12,1024,1028 interleaved=0 analytic forces and iteration-cap rejection passed
native history id=1 iteration=1 residual2=8192 gamma=1346.55 direction_energy=888.211 g0=0.479553 mu0=0.727015
native history id=1 iteration=2 residual2=3.53047 gamma=18.4538 direction_energy=57.3777 g0=0.403058 mu0=0.85876
native history id=1 iteration=4 residual2=0.0787208 gamma=1.36639 direction_energy=21.4965 g0=-0.00379687 mu0=0.937368
native history id=1 iteration=8 residual2=0.000418401 gamma=0.0636074 direction_energy=4.64103 g0=0.555424 mu0=0.951979
native history id=1 iteration=16 residual2=1.04286e-06 gamma=0.00235315 direction_energy=2.27194 g0=0.443466 mu0=0.9908
native component id=0 nodes=12 iterations=2 active=1 failed=0 residual2=38.8951 tolerance2=8e-09 gamma=5.04049 direction_energy=1.16574
native history id=1 iteration=1 residual2=8192 gamma=1346.55 direction_energy=888.211 g0=0.479553 mu0=0.727015
native history id=1 iteration=2 residual2=3.53047 gamma=18.4538 direction_energy=57.3777 g0=0.403058 mu0=0.85876
native component id=1 nodes=1024 iterations=2 active=1 failed=0 residual2=3.53047 tolerance2=4.096e-07 gamma=18.4538 direction_energy=57.3777
native cooperative id=3 iterations=2 active=1 failed=0 residual2=3.60955 tolerance2=4.112e-07 gamma=18.9565 direction_energy=59.6159
native component id=0 nodes=12 iterations=2 active=1 failed=0 residual2=0.0189969 tolerance2=4.8e-09 gamma=0.215522 direction_energy=0.406798
native history id=1 iteration=1 residual2=8192 gamma=1346.55 direction_energy=888.211 g0=0.479553 mu0=0.727015
native history id=1 iteration=2 residual2=3.53047 gamma=18.4538 direction_energy=57.3777 g0=0.403058 mu0=0.85876
native component id=1 nodes=1024 iterations=2 active=1 failed=0 residual2=3.53047 tolerance2=4.096e-07 gamma=18.4538 direction_energy=57.3777
native cooperative id=3 iterations=2 active=1 failed=0 residual2=51.7751 tolerance2=4.144e-07 gamma=7.64343 direction_energy=0.0309318
native history id=1 iteration=1 residual2=0 gamma=0 direction_energy=0 g0=0.403058 mu0=0
resident mixed components: nodes=2064 bonds=2061 sizes=12,1024,1028 interleaved=1 analytic forces and iteration-cap rejection passed
resident uneven components: components=769 nodes=13828 bonds=13059 warm=0 six quiet/load transitions passed
resident uneven components: components=769 nodes=13828 bonds=13059 warm=1 six quiet/load transitions passed
native cooperative id=0 iterations=128 active=1 failed=0 residual2=2.42179e-26 tolerance2=0 gamma=3.62415e-13 direction_energy=2.74249
transition failure generation=0 load_revision=0 iterations=128
transition did not converge
