========= COMPUTE-SANITIZER
[PhysX:32] Native GPU destruction stage failed; this simulation step is incomplete. (/root/workspace/physx-2/physx/source/gpusimulationcontroller/src/PxgSimulationController.cpp:915)
[PhysX:32] Native GPU destruction stage failed; this simulation step is incomplete. (/root/workspace/physx-2/physx/source/gpusimulationcontroller/src/PxgSimulationController.cpp:915)
[PhysX:32] Native GPU destruction stage failed; this simulation step is incomplete. (/root/workspace/physx-2/physx/source/gpusimulationcontroller/src/PxgSimulationController.cpp:915)
[PhysX:32] Native GPU destruction stage failed; this simulation step is incomplete. (/root/workspace/physx-2/physx/source/gpusimulationcontroller/src/PxgSimulationController.cpp:915)
[PhysX:32] Native GPU destruction stage failed; this simulation step is incomplete. (/root/workspace/physx-2/physx/source/gpusimulationcontroller/src/PxgSimulationController.cpp:915)
[PhysX:32] Native GPU destruction stage failed; this simulation step is incomplete. (/root/workspace/physx-2/physx/source/gpusimulationcontroller/src/PxgSimulationController.cpp:915)
[PhysX:32] Native GPU destruction stage failed; this simulation step is incomplete. (/root/workspace/physx-2/physx/source/gpusimulationcontroller/src/PxgSimulationController.cpp:915)
[PhysX:32] Native GPU destruction stage failed; this simulation step is incomplete. (/root/workspace/physx-2/physx/source/gpusimulationcontroller/src/PxgSimulationController.cpp:915)
[PhysX:32] Native GPU destruction stage failed; this simulation step is incomplete. (/root/workspace/physx-2/physx/source/gpusimulationcontroller/src/PxgSimulationController.cpp:915)
[PhysX:32] Native GPU destruction stage failed; this simulation step is incomplete. (/root/workspace/physx-2/physx/source/gpusimulationcontroller/src/PxgSimulationController.cpp:915)
[PhysX:32] Native GPU destruction stage failed; this simulation step is incomplete. (/root/workspace/physx-2/physx/source/gpusimulationcontroller/src/PxgSimulationController.cpp:915)
[PhysX:32] Native GPU destruction stage failed; this simulation step is incomplete. (/root/workspace/physx-2/physx/source/gpusimulationcontroller/src/PxgSimulationController.cpp:915)
[PhysX:32] Native GPU destruction stage failed; this simulation step is incomplete. (/root/workspace/physx-2/physx/source/gpusimulationcontroller/src/PxgSimulationController.cpp:915)
[PhysX:32] Native GPU destruction stage failed; this simulation step is incomplete. (/root/workspace/physx-2/physx/source/gpusimulationcontroller/src/PxgSimulationController.cpp:915)
[PhysX:32] Native GPU destruction stage failed; this simulation step is incomplete. (/root/workspace/physx-2/physx/source/gpusimulationcontroller/src/PxgSimulationController.cpp:915)
[PhysX:32] Native GPU destruction stage failed; this simulation step is incomplete. (/root/workspace/physx-2/physx/source/gpusimulationcontroller/src/PxgSimulationController.cpp:915)
[PhysX:32] Native GPU destruction stage failed; this simulation step is incomplete. (/root/workspace/physx-2/physx/source/gpusimulationcontroller/src/PxgSimulationController.cpp:915)
[PhysX:32] Native GPU destruction stage failed; this simulation step is incomplete. (/root/workspace/physx-2/physx/source/gpusimulationcontroller/src/PxgSimulationController.cpp:915)
[PhysX:32] Native GPU destruction stage failed; this simulation step is incomplete. (/root/workspace/physx-2/physx/source/gpusimulationcontroller/src/PxgSimulationController.cpp:915)
[PhysX:32] Native GPU destruction stage failed; this simulation step is incomplete. (/root/workspace/physx-2/physx/source/gpusimulationcontroller/src/PxgSimulationController.cpp:915)
[PhysX:32] Native GPU destruction stage failed; this simulation step is incomplete. (/root/workspace/physx-2/physx/source/gpusimulationcontroller/src/PxgSimulationController.cpp:915)
[PhysX:32] Native GPU destruction stage failed; this simulation step is incomplete. (/root/workspace/physx-2/physx/source/gpusimulationcontroller/src/PxgSimulationController.cpp:915)
[PhysX:32] Native GPU destruction stage failed; this simulation step is incomplete. (/root/workspace/physx-2/physx/source/gpusimulationcontroller/src/PxgSimulationController.cpp:915)
[PhysX:32] Native GPU destruction stage failed; this simulation step is incomplete. (/root/workspace/physx-2/physx/source/gpusimulationcontroller/src/PxgSimulationController.cpp:915)
[PhysX:32] Native GPU destruction stage failed; this simulation step is incomplete. (/root/workspace/physx-2/physx/source/gpusimulationcontroller/src/PxgSimulationController.cpp:915)
[PhysX:32] Native GPU destruction stage failed; this simulation step is incomplete. (/root/workspace/physx-2/physx/source/gpusimulationcontroller/src/PxgSimulationController.cpp:915)
[PhysX:32] Native GPU destruction stage failed; this simulation step is incomplete. (/root/workspace/physx-2/physx/source/gpusimulationcontroller/src/PxgSimulationController.cpp:915)
[PhysX:32] Native GPU destruction stage failed; this simulation step is incomplete. (/root/workspace/physx-2/physx/source/gpusimulationcontroller/src/PxgSimulationController.cpp:915)
[PhysX:32] Native GPU destruction stage failed; this simulation step is incomplete. (/root/workspace/physx-2/physx/source/gpusimulationcontroller/src/PxgSimulationController.cpp:915)
[PhysX:32] Native GPU destruction stage failed; this simulation step is incomplete. (/root/workspace/physx-2/physx/source/gpusimulationcontroller/src/PxgSimulationController.cpp:915)
[PhysX:32] Native GPU destruction stage failed; this simulation step is incomplete. (/root/workspace/physx-2/physx/source/gpusimulationcontroller/src/PxgSimulationController.cpp:915)
[PhysX:32] Native GPU destruction stage failed; this simulation step is incomplete. (/root/workspace/physx-2/physx/source/gpusimulationcontroller/src/PxgSimulationController.cpp:915)
[PhysX:32] Native GPU destruction stage failed; this simulation step is incomplete. (/root/workspace/physx-2/physx/source/gpusimulationcontroller/src/PxgSimulationController.cpp:915)
[PhysX:32] Native GPU destruction stage failed; this simulation step is incomplete. (/root/workspace/physx-2/physx/source/gpusimulationcontroller/src/PxgSimulationController.cpp:915)
[PhysX:32] Native GPU destruction stage failed; this simulation step is incomplete. (/root/workspace/physx-2/physx/source/gpusimulationcontroller/src/PxgSimulationController.cpp:915)
[PhysX:32] Native GPU destruction stage failed; this simulation step is incomplete. (/root/workspace/physx-2/physx/source/gpusimulationcontroller/src/PxgSimulationController.cpp:915)
[PhysX:32] Native GPU destruction stage failed; this simulation step is incomplete. (/root/workspace/physx-2/physx/source/gpusimulationcontroller/src/PxgSimulationController.cpp:915)
[PhysX:32] Native GPU destruction stage failed; this simulation step is incomplete. (/root/workspace/physx-2/physx/source/gpusimulationcontroller/src/PxgSimulationController.cpp:915)
[PhysX:32] Native GPU destruction stage failed; this simulation step is incomplete. (/root/workspace/physx-2/physx/source/gpusimulationcontroller/src/PxgSimulationController.cpp:915)
[PhysX:32] Native GPU destruction stage failed; this simulation step is incomplete. (/root/workspace/physx-2/physx/source/gpusimulationcontroller/src/PxgSimulationController.cpp:915)
[PhysX:32] Native GPU destruction stage failed; this simulation step is incomplete. (/root/workspace/physx-2/physx/source/gpusimulationcontroller/src/PxgSimulationController.cpp:915)
[PhysX:32] Native GPU destruction stage failed; this simulation step is incomplete. (/root/workspace/physx-2/physx/source/gpusimulationcontroller/src/PxgSimulationController.cpp:915)
[PhysX:32] Native GPU destruction stage failed; this simulation step is incomplete. (/root/workspace/physx-2/physx/source/gpusimulationcontroller/src/PxgSimulationController.cpp:915)
[PhysX:32] Native GPU destruction stage failed; this simulation step is incomplete. (/root/workspace/physx-2/physx/source/gpusimulationcontroller/src/PxgSimulationController.cpp:915)
[PhysX:32] Native GPU destruction stage failed; this simulation step is incomplete. (/root/workspace/physx-2/physx/source/gpusimulationcontroller/src/PxgSimulationController.cpp:915)
native identity validation: bounds, removed slots, foreign/reused shapes, duplicate and partially invalid batches passed
native membership: reservations, acceptance, fragment sources, discard, clear and reuse passed
native cluster allocation: intact no allocation, real node reservations, unchanged owner reuse, retry stability, 256-child growth, pending-upload removal, private actor/event isolation passed
native cluster allocation: intact no allocation, real node reservations, unchanged owner reuse, retry stability, 256-child growth, pending-upload removal, private actor/event isolation passed
native cluster allocation: intact no allocation, real node reservations, unchanged owner reuse, retry stability, 256-child growth, pending-upload removal, private actor/event isolation passed
native cluster allocation: intact no allocation, real node reservations, unchanged owner reuse, retry stability, 256-child growth, pending-upload removal, private actor/event isolation passed
native body initialization: actual GPU mass/COM/motion, point velocity, GPU settings, retained parent and post-growth descriptors passed
native body initialization: actual GPU mass/COM/motion, point velocity, GPU settings, retained parent and post-growth descriptors passed
========= ERROR SUMMARY: 0 errors
