Building CUDA object sdk_gpu_source_bin/destruction-runtime/CMakeFiles/PhysXDestructionGpuRuntime.dir/root/workspace/physx-2/physx/source/gpudestruction/src/PxgDestructionRuntime.cu.o
/root/workspace/physx-2/physx/source/gpudestruction/src/PxgDestructionRuntime.cu(173): warning #3152-D: nonstandard use of explicit constructor "physx::PxNodeIndex::PxNodeIndex" (declared at line 70 of /root/workspace/physx-2/physx/include/PxNodeIndex.h) for default aggregate element initialization
      PxGpuContactPair p{};
                         ^

Remark: The warnings can be suppressed with "-diag-suppress <warning-number>"

/root/workspace/physx-2/physx/source/gpudestruction/src/PxgDestructionRuntime.cu(173): warning #3152-D: nonstandard use of explicit constructor "physx::PxNodeIndex::PxNodeIndex" (declared at line 70 of /root/workspace/physx-2/physx/include/PxNodeIndex.h) for default aggregate element initialization
      PxGpuContactPair p{};
                         ^

/root/workspace/physx-2/physx/source/gpudestruction/src/PxgDestructionRuntime.cu(173): warning #3152-D: nonstandard use of explicit constructor "physx::PxNodeIndex::PxNodeIndex" (declared at line 70 of /root/workspace/physx-2/physx/include/PxNodeIndex.h) for default aggregate element initialization
      PxGpuContactPair p{};
                         ^

Remark: The warnings can be suppressed with "-diag-suppress <warning-number>"

/root/workspace/physx-2/physx/source/gpudestruction/src/PxgDestructionRuntime.cu(173): warning #3152-D: nonstandard use of explicit constructor "physx::PxNodeIndex::PxNodeIndex" (declared at line 70 of /root/workspace/physx-2/physx/include/PxNodeIndex.h) for default aggregate element initialization
      PxGpuContactPair p{};
                         ^

In destructor ‘physx::PxProfileScoped::~PxProfileScoped()’,
    inlined from ‘void physx::_GLOBAL__N__2d3fc3ea_24_PxgDestructionRuntime_cu_ef6454e3::Runtime::reserveBodySlots()’ at /root/workspace/physx-2/physx/source/gpudestruction/src/PxgDestructionRuntime.cu:1343:1:
/root/workspace/physx-2/physx/include/foundation/PxProfiler.h:129:42: warning: ‘records.physx::PxProfileScoped::mContextId’ may be used uninitialized [-Wmaybe-uninitialized]
  129 |                         mCallback->zoneEnd(mProfilerData, mEventName, mDetached, mContextId);
      |                         ~~~~~~~~~~~~~~~~~^~~~~~~~~~~~~~~~~~~~~~~~~~~~~~~~~~~~~~~~~~~~~~~~~~
/root/workspace/physx-2/physx/source/gpudestruction/src/PxgDestructionRuntime.cu: In member function ‘void physx::_GLOBAL__N__2d3fc3ea_24_PxgDestructionRuntime_cu_ef6454e3::Runtime::reserveBodySlots()’:
/root/workspace/physx-2/physx/source/gpudestruction/src/PxgDestructionRuntime.cu:1341:17: note: ‘records.physx::PxProfileScoped::mContextId’ was declared here
 1341 |             PxProfileScoped records(mProfiler,"GpuDestruction.finishDetail.allocateNativeBodies",false,mProfileContext);
      |                 ^~~~~~~
Linking CUDA shared library /root/workspace/physx-2/out/vibe-committed-changes-20260908/sdk/physx/bin/linux.x86_64/release/libPhysXDestructionGpuRuntime_64.so
Built target PhysXDestructionGpuRuntime
