Internal ctest changing into directory: /root/workspace/physx-2/out/destruction-sdk
Test project /root/workspace/physx-2/out/destruction-sdk
    Start 47: physx_native_gpu_body_allocation
1/8 Test #47: physx_native_gpu_body_allocation .......***Failed    1.07 sec
[PhysX:32] Native GPU destruction stage failed; this simulation step is incomplete. (/root/workspace/physx-2/physx/source/gpusimulationcontroller/src/PxgSimulationController.cpp:935)
GPU motion storage is smaller than registered body range
native identity validation: bounds, removed slots, foreign/reused shapes, duplicate and partially invalid batches passed
native membership: reservations, acceptance, fragment sources, discard, clear and reuse passed

    Start 62: physx_native_gpu_correction_bodies
2/8 Test #62: physx_native_gpu_correction_bodies .....   Passed    4.40 sec
    Start 77: physx_native_post_correction
3/8 Test #77: physx_native_post_correction ...........   Passed    0.76 sec
    Start 78: physx_native_standard_awake
4/8 Test #78: physx_native_standard_awake ............   Passed    0.46 sec
    Start 79: physx_native_standard_sleep
5/8 Test #79: physx_native_standard_sleep ............   Passed    0.82 sec
    Start 80: physx_native_compound_sleep
6/8 Test #80: physx_native_compound_sleep ............   Passed    0.44 sec
    Start 81: physx_native_standard_sleep_boundary
7/8 Test #81: physx_native_standard_sleep_boundary ...   Passed    1.52 sec
    Start 83: physx_native_standard_wake_boundary
8/8 Test #83: physx_native_standard_wake_boundary ....   Passed    0.80 sec

88% tests passed, 1 tests failed out of 8

Label Time Summary:
gpu            =   4.79 sec*proc (6 tests)
integration    =   4.79 sec*proc (6 tests)

Total Test time (real) =  10.26 sec

The following tests FAILED:
	 47 - physx_native_gpu_body_allocation (Failed)
Errors while running CTest
