Internal ctest changing into directory: /root/workspace/physx-2/out/destruction-sdk
Test project /root/workspace/physx-2/out/destruction-sdk
      Start 38: physx_native_gpu_material
 1/43 Test #38: physx_native_gpu_material ......................   Passed    0.53 sec
      Start 39: physx_native_gpu_destruction
 2/43 Test #39: physx_native_gpu_destruction ...................   Passed    0.93 sec
      Start 46: physx_native_gpu_body_state
 3/43 Test #46: physx_native_gpu_body_state ....................   Passed    0.41 sec
      Start 47: physx_native_gpu_body_allocation
 4/43 Test #47: physx_native_gpu_body_allocation ...............   Passed    3.25 sec
      Start 48: physx_native_gpu_incremental_pairs
 5/43 Test #48: physx_native_gpu_incremental_pairs .............   Passed    0.25 sec
      Start 49: physx_native_gpu_pairs
 6/43 Test #49: physx_native_gpu_pairs .........................   Passed    0.48 sec
      Start 50: physx_native_gpu_motion_slots
 7/43 Test #50: physx_native_gpu_motion_slots ..................   Passed    0.23 sec
      Start 51: physx_native_gpu_collision_preparation
 8/43 Test #51: physx_native_gpu_collision_preparation .........   Passed    4.52 sec
      Start 52: physx_native_gpu_retained_registry
 9/43 Test #52: physx_native_gpu_retained_registry .............   Passed    0.40 sec
      Start 53: physx_native_gpu_contact_lifetime_exhaustion
10/43 Test #53: physx_native_gpu_contact_lifetime_exhaustion ...   Passed    0.75 sec
      Start 54: physx_native_gpu_initialization_failure
11/43 Test #54: physx_native_gpu_initialization_failure ........***Failed    0.40 sec
native initialization failure was not exercised/rejected

      Start 55: physx_native_gpu_solver_metadata
12/43 Test #55: physx_native_gpu_solver_metadata ...............   Passed    1.55 sec
      Start 56: physx_native_gpu_pre_solve_islands
13/43 Test #56: physx_native_gpu_pre_solve_islands .............   Passed    1.18 sec
      Start 57: physx_native_gpu_pre_solve_contacts
14/43 Test #57: physx_native_gpu_pre_solve_contacts ............   Passed    1.22 sec
      Start 58: physx_native_gpu_pre_solve_support
15/43 Test #58: physx_native_gpu_pre_solve_support .............   Passed    1.22 sec
      Start 59: physx_native_gpu_connectivity_owner
16/43 Test #59: physx_native_gpu_connectivity_owner ............   Passed    1.26 sec
      Start 60: physx_native_gpu_kinematic_support
17/43 Test #60: physx_native_gpu_kinematic_support .............   Passed    0.73 sec
      Start 61: physx_native_gpu_rigid_checkpoint
18/43 Test #61: physx_native_gpu_rigid_checkpoint ..............   Passed    2.73 sec
      Start 62: physx_native_gpu_correction_bodies
19/43 Test #62: physx_native_gpu_correction_bodies .............   Passed    4.52 sec
      Start 63: physx_native_demo_projectile_launch
20/43 Test #63: physx_native_demo_projectile_launch ............   Passed    0.00 sec
      Start 64: physx_native_gpu_visual_consumer
21/43 Test #64: physx_native_gpu_visual_consumer ...............   Passed    0.16 sec
      Start 65: physx_native_cupti_long_capture
22/43 Test #65: physx_native_cupti_long_capture ................   Passed    7.11 sec
      Start 66: physx_native_cupti_overflow_rejected
23/43 Test #66: physx_native_cupti_overflow_rejected ...........   Passed    3.00 sec
      Start 67: physx_native_destruction_timing_accounting
24/43 Test #67: physx_native_destruction_timing_accounting .....   Passed    0.17 sec
      Start 68: physx_native_gpu_connectivity_fracture
25/43 Test #68: physx_native_gpu_connectivity_fracture .........***Failed    1.12 sec
native t=0.0 chunks=444 bonds=896 clusters=1 shots=1 broken=0 corrections=0 step=4.36ms
native t=1.0 chunks=444 bonds=896 clusters=1 shots=2 broken=0 corrections=0 step=0.60ms
native t=2.0 chunks=444 bonds=896 clusters=380 shots=2 broken=783 corrections=3 step=1.39ms
native t=3.0 chunks=444 bonds=896 clusters=380 shots=2 broken=783 corrections=3 step=1.36ms
native t=4.0 chunks=444 bonds=896 clusters=381 shots=2 broken=784 corrections=4 step=1.20ms
native t=5.0 chunks=444 bonds=896 clusters=381 shots=2 broken=784 corrections=4 step=1.37ms
Traceback (most recent call last):
  File "/root/workspace/physx-2/demos/blast-stress-demo/tests/native_connectivity_fracture_test.py", line 21, in <module>
    assert graph['host_connectivity_restores'] > 0  # Exercises the post-partition fallback bug.
           ^^^^^^^^^^^^^^^^^^^^^^^^^^^^^^^^^^^^^^^
AssertionError

      Start 69: physx_native_profile_accounting
26/43 Test #69: physx_native_profile_accounting ................   Passed    0.04 sec
      Start 70: physx_native_gpu_consumer
27/43 Test #70: physx_native_gpu_consumer ......................***Failed    0.64 sec
native t=0.0 chunks=444 bonds=896 clusters=1 shots=1 broken=0 corrections=0 step=4.31ms
native t=1.0 chunks=444 bonds=896 clusters=1 shots=2 broken=0 corrections=0 step=0.60ms
native t=2.0 chunks=444 bonds=896 clusters=380 shots=3 broken=783 corrections=3 step=1.23ms
CUDA pre-solve producer omitted a live node

Failed capture retained at /tmp/physx-gpu-consumer-wr_m36b2
Traceback (most recent call last):
  File "/root/workspace/physx-2/demos/blast-stress-demo/tests/native_gpu_consumer_test.py", line 23, in <module>
    subprocess.run(command, stdout=log, stderr=subprocess.STDOUT, check=True, timeout=120)
  File "/usr/lib/python3.12/subprocess.py", line 571, in run
    raise CalledProcessError(retcode, process.args,
subprocess.CalledProcessError: Command '['/root/workspace/physx-2/out/destruction-sdk/reference/native_destruction_demo', '--grid', '1', '--waves', '4', '--seconds', '8', '--stress-iterations', '8192', '--preserve-contact-pairs', '1', '--gpu-island-repair', '1', '--gpu-pre-solve-islands', '1', '--gpu-pre-solve-contacts', '1', '--gpu-pre-solve-support', '1', '--audit-islands', '1', '--audit-motion', '0', '--record-state', '0', '--gpu-render', '0', '--output', '/tmp/physx-gpu-consumer-wr_m36b2/resident']' returned non-zero exit status 1.

      Start 71: physx_native_gpu_renderer
28/43 Test #71: physx_native_gpu_renderer ......................***Failed    0.79 sec
native t=0.0 chunks=444 bonds=896 clusters=1 shots=1 broken=0 corrections=0 step=4.47ms
native t=1.0 chunks=444 bonds=896 clusters=1 shots=2 broken=0 corrections=0 step=0.75ms
native t=2.0 chunks=444 bonds=896 clusters=380 shots=3 broken=783 corrections=3 step=1.44ms
CUDA pre-solve producer omitted a live node

Failed capture retained at /tmp/physx-gpu-consumer-mds9a6pu
Traceback (most recent call last):
  File "/root/workspace/physx-2/demos/blast-stress-demo/tests/native_gpu_consumer_test.py", line 23, in <module>
    subprocess.run(command, stdout=log, stderr=subprocess.STDOUT, check=True, timeout=120)
  File "/usr/lib/python3.12/subprocess.py", line 571, in run
    raise CalledProcessError(retcode, process.args,
subprocess.CalledProcessError: Command '['/root/workspace/physx-2/out/destruction-sdk/reference/native_destruction_demo', '--grid', '1', '--waves', '4', '--seconds', '8', '--stress-iterations', '8192', '--preserve-contact-pairs', '1', '--gpu-island-repair', '1', '--gpu-pre-solve-islands', '1', '--gpu-pre-solve-contacts', '1', '--gpu-pre-solve-support', '1', '--audit-islands', '1', '--audit-motion', '0', '--record-state', '0', '--gpu-render', '1', '--output', '/tmp/physx-gpu-consumer-mds9a6pu/resident']' returned non-zero exit status 1.

      Start 72: physx_native_gpu_retained_contact_graph
29/43 Test #72: physx_native_gpu_retained_contact_graph ........***Failed    0.54 sec
native t=0.0 chunks=444 bonds=896 clusters=1 shots=1 broken=0 corrections=0 step=4.05ms
native t=1.0 chunks=444 bonds=896 clusters=1 shots=1 broken=0 corrections=0 step=0.53ms
GPU graph dropped or retained the wrong contact rows

Failed capture retained at /tmp/physx-retained-contact-3hgw968x
Traceback (most recent call last):
  File "/root/workspace/physx-2/demos/blast-stress-demo/tests/native_retained_contact_test.py", line 18, in <module>
    assert result.returncode == 0, f"demo exited {result.returncode}"
           ^^^^^^^^^^^^^^^^^^^^^^
AssertionError: demo exited 1

      Start 73: physx_native_gpu_bombardment_contacts
30/43 Test #73: physx_native_gpu_bombardment_contacts ..........***Failed    3.40 sec
native t=0.0 chunks=113664 bonds=229376 clusters=256 shots=256 broken=0 corrections=0 step=7.61ms
native t=1.0 chunks=113664 bonds=229376 clusters=256 shots=256 broken=0 corrections=0 step=1.24ms
GPU graph dropped or retained the wrong contact rows

Failed audit retained at /tmp/physx-bombardment-contacts-p53rksip
Traceback (most recent call last):
  File "/root/workspace/physx-2/demos/blast-stress-demo/tests/native_bombardment_contacts_test.py", line 25, in <module>
    assert result.returncode == 0, f'Bombardment audit exited {result.returncode}'
           ^^^^^^^^^^^^^^^^^^^^^^
AssertionError: Bombardment audit exited 1

      Start 74: physx_native_gpu_resimulation
31/43 Test #74: physx_native_gpu_resimulation ..................   Passed    7.79 sec
      Start 75: physx_native_standard_reported_reuse
32/43 Test #75: physx_native_standard_reported_reuse ...........   Passed    1.92 sec
      Start 76: physx_native_standard_reuse
33/43 Test #76: physx_native_standard_reuse ....................   Passed    0.83 sec
      Start 77: physx_native_post_correction
34/43 Test #77: physx_native_post_correction ...................   Passed    0.76 sec
      Start 78: physx_native_standard_awake
35/43 Test #78: physx_native_standard_awake ....................   Passed    0.46 sec
      Start 79: physx_native_standard_sleep
36/43 Test #79: physx_native_standard_sleep ....................   Passed    0.84 sec
      Start 80: physx_native_compound_sleep
37/43 Test #80: physx_native_compound_sleep ....................   Passed    0.44 sec
      Start 81: physx_native_standard_sleep_boundary
38/43 Test #81: physx_native_standard_sleep_boundary ...........   Passed    1.53 sec
      Start 82: physx_native_standard_gpu_islands
39/43 Test #82: physx_native_standard_gpu_islands ..............   Passed    0.93 sec
      Start 83: physx_native_standard_wake_boundary
40/43 Test #83: physx_native_standard_wake_boundary ............   Passed    0.81 sec
      Start 84: physx_native_standard_late_impact
41/43 Test #84: physx_native_standard_late_impact ..............   Passed    0.82 sec
      Start 85: physx_native_gpu_group_filtering
42/43 Test #85: physx_native_gpu_group_filtering ...............   Passed    1.70 sec
      Start 86: physx_native_gpu_publication
43/43 Test #86: physx_native_gpu_publication ...................   Passed    2.10 sec

86% tests passed, 6 tests failed out of 43

Label Time Summary:
gpu            =  12.75 sec*proc (11 tests)
integration    =  12.75 sec*proc (11 tests)

Total Test time (real) =  64.50 sec

The following tests FAILED:
	 54 - physx_native_gpu_initialization_failure (Failed)
	 68 - physx_native_gpu_connectivity_fracture (Failed)
	 70 - physx_native_gpu_consumer (Failed)
	 71 - physx_native_gpu_renderer (Failed)
	 72 - physx_native_gpu_retained_contact_graph (Failed)
	 73 - physx_native_gpu_bombardment_contacts (Failed)
Errors while running CTest
