========= COMPUTE-SANITIZER
native impact fracture=1 frame=0 complete=1 error=0 stage=0 contacts=0 broken=0 corrections=0
native impact fracture=1 frame=1 complete=1 error=0 stage=0 contacts=0 broken=0 corrections=0
native impact fracture=1 frame=2 complete=1 error=0 stage=0 contacts=0 broken=0 corrections=0
native impact fracture=1 frame=3 complete=1 error=0 stage=0 contacts=0 broken=0 corrections=0
native impact fracture=1 frame=4 complete=1 error=0 stage=0 contacts=0 broken=0 corrections=0
native impact fracture=1 frame=5 complete=1 error=0 stage=0 contacts=0 broken=0 corrections=0
native impact fracture=1 frame=6 complete=1 error=0 stage=0 contacts=1 broken=1 corrections=1
native impact fracture=1 frame=7 complete=1 error=0 stage=0 contacts=1 broken=0 corrections=0
native impact fracture=1 frame=8 complete=1 error=0 stage=0 contacts=1 broken=0 corrections=0
native impact fracture=1 frame=9 complete=1 error=0 stage=0 contacts=1 broken=0 corrections=0
native impact fracture=1 frame=10 complete=1 error=0 stage=0 contacts=1 broken=0 corrections=0
native impact fracture=1 frame=11 complete=1 error=0 stage=0 contacts=1 broken=0 corrections=0
native impact fracture=1 frame=12 complete=1 error=0 stage=0 contacts=1 broken=0 corrections=0
native impact fracture=1 frame=13 complete=1 error=0 stage=0 contacts=1 broken=0 corrections=0
native impact fracture=1 frame=14 complete=1 error=0 stage=0 contacts=1 broken=0 corrections=0
native impact fracture=1 frame=15 complete=1 error=0 stage=0 contacts=1 broken=0 corrections=0
native impact fracture=1 frame=16 complete=1 error=0 stage=0 contacts=1 broken=0 corrections=0
native impact fracture=1 frame=17 complete=1 error=0 stage=0 contacts=1 broken=0 corrections=0
native impact fracture=1 frame=18 complete=1 error=0 stage=0 contacts=1 broken=0 corrections=0
native impact fracture=1 frame=19 complete=1 error=0 stage=0 contacts=1 broken=0 corrections=0
native impact fracture=1 frame=20 complete=1 error=0 stage=0 contacts=0 broken=0 corrections=0
native impact fracture=1 frame=21 complete=1 error=0 stage=0 contacts=0 broken=0 corrections=0
native impact fracture=1 frame=22 complete=1 error=0 stage=0 contacts=0 broken=0 corrections=0
native impact fracture=1 frame=23 complete=1 error=0 stage=0 contacts=0 broken=0 corrections=0
native impact fracture=1 frame=24 complete=1 error=0 stage=0 contacts=0 broken=0 corrections=0
native impact fracture=1 frame=25 complete=1 error=0 stage=0 contacts=0 broken=0 corrections=0
native impact fracture=1 frame=26 complete=1 error=0 stage=0 contacts=0 broken=0 corrections=0
native impact fracture=1 frame=27 complete=1 error=0 stage=0 contacts=0 broken=0 corrections=0
native impact fracture=1 frame=28 complete=1 error=0 stage=0 contacts=0 broken=0 corrections=0
native impact fracture=1 frame=29 complete=1 error=0 stage=0 contacts=0 broken=0 corrections=0
native query ownership valid; largest impact allocation=16384 bytes
native impact fracture=1 frame=0 complete=1 error=0 stage=0 contacts=0 broken=0 corrections=0
native impact fracture=1 frame=1 complete=1 error=0 stage=0 contacts=0 broken=0 corrections=0
native impact fracture=1 frame=2 complete=1 error=0 stage=0 contacts=0 broken=0 corrections=0
native impact fracture=1 frame=3 complete=1 error=0 stage=0 contacts=0 broken=0 corrections=0
native impact fracture=1 frame=4 complete=1 error=0 stage=0 contacts=0 broken=0 corrections=0
native impact fracture=1 frame=5 complete=1 error=0 stage=0 contacts=0 broken=0 corrections=0
native impact fracture=1 frame=6 complete=1 error=0 stage=0 contacts=1 broken=1 corrections=1
native impact fracture=1 frame=7 complete=1 error=0 stage=0 contacts=1 broken=0 corrections=0
native impact fracture=1 frame=8 complete=1 error=0 stage=0 contacts=1 broken=0 corrections=0
native impact fracture=1 frame=9 complete=1 error=0 stage=0 contacts=1 broken=0 corrections=0
native impact fracture=1 frame=10 complete=1 error=0 stage=0 contacts=1 broken=0 corrections=0
native impact fracture=1 frame=11 complete=1 error=0 stage=0 contacts=1 broken=0 corrections=0
native impact fracture=1 frame=12 complete=1 error=0 stage=0 contacts=1 broken=0 corrections=0
native impact fracture=1 frame=13 complete=1 error=0 stage=0 contacts=1 broken=0 corrections=0
native impact fracture=1 frame=14 complete=1 error=0 stage=0 contacts=1 broken=0 corrections=0
native impact fracture=1 frame=15 complete=1 error=0 stage=0 contacts=1 broken=0 corrections=0
native impact fracture=1 frame=16 complete=1 error=0 stage=0 contacts=1 broken=0 corrections=0
native impact fracture=1 frame=17 complete=1 error=0 stage=0 contacts=1 broken=0 corrections=0
native impact fracture=1 frame=18 complete=1 error=0 stage=0 contacts=1 broken=0 corrections=0
native impact fracture=1 frame=19 complete=1 error=0 stage=0 contacts=1 broken=0 corrections=0
native impact fracture=1 frame=20 complete=1 error=0 stage=0 contacts=0 broken=0 corrections=0
native impact fracture=1 frame=21 complete=1 error=0 stage=0 contacts=0 broken=0 corrections=0
native impact fracture=1 frame=22 complete=1 error=0 stage=0 contacts=0 broken=0 corrections=0
native impact fracture=1 frame=23 complete=1 error=0 stage=0 contacts=0 broken=0 corrections=0
native impact fracture=1 frame=24 complete=1 error=0 stage=0 contacts=0 broken=0 corrections=0
native impact fracture=1 frame=25 complete=1 error=0 stage=0 contacts=0 broken=0 corrections=0
native impact fracture=1 frame=26 complete=1 error=0 stage=0 contacts=0 broken=0 corrections=0
native impact fracture=1 frame=27 complete=1 error=0 stage=0 contacts=0 broken=0 corrections=0
native impact fracture=1 frame=28 complete=1 error=0 stage=0 contacts=0 broken=0 corrections=0
native impact fracture=1 frame=29 complete=1 error=0 stage=0 contacts=0 broken=0 corrections=0
native query ownership valid; largest impact allocation=16384 bytes
native impact fracture=1 frame=0 complete=1 error=0 stage=0 contacts=0 broken=0 corrections=0
native impact fracture=1 frame=1 complete=1 error=0 stage=0 contacts=0 broken=0 corrections=0
native impact fracture=1 frame=2 complete=1 error=0 stage=0 contacts=0 broken=0 corrections=0
native impact fracture=1 frame=3 complete=1 error=0 stage=0 contacts=0 broken=0 corrections=0
native impact fracture=1 frame=4 complete=1 error=0 stage=0 contacts=0 broken=0 corrections=0
native impact fracture=1 frame=5 complete=1 error=0 stage=0 contacts=0 broken=0 corrections=0
native impact fracture=1 frame=6 complete=1 error=0 stage=0 contacts=1 broken=1 corrections=1
native impact fracture=1 frame=7 complete=1 error=0 stage=0 contacts=1 broken=0 corrections=0
native impact fracture=1 frame=8 complete=1 error=0 stage=0 contacts=1 broken=0 corrections=0
native impact fracture=1 frame=9 complete=1 error=0 stage=0 contacts=1 broken=0 corrections=0
native impact fracture=1 frame=10 complete=1 error=0 stage=0 contacts=1 broken=0 corrections=0
native impact fracture=1 frame=11 complete=1 error=0 stage=0 contacts=1 broken=0 corrections=0
native impact fracture=1 frame=12 complete=1 error=0 stage=0 contacts=1 broken=0 corrections=0
native impact fracture=1 frame=13 complete=1 error=0 stage=0 contacts=1 broken=0 corrections=0
native impact fracture=1 frame=14 complete=1 error=0 stage=0 contacts=1 broken=0 corrections=0
native impact fracture=1 frame=15 complete=1 error=0 stage=0 contacts=1 broken=0 corrections=0
native impact fracture=1 frame=16 complete=1 error=0 stage=0 contacts=1 broken=0 corrections=0
native impact fracture=1 frame=17 complete=1 error=0 stage=0 contacts=1 broken=0 corrections=0
native impact fracture=1 frame=18 complete=1 error=0 stage=0 contacts=1 broken=0 corrections=0
native impact fracture=1 frame=19 complete=1 error=0 stage=0 contacts=1 broken=0 corrections=0
native impact fracture=1 frame=20 complete=1 error=0 stage=0 contacts=0 broken=0 corrections=0
native impact fracture=1 frame=21 complete=1 error=0 stage=0 contacts=0 broken=0 corrections=0
native impact fracture=1 frame=22 complete=1 error=0 stage=0 contacts=0 broken=0 corrections=0
native impact fracture=1 frame=23 complete=1 error=0 stage=0 contacts=0 broken=0 corrections=0
native impact fracture=1 frame=24 complete=1 error=0 stage=0 contacts=0 broken=0 corrections=0
native impact fracture=1 frame=25 complete=1 error=0 stage=0 contacts=0 broken=0 corrections=0
native impact fracture=1 frame=26 complete=1 error=0 stage=0 contacts=0 broken=0 corrections=0
native impact fracture=1 frame=27 complete=1 error=0 stage=0 contacts=0 broken=0 corrections=0
native impact fracture=1 frame=28 complete=1 error=0 stage=0 contacts=0 broken=0 corrections=0
native impact fracture=1 frame=29 complete=1 error=0 stage=0 contacts=0 broken=0 corrections=0
native query ownership valid; largest impact allocation=16384 bytes
native pair reuse: reference constructions=34 reuse=2; 32 friction participants match over all 30 steps
native impact fracture=1 frame=0 complete=1 error=0 stage=0 contacts=0 broken=0 corrections=0
native impact fracture=1 frame=1 complete=1 error=0 stage=0 contacts=0 broken=0 corrections=0
native impact fracture=1 frame=2 complete=1 error=0 stage=0 contacts=0 broken=0 corrections=0
native impact fracture=1 frame=3 complete=1 error=0 stage=0 contacts=0 broken=0 corrections=0
native impact fracture=1 frame=4 complete=1 error=0 stage=0 contacts=0 broken=0 corrections=0
native impact fracture=1 frame=5 complete=1 error=0 stage=0 contacts=0 broken=0 corrections=0
native impact fracture=1 frame=6 complete=1 error=0 stage=0 contacts=1 broken=1 corrections=1
native impact fracture=1 frame=7 complete=1 error=0 stage=0 contacts=1 broken=0 corrections=0
native impact fracture=1 frame=8 complete=1 error=0 stage=0 contacts=1 broken=0 corrections=0
native impact fracture=1 frame=9 complete=1 error=0 stage=0 contacts=1 broken=0 corrections=0
native impact fracture=1 frame=10 complete=1 error=0 stage=0 contacts=1 broken=0 corrections=0
native impact fracture=1 frame=11 complete=1 error=0 stage=0 contacts=1 broken=0 corrections=0
native impact fracture=1 frame=12 complete=1 error=0 stage=0 contacts=1 broken=0 corrections=0
native impact fracture=1 frame=13 complete=1 error=0 stage=0 contacts=1 broken=0 corrections=0
native impact fracture=1 frame=14 complete=1 error=0 stage=0 contacts=1 broken=0 corrections=0
native impact fracture=1 frame=15 complete=1 error=0 stage=0 contacts=1 broken=0 corrections=0
native impact fracture=1 frame=16 complete=1 error=0 stage=0 contacts=1 broken=0 corrections=0
native impact fracture=1 frame=17 complete=1 error=0 stage=0 contacts=1 broken=0 corrections=0
native impact fracture=1 frame=18 complete=1 error=0 stage=0 contacts=1 broken=0 corrections=0
native impact fracture=1 frame=19 complete=1 error=0 stage=0 contacts=1 broken=0 corrections=0
native impact fracture=1 frame=20 complete=1 error=0 stage=0 contacts=0 broken=0 corrections=0
native impact fracture=1 frame=21 complete=1 error=0 stage=0 contacts=0 broken=0 corrections=0
native impact fracture=1 frame=22 complete=1 error=0 stage=0 contacts=0 broken=0 corrections=0
native impact fracture=1 frame=23 complete=1 error=0 stage=0 contacts=0 broken=0 corrections=0
native impact fracture=1 frame=24 complete=1 error=0 stage=0 contacts=0 broken=0 corrections=0
native impact fracture=1 frame=25 complete=1 error=0 stage=0 contacts=0 broken=0 corrections=0
native impact fracture=1 frame=26 complete=1 error=0 stage=0 contacts=0 broken=0 corrections=0
native impact fracture=1 frame=27 complete=1 error=0 stage=0 contacts=0 broken=0 corrections=0
native impact fracture=1 frame=28 complete=1 error=0 stage=0 contacts=0 broken=0 corrections=0
native impact fracture=1 frame=29 complete=1 error=0 stage=0 contacts=0 broken=0 corrections=0
native query ownership valid; largest impact allocation=360448 bytes
native impact fracture=1 frame=0 complete=1 error=0 stage=0 contacts=1 broken=0 corrections=0
native impact fracture=1 frame=1 complete=1 error=0 stage=0 contacts=1 broken=0 corrections=0
native impact fracture=1 frame=2 complete=1 error=0 stage=0 contacts=1 broken=0 corrections=0
native impact fracture=1 frame=3 complete=1 error=0 stage=0 contacts=1 broken=0 corrections=0
native impact fracture=1 frame=4 complete=1 error=0 stage=0 contacts=1 broken=0 corrections=0
native impact fracture=1 frame=5 complete=1 error=0 stage=0 contacts=1 broken=0 corrections=0
native impact fracture=1 frame=6 complete=1 error=0 stage=0 contacts=2 broken=1 corrections=1
native impact fracture=1 frame=7 complete=1 error=0 stage=0 contacts=6 broken=0 corrections=0
native impact fracture=1 frame=8 complete=1 error=0 stage=0 contacts=6 broken=0 corrections=0
native impact fracture=1 frame=9 complete=1 error=0 stage=0 contacts=6 broken=0 corrections=0
native impact fracture=1 frame=10 complete=1 error=0 stage=0 contacts=6 broken=0 corrections=0
native impact fracture=1 frame=11 complete=1 error=0 stage=0 contacts=6 broken=0 corrections=0
native impact fracture=1 frame=12 complete=1 error=0 stage=0 contacts=6 broken=0 corrections=0
native impact fracture=1 frame=13 complete=1 error=0 stage=0 contacts=6 broken=0 corrections=0
native impact fracture=1 frame=14 complete=1 error=0 stage=0 contacts=6 broken=0 corrections=0
native impact fracture=1 frame=15 complete=1 error=0 stage=0 contacts=6 broken=0 corrections=0
native impact fracture=1 frame=16 complete=1 error=0 stage=0 contacts=2 broken=0 corrections=0
native impact fracture=1 frame=17 complete=1 error=0 stage=0 contacts=2 broken=0 corrections=0
native impact fracture=1 frame=18 complete=1 error=0 stage=0 contacts=2 broken=0 corrections=0
native impact fracture=1 frame=19 complete=1 error=0 stage=0 contacts=2 broken=0 corrections=0
native impact fracture=1 frame=20 complete=1 error=0 stage=0 contacts=2 broken=0 corrections=0
native impact fracture=1 frame=21 complete=1 error=0 stage=0 contacts=2 broken=0 corrections=0
native impact fracture=1 frame=22 complete=1 error=0 stage=0 contacts=2 broken=0 corrections=0
native impact fracture=1 frame=23 complete=1 error=0 stage=0 contacts=2 broken=0 corrections=0
native impact fracture=1 frame=24 complete=1 error=0 stage=0 contacts=2 broken=0 corrections=0
native impact fracture=1 frame=25 complete=1 error=0 stage=0 contacts=2 broken=0 corrections=0
native impact fracture=1 frame=26 complete=1 error=0 stage=0 contacts=2 broken=0 corrections=0
native impact fracture=1 frame=27 complete=1 error=0 stage=0 contacts=2 broken=0 corrections=0
native impact fracture=1 frame=28 complete=1 error=0 stage=0 contacts=2 broken=0 corrections=0
native impact fracture=1 frame=29 complete=1 error=0 stage=0 contacts=2 broken=0 corrections=0
native query ownership valid; largest impact allocation=16384 bytes
native impact fracture=1 frame=0 complete=1 error=0 stage=0 contacts=1 broken=0 corrections=0
native impact fracture=1 frame=1 complete=1 error=0 stage=0 contacts=1 broken=0 corrections=0
native impact fracture=1 frame=2 complete=1 error=0 stage=0 contacts=1 broken=0 corrections=0
native impact fracture=1 frame=3 complete=1 error=0 stage=0 contacts=1 broken=0 corrections=0
native impact fracture=1 frame=4 complete=1 error=0 stage=0 contacts=1 broken=0 corrections=0
native impact fracture=1 frame=5 complete=1 error=0 stage=0 contacts=1 broken=0 corrections=0
native impact fracture=1 frame=6 complete=1 error=0 stage=0 contacts=2 broken=1 corrections=1
native impact fracture=1 frame=7 complete=1 error=0 stage=0 contacts=6 broken=0 corrections=0
native impact fracture=1 frame=8 complete=1 error=0 stage=0 contacts=6 broken=0 corrections=0
native impact fracture=1 frame=9 complete=1 error=0 stage=0 contacts=6 broken=0 corrections=0
native impact fracture=1 frame=10 complete=1 error=0 stage=0 contacts=6 broken=0 corrections=0
native impact fracture=1 frame=11 complete=1 error=0 stage=0 contacts=6 broken=0 corrections=0
native impact fracture=1 frame=12 complete=1 error=0 stage=0 contacts=6 broken=0 corrections=0
native impact fracture=1 frame=13 complete=1 error=0 stage=0 contacts=6 broken=0 corrections=0
native impact fracture=1 frame=14 complete=1 error=0 stage=0 contacts=6 broken=0 corrections=0
native impact fracture=1 frame=15 complete=1 error=0 stage=0 contacts=6 broken=0 corrections=0
native impact fracture=1 frame=16 complete=1 error=0 stage=0 contacts=2 broken=0 corrections=0
native impact fracture=1 frame=17 complete=1 error=0 stage=0 contacts=2 broken=0 corrections=0
native impact fracture=1 frame=18 compl[PhysX:32] Native GPU destruction stage failed; this simulation step is incomplete. (/root/workspace/physx-2/physx/source/gpusimulationcontroller/src/PxgSimulationController.cpp:915)
ete=1 error=0 stage=0 contacts=2 broken=0 corrections=0
native impact fracture=1 frame=19 complete=1 error=0 stage=0 contacts=2 broken=0 corrections=0
native impact fracture=1 frame=20 complete=1 error=0 stage=0 contacts=2 broken=0 corrections=0
native impact fracture=1 frame=21 complete=1 error=0 stage=0 contacts=2 broken=0 corrections=0
native impact fracture=1 frame=22 complete=1 error=0 stage=0 contacts=2 broken=0 corrections=0
native impact fracture=1 frame=23 complete=1 error=0 stage=0 contacts=2 broken=0 corrections=0
native impact fracture=1 frame=24 complete=1 error=0 stage=0 contacts=2 broken=0 corrections=0
native impact fracture=1 frame=25 complete=1 error=0 stage=0 contacts=2 broken=0 corrections=0
native impact fracture=1 frame=26 complete=1 error=0 stage=0 contacts=2 broken=0 corrections=0
native impact fracture=1 frame=27 complete=1 error=0 stage=0 contacts=2 broken=0 corrections=0
native impact fracture=1 frame=28 complete=1 error=0 stage=0 contacts=2 broken=0 corrections=0
native impact fracture=1 frame=29 complete=1 error=0 stage=0 contacts=2 broken=0 corrections=0
native query ownership valid; largest impact allocation=16384 bytes
native repeated correction: matching fracture steps 6 and 16; 720 trajectory samples match
GPU island repair repeated impact: routes=0 splits=4 fallbacks=0
GPU island repair repeated impact: routes=0 splits=4 fallbacks=0
GPU island repair repeated impact: routes=0 splits=4 fallbacks=0
GPU island repair repeated impact: routes=0 splits=4 fallbacks=0
Device connectivity ownership: reference fracture decisions and 720 trajectory samples match
CUDA pre-solve producer: reference fracture decisions and 720 trajectory samples match
native convergence gate rejects exhausted stress budget; diagnostic reference remains selectable
native impact fracture=0 frame=0 complete=1 error=0 stage=0 contacts=0 broken=0 corrections=0
native impact fracture=0 frame=1 complete=1 error=0 stage=0 contacts=0 broken=0 corrections=0
native impact fracture=0 frame=2 complete=1 error=0 stage=0 contacts=0 broken=0 corrections=0
native impact fracture=0 frame=3 complete=1 error=0 stage=0 contacts=0 broken=0 corrections=0
native impact fracture=0 frame=4 complete=1 error=0 stage=0 contacts=0 broken=0 corrections=0
native impact fracture=0 frame=5 complete=1 error=0 stage=0 contacts=0 broken=0 corrections=0
native impact fracture=0 frame=6 complete=1 error=0 stage=0 contacts=1 broken=0 corrections=0
native impact fracture=0 frame=7 complete=1 error=0 stage=0 contacts=1 broken=0 corrections=0
native impact fracture=0 frame=8 complete=1 error=0 stage=0 contacts=1 broken=0 corrections=0
native impact fracture=0 frame=9 complete=1 error=0 stage=0 contacts=1 broken=0 corrections=0
native impact fracture=0 frame=10 complete=1 error=0 stage=0 contacts=1 broken=0 corrections=0
native impact fracture=0 frame=11 complete=1 error=0 stage=0 contacts=1 broken=0 corrections=0
native impact fracture=0 frame=12 complete=1 error=0 stage=0 contacts=1 broken=0 corrections=0
native impact fracture=0 frame=13 complete=1 error=0 stage=0 contacts=1 broken=0 corrections=0
native impact fracture=0 frame=14 complete=1 error=0 stage=0 contacts=1 broken=0 corrections=0
native impact fracture=0 frame=15 complete=1 error=0 stage=0 contacts=1 broken=0 corrections=0
native impact fracture=0 frame=16 complete=1 error=0 stage=0 contacts=1 broken=0 corrections=0
native impact fracture=0 frame=17 complete=1 error=0 stage=0 contacts=1 broken=0 corrections=0
native impact fracture=0 frame=18 complete=1 error=0 stage=0 contacts=1 broken=0 corrections=0
native impact fracture=0 frame=19 complete=1 error=0 stage=0 contacts=1 broken=0 corrections=0
native impact fracture=0 frame=20 complete=1 error=0 stage=0 contacts=1 broken=0 corrections=0
native impact fracture=0 frame=21 complete=1 error=0 stage=0 contacts=1 broken=0 corrections=0
native impact fracture=0 frame=22 complete=1 error=0 stage=0 contacts=1 broken=0 corrections=0
native impact fracture=0 frame=23 complete=1 error=0 stage=0 contacts=1 broken=0 corrections=0
native impact fracture=0 frame=24 complete=1 error=0 stage=0 contacts=1 broken=0 corrections=0
native impact fracture=0 frame=25 complete=1 error=0 stage=0 contacts=1 broken=0 corrections=0
native impact fracture=0 frame=26 complete=1 error=0 stage=0 contacts=1 broken=0 corrections=0
native impact fracture=0 frame=27 complete=1 error=0 stage=0 contacts=1 broken=0 corrections=0
native impact fracture=0 frame=28 complete=1 error=0 stage=0 contacts=1 broken=0 corrections=0
native impact fracture=0 frame=29 complete=1 error=0 stage=0 contacts=1 broken=0 corrections=0
native query ownership valid; largest impact allocation=360448 bytes
native impact fracture=1 frame=0 complete=1 error=0 stage=0 contacts=0 broken=0 corrections=0
native impact fracture=1 frame=1 complete=1 error=0 stage=0 contacts=0 broken=0 corrections=0
native impact fracture=1 frame=2 complete=1 error=0 stage=0 contacts=0 broken=0 corrections=0
native impact fracture=1 frame=3 complete=1 error=0 stage=0 contacts=0 broken=0 corrections=0
native impact fracture=1 frame=4 complete=1 error=0 stage=0 contacts=0 broken=0 corrections=0
native impact fracture=1 frame=5 complete=1 error=0 stage=0 contacts=0 broken=0 corrections=0
native impact fracture=1 frame=6 complete=1 error=0 stage=0 contacts=1 broken=1 corrections=1
native impact fracture=1 frame=7 complete=1 error=0 stage=0 contacts=1 broken=0 corrections=0
native impact fracture=1 frame=8 complete=1 error=0 stage=0 contacts=1 broken=0 corrections=0
native impact fracture=1 frame=9 complete=1 error=0 stage=0 contacts=1 broken=0 corrections=0
native impact fracture=1 frame=10 complete=1 error=0 stage=0 contacts=1 broken=0 corrections=0
native impact fracture=1 frame=11 complete=1 error=0 stage=0 contacts=1 broken=0 corrections=0
native impact fracture=1 frame=12 complete=1 error=0 stage=0 contacts=1 broken=0 corrections=0
native impact fracture=1 frame=13 complete=1 error=0 stage=0 contacts=1 broken=0 corrections=0
native impact fracture=1 frame=14 complete=1 error=0 stage=0 contacts=1 broken=0 corrections=0
native impact fracture=1 frame=15 complete=1 error=0 stage=0 contacts=1 broken=0 corrections=0
native impact fracture=1 frame=16 complete=1 error=0 stage=0 contacts=1 broken=0 corrections=0
native impact fracture=1 frame=17 complete=1 error=0 stage=0 contacts=1 broken=0 corrections=0
native impact fracture=1 frame=18 complete=1 error=0 stage=0 contacts=1 broken=0 corrections=0
native impact fracture=1 frame=19 complete=1 error=0 stage=0 contacts=1 broken=0 corrections=0
native impact fracture=1 frame=20 complete=1 error=0 stage=0 contacts=1 broken=0 corrections=0
native impact fracture=1 frame=21 complete=1 error=0 stage=0 contacts=1 broken=0 corrections=0
native impact fracture=1 frame=22 complete=1 error=0 stage=0 contacts=1 broken=0 corrections=0
native impact fracture=1 frame=23 complete=1 error=0 stage=0 contacts=1 broken=0 corrections=0
native impact fracture=1 frame=24 complete=1 error=0 stage=0 contacts=1 broken=0 corrections=0
native impact fracture=1 frame=25 complete=1 error=0 stage=0 contacts=1 broken=0 corrections=0
native impact fracture=1 frame=26 complete=1 error=0 stage=0 contacts=1 broken=0 corrections=0
native impact fracture=1 frame=27 complete=1 error=0 stage=0 contacts=1 broken=0 corrections=0
native impact fracture=1 frame=28 complete=1 error=0 stage=0 contacts=1 broken=0 corrections=0
native impact fracture=1 frame=29 complete=1 error=0 stage=0 contacts=1 broken=0 corrections=0
native query ownership valid; largest impact allocation=360448 bytes
native impact fracture=1 frame=0 complete=1 error=0 stage=0 contacts=0 broken=0 corrections=0
native impact fracture=1 frame=1 complete=1 error=0 stage=0 contacts=0 broken=0 corrections=0
native impact fracture=1 frame=2 complete=1 error=0 stage=0 contacts=0 broken=0 corrections=0
native impact fracture=1 frame=3 complete=1 error=0 stage=0 contacts=0 broken=0 corrections=0
native impact fracture=1 frame=4 complete=1 error=0 stage=0 contacts=0 broken=0 corrections=0
native impact fracture=1 frame=5 complete=1 error=0 stage=0 contacts=0 broken=0 corrections=0
native impact[PhysX:32] Native GPU destruction stage failed; this simulation step is incomplete. (/root/workspace/physx-2/physx/source/gpusimulationcontroller/src/PxgSimulationController.cpp:915)
 fracture=1 frame=6 complete=1 error=0 stage=0 contacts=1 broken=1 corrections=1
native impact fracture=1 frame=7 complete=1 error=0 stage=0 contacts=1 broken=0 corrections=0
native impact fracture=1 frame=8 complete=1 error=0 stage=0 contacts=1 broken=0 corrections=0
native impact fracture=1 frame=9 complete=1 error=0 stage=0 contacts=1 broken=0 corrections=0
native impact fracture=1 frame=10 complete=1 error=0 stage=0 contacts=1 broken=0 corrections=0
native impact fracture=1 frame=11 complete=1 error=0 stage=0 contacts=1 broken=0 corrections=0
native impact fracture=1 frame=12 complete=1 error=0 stage=0 contacts=1 broken=0 corrections=0
native impact fracture=1 frame=13 complete=1 error=0 stage=0 contacts=1 broken=0 corrections=0
native impact fracture=1 frame=14 complete=1 error=0 stage=0 contacts=1 broken=0 corrections=0
native impact fracture=1 frame=15 complete=1 error=0 stage=0 contacts=1 broken=0 corrections=0
native impact fracture=1 frame=16 complete=1 error=0 stage=0 contacts=1 broken=0 corrections=0
native impact fracture=1 frame=17 complete=1 error=0 stage=0 contacts=1 broken=0 corrections=0
native impact fracture=1 frame=18 complete=1 error=0 stage=0 contacts=1 broken=0 corrections=0
native impact fracture=1 frame=19 complete=1 error=0 stage=0 contacts=1 broken=0 corrections=0
native impact fracture=1 frame=20 complete=1 error=0 stage=0 contacts=0 broken=0 corrections=0
native impact fracture=1 frame=21 complete=1 error=0 stage=0 contacts=0 broken=0 corrections=0
native impact fracture=1 frame=22 complete=1 error=0 stage=0 contacts=0 broken=0 corrections=0
native impact fracture=1 frame=23 complete=1 error=0 stage=0 contacts=0 broken=0 corrections=0
native impact fracture=1 frame=24 complete=1 error=0 stage=0 contacts=0 broken=0 corrections=0
native impact fracture=1 frame=25 complete=1 error=0 stage=0 contacts=0 broken=0 corrections=0
native impact fracture=1 frame=26 complete=1 error=0 stage=0 contacts=0 broken=0 corrections=0
native impact fracture=1 frame=27 complete=1 error=0 stage=0 contacts=0 broken=0 corrections=0
native impact fracture=1 frame=28 complete=1 error=0 stage=0 contacts=0 broken=0 corrections=0
native impact fracture=1 frame=29 complete=1 error=0 stage=0 contacts=0 broken=0 corrections=0
native query ownership valid; largest impact allocation=360448 bytes
native impact fracture=1 frame=0 complete=1 error=0 stage=0 contacts=0 broken=0 corrections=0
native impact fracture=1 frame=1 complete=1 error=0 stage=0 contacts=0 broken=0 corrections=0
native impact fracture=1 frame=2 complete=1 error=0 stage=0 contacts=0 broken=0 corrections=0
native impact fracture=1 frame=3 complete=1 error=0 stage=0 contacts=0 broken=0 corrections=0
native impact fracture=1 frame=4 complete=1 error=0 stage=0 contacts=0 broken=0 corrections=0
native impact fracture=1 frame=5 complete=0 error=1 stage=8 contacts=1 broken=1 corrections=0
native correction explicitly rejects unsupported speculative CCD before split application
native impact fracture=1 frame=0 complete=1 error=0 stage=0 contacts=0 broken=0 corrections=0
native impact fracture=1 frame=1 complete=1 error=0 stage=0 contacts=0 broken=0 corrections=0
native impact fracture=1 frame=2 complete=1 error=0 stage=0 contacts=0 broken=0 corrections=0
native impact fracture=1 frame=3 complete=1 error=0 stage=0 contacts=0 broken=0 corrections=0
native impact fracture=1 frame=4 complete=1 error=0 stage=0 contacts=0 broken=0 corrections=0
native impact fracture=1 frame=5 complete=1 error=0 stage=0 contacts=0 broken=0 corrections=0
native impact fracture=1 frame=6 complete=1 error=0 stage=0 contacts=1 broken=1 corrections=1
native impact fracture=1 frame=7 complete=1 error=0 stage=0 contacts=1 broken=0 corrections=0
native impact fracture=1 frame=8 complete=1 error=0 stage=0 contacts=1 broken=0 corrections=0
native impact fracture=1 frame=9 complete=1 error=0 stage=0 contacts=1 broken=0 corrections=0
native impact fracture=1 frame=10 complete=1 error=0 stage=0 contacts=1 broken=0 corrections=0
native impact fracture=1 frame=11 complete=1 error=0 stage=0 contacts=1 broken=0 corrections=0
native impact fracture=1 frame=12 complete=1 error=0 stage=0 contacts=1 broken=0 corrections=0
native impact fracture=1 frame=13 complete=1 error=0 stage=0 contacts=1 broken=0 corrections=0
native impact fracture=1 frame=14 complete=1 error=0 stage=0 contacts=1 broken=0 corrections=0
native impact fracture=1 frame=15 complete=1 error=0 stage=0 contacts=1 broken=0 corrections=0
native impact fracture=1 frame=16 complete=1 error=0 stage=0 contacts=1 broken=0 corrections=0
native impact fracture=1 frame=17 complete=1 error=0 stage=0 contacts=1 broken=0 corrections=0
native impact fracture=1 frame=18 complete=1 error=0 stage=0 contacts=1 broken=0 corrections=0
native impact fracture=1 frame=19 complete=1 error=0 stage=0 contacts=1 broken=0 corrections=0
native impact fracture=1 frame=20 complete=1 error=0 stage=0 contacts=1 broken=0 corrections=0
native impact fracture=1 frame=21 complete=1 error=0 stage=0 contacts=1 broken=0 corrections=0
native impact fracture=1 frame=22 complete=1 error=0 stage=0 contacts=1 broken=0 corrections=0
native impact fracture=1 frame=23 complete=1 error=0 stage=0 contacts=1 broken=0 corrections=0
native impact fracture=1 frame=24 complete=1 error=0 stage=0 contacts=1 broken=0 corrections=0
native impact fracture=1 frame=25 complete=1 error=0 stage=0 contacts=1 broken=0 corrections=0
native impact fracture=1 frame=26 complete=1 error=0 stage=0 contacts=1 broken=0 corrections=0
native impact fracture=1 frame=27 complete=1 error=0 stage=0 contacts=1 broken=0 corrections=0
native impact fracture=1 frame=28 complete=1 error=0 stage=0 contacts=1 broken=0 corrections=0
native impact fracture=1 frame=29 complete=1 error=0 stage=0 contacts=1 broken=0 corrections=0
native query ownership valid; largest impact allocation=360448 bytes
NATIVE RESIM PASS: intact projectile=0 fractured projectile=6 corrections=1
========= ERROR SUMMARY: 0 errors
