Internal ctest changing into directory: /root/workspace/physx-2/out/destruction-sdk
Test project /root/workspace/physx-2/out/destruction-sdk
    Start 75: physx_native_standard_reported_reuse
1/9 Test #75: physx_native_standard_reported_reuse ...   Passed    2.31 sec
    Start 76: physx_native_standard_reuse
2/9 Test #76: physx_native_standard_reuse ............   Passed    0.88 sec
    Start 77: physx_native_post_correction
3/9 Test #77: physx_native_post_correction ...........   Passed    0.82 sec
    Start 78: physx_native_standard_awake
4/9 Test #78: physx_native_standard_awake ............   Passed    0.51 sec
    Start 79: physx_native_standard_sleep
5/9 Test #79: physx_native_standard_sleep ............   Passed    0.90 sec
    Start 81: physx_native_standard_sleep_boundary
6/9 Test #81: physx_native_standard_sleep_boundary ...   Passed    1.58 sec
    Start 82: physx_native_standard_gpu_islands
7/9 Test #82: physx_native_standard_gpu_islands ......   Passed    0.99 sec
    Start 83: physx_native_standard_wake_boundary
8/9 Test #83: physx_native_standard_wake_boundary ....   Passed    0.88 sec
    Start 84: physx_native_standard_late_impact
9/9 Test #84: physx_native_standard_late_impact ......   Passed    0.90 sec

100% tests passed, 0 tests failed out of 9

Label Time Summary:
gpu            =   9.76 sec*proc (9 tests)
integration    =   9.76 sec*proc (9 tests)

Total Test time (real) =   9.76 sec
