native 3D nodes=18 bonds=33 supported=0 amplitude=0.5 iterations=17 converged=1 topology_error=0 CPU_iterations=27
native 3D all-force/moment maximum_relative_error=7.89121259e-07
native 3D nodes=18 bonds=33 supported=0 amplitude=1 iterations=15 converged=1 topology_error=0 CPU_iterations=27
native 3D all-force/moment maximum_relative_error=2.33016908e-06
native 3D nodes=18 bonds=33 supported=0 amplitude=0 iterations=51 converged=1 topology_error=0 CPU_iterations=0
native 3D all-force/moment maximum_relative_error=1.98595149e-08
native 3D nodes=18 bonds=33 supported=0 amplitude=-0.75 iterations=17 converged=1 topology_error=0 CPU_iterations=27
native 3D all-force/moment maximum_relative_error=1.15670264e-06
native 3D nodes=18 bonds=33 supported=1 amplitude=0.5 iterations=49 converged=1 topology_error=0 CPU_iterations=66
native 3D all-force/moment maximum_relative_error=1.38808122e-06
native 3D nodes=18 bonds=33 supported=1 amplitude=1 iterations=48 converged=1 topology_error=0 CPU_iterations=66
native 3D all-force/moment maximum_relative_error=2.50339508e-06
native 3D nodes=18 bonds=33 supported=1 amplitude=0 iterations=141 converged=1 topology_error=0 CPU_iterations=0
native 3D all-force/moment maximum_relative_error=7.48965078e-07
native 3D nodes=18 bonds=33 supported=1 amplitude=-0.75 iterations=49 converged=1 topology_error=0 CPU_iterations=70
native 3D all-force/moment maximum_relative_error=1.29640102e-06
native 3D nodes=1058 bonds=2553 supported=0 amplitude=0.5 iterations=103 converged=1 topology_error=0 CPU_iterations=377
native 3D all-force/moment maximum_relative_error=7.72625208e-06
native 3D nodes=1058 bonds=2553 supported=0 amplitude=1 iterations=100 converged=1 topology_error=0 CPU_iterations=377
native 3D all-force/moment maximum_relative_error=9.30577517e-06
native cooperative id=0 iterations=256 active=1 failed=0 residual2=1.95056e-26 tolerance2=0 gamma=5.44319e-13 direction_energy=198.578
native 3D nodes=1058 bonds=2553 supported=0 amplitude=0 iterations=256 converged=0 topology_error=0 CPU_iterations=0
3D fixture extent=23 supported=0 failed: 3D native solve did not converge
native 3D nodes=1058 bonds=2553 supported=1 amplitude=0.5 iterations=135 converged=1 topology_error=0 CPU_iterations=1586
native 3D all-force/moment maximum_relative_error=0.000461900607
3D fixture extent=23 supported=1 failed: 3D native bond forces differ from independent CPU oracle
