Internal ctest changing into directory: /root/workspace/physx-2/out/destruction-sdk
Test project /root/workspace/physx-2/out/destruction-sdk
      Start 38: physx_native_gpu_material
 1/10 Test #38: physx_native_gpu_material ..............   Passed    0.51 sec
      Start 75: physx_native_standard_reported_reuse
 2/10 Test #75: physx_native_standard_reported_reuse ...   Passed    1.89 sec
      Start 76: physx_native_standard_reuse
 3/10 Test #76: physx_native_standard_reuse ............   Passed    0.81 sec
      Start 77: physx_native_post_correction
 4/10 Test #77: physx_native_post_correction ...........   Passed    0.75 sec
      Start 78: physx_native_standard_awake
 5/10 Test #78: physx_native_standard_awake ............   Passed    0.44 sec
      Start 79: physx_native_standard_sleep
 6/10 Test #79: physx_native_standard_sleep ............   Passed    0.80 sec
      Start 81: physx_native_standard_sleep_boundary
 7/10 Test #81: physx_native_standard_sleep_boundary ...   Passed    1.52 sec
      Start 82: physx_native_standard_gpu_islands
 8/10 Test #82: physx_native_standard_gpu_islands ......   Passed    0.91 sec
      Start 83: physx_native_standard_wake_boundary
 9/10 Test #83: physx_native_standard_wake_boundary ....   Passed    0.80 sec
      Start 84: physx_native_standard_late_impact
10/10 Test #84: physx_native_standard_late_impact ......   Passed    0.81 sec

100% tests passed, 0 tests failed out of 10

Label Time Summary:
gpu            =   8.72 sec*proc (9 tests)
integration    =   8.72 sec*proc (9 tests)

Total Test time (real) =   9.24 sec
