[New LWP 62663]
[New LWP 62659]
[New LWP 62661]
[New LWP 62660]
[New LWP 62682]
[New LWP 62681]
[New LWP 62680]
[New LWP 62798]
[Thread debugging using libthread_db enabled]
Using host libthread_db library "/lib/x86_64-linux-gnu/libthread_db.so.1".
Core was generated by `/opt/nvidia/nsight-compute/2025.3.1/target/linux-desktop-glibc_2_11_3-x64/ncu -'.
Program terminated with signal SIGSEGV, Segmentation fault.
#0  0x00000000004eceea in ?? ()
[Current thread is 1 (Thread 0x745551ffd640 (LWP 62663))]

Thread 8 (Thread 0x74554b7fe640 (LWP 62798)):
#0  __futex_abstimed_wait_common64 (private=0, cancel=true, abstime=0x0, op=393, expected=0, futex_word=0x437dc84) at ./nptl/futex-internal.c:57
#1  __futex_abstimed_wait_common (cancel=true, private=0, abstime=0x0, clockid=0, expected=0, futex_word=0x437dc84) at ./nptl/futex-internal.c:87
#2  __GI___futex_abstimed_wait_cancelable64 (futex_word=futex_word@entry=0x437dc84, expected=expected@entry=0, clockid=clockid@entry=0, abstime=abstime@entry=0x0, private=private@entry=0) at ./nptl/futex-internal.c:139
#3  0x0000745553493a01 in __pthread_cond_wait_common (abstime=0x0, clockid=0, mutex=0x437dc88, cond=0x437dc58) at ./nptl/pthread_cond_wait.c:503
#4  ___pthread_cond_wait (cond=0x437dc58, mutex=0x437dc88) at ./nptl/pthread_cond_wait.c:627
#5  0x000000000094e843 in ?? ()
#6  0x000000000126409b in ?? ()
#7  0x0000745553494a83 in start_thread (arg=<optimized out>) at ./nptl/pthread_create.c:442
#8  0x00007455535268e0 in clone3 () at ../sysdeps/unix/sysv/linux/x86_64/clone3.S:81

Thread 7 (Thread 0x7455514fc640 (LWP 62680)):
#0  0x00007455534ea3ef in __GI___wait4 (pid=62679, stat_loc=0x7455514fbbc8, options=10, usage=0x0) at ../sysdeps/unix/sysv/linux/wait4.c:30
#1  0x0000000000d111c0 in ?? ()
#2  0x00000000006f62fb in ?? ()
#3  0x0000745553499ea8 in __pthread_once_slow (once_control=0x3c89d0a8, init_routine=0x1259885) at ./nptl/pthread_once.c:116
#4  0x0000000000d1cd5f in ?? ()
#5  0x000000000126409b in ?? ()
#6  0x0000745553494a83 in start_thread (arg=<optimized out>) at ./nptl/pthread_create.c:442
#7  0x00007455535268e0 in clone3 () at ../sysdeps/unix/sysv/linux/x86_64/clone3.S:81

Thread 6 (Thread 0x745550cfb640 (LWP 62681)):
#0  0x0000745553525ebe in epoll_wait (epfd=6, events=0x745550cfab40, maxevents=32, timeout=50) at ../sysdeps/unix/sysv/linux/epoll_wait.c:30
#1  0x000000000108b8d0 in ?? ()
#2  0x0000000000d1ba83 in ?? ()
#3  0x000000000126409b in ?? ()
#4  0x0000745553494a83 in start_thread (arg=<optimized out>) at ./nptl/pthread_create.c:442
#5  0x00007455535268e0 in clone3 () at ../sysdeps/unix/sysv/linux/x86_64/clone3.S:81

Thread 5 (Thread 0x74554bfff640 (LWP 62682)):
#0  __futex_abstimed_wait_common64 (private=128, cancel=true, abstime=0x0, op=265, expected=62681, futex_word=0x745550cfb910) at ./nptl/futex-internal.c:57
#1  __futex_abstimed_wait_common (cancel=true, private=128, abstime=0x0, clockid=0, expected=62681, futex_word=0x745550cfb910) at ./nptl/futex-internal.c:87
#2  __GI___futex_abstimed_wait_cancelable64 (futex_word=futex_word@entry=0x745550cfb910, expected=62681, clockid=clockid@entry=0, abstime=abstime@entry=0x0, private=private@entry=128) at ./nptl/futex-internal.c:139
#3  0x00007455534965e4 in __pthread_clockjoin_ex (threadid=127909776832064, thread_return=0x0, clockid=0, abstime=0x0, block=<optimized out>) at ./nptl/pthread_join_common.c:105
#4  0x0000000001263f61 in ?? ()
#5  0x0000000000d07109 in ?? ()
#6  0x0000000000561f9d in ?? ()
#7  0x000000000126409b in ?? ()
#8  0x0000745553494a83 in start_thread (arg=<optimized out>) at ./nptl/pthread_create.c:442
#9  0x00007455535268e0 in clone3 () at ../sysdeps/unix/sysv/linux/x86_64/clone3.S:81

Thread 4 (Thread 0x745552fff640 (LWP 62660)):
#0  0x0000745553525ebe in epoll_wait (epfd=17, events=0x745552ffe560, maxevents=128, timeout=-1) at ../sysdeps/unix/sysv/linux/epoll_wait.c:30
#1  0x00000000004e1646 in ?? ()
#2  0x00000000004eb149 in ?? ()
#3  0x0000000000727c01 in ?? ()
#4  0x000000000126409b in ?? ()
#5  0x0000745553494a83 in start_thread (arg=<optimized out>) at ./nptl/pthread_create.c:442
#6  0x00007455535268e0 in clone3 () at ../sysdeps/unix/sysv/linux/x86_64/clone3.S:81

Thread 3 (Thread 0x7455527fe640 (LWP 62661)):
#0  0x0000745553525ebe in epoll_wait (epfd=4, events=0x7455527fd560, maxevents=128, timeout=-1) at ../sysdeps/unix/sysv/linux/epoll_wait.c:30
#1  0x00000000004e1646 in ?? ()
#2  0x00000000004eb149 in ?? ()
#3  0x0000000000727c01 in ?? ()
#4  0x000000000126409b in ?? ()
#5  0x0000745553494a83 in start_thread (arg=<optimized out>) at ./nptl/pthread_create.c:442
#6  0x00007455535268e0 in clone3 () at ../sysdeps/unix/sysv/linux/x86_64/clone3.S:81

Thread 2 (Thread 0x7455536e2840 (LWP 62659)):
#0  syscall () at ../sysdeps/unix/sysv/linux/x86_64/syscall.S:38
#1  0x00000000012456eb in ?? ()
#2  0x00000000009d8eb8 in ?? ()
#3  0x000000000096ecc1 in ?? ()
#4  0x000000000096ee4c in ?? ()
#5  0x00000000008e0e80 in ?? ()
#6  0x000000000058cd2b in ?? ()
#7  0x000000000058d291 in ?? ()
#8  0x000000000057fe65 in ?? ()
#9  0x000000000059cbb0 in ?? ()
#10 0x00000000004d4b95 in ?? ()
#11 0x00000000004d9353 in ?? ()

Thread 1 (Thread 0x745551ffd640 (LWP 62663)):
#0  0x00000000004eceea in ?? ()
#1  0x00000000008bbfe1 in ?? ()
#2  0x00000000008bc6a4 in ?? ()
#3  0x00000000008dfd40 in ?? ()
#4  0x0000000000d96218 in ?? ()
#5  0x0000000000989576 in ?? ()
#6  0x0000000000a590e0 in ?? ()
#7  0x0000000000a1db0b in ?? ()
#8  0x0000000000acd0a7 in ?? ()
#9  0x00000000009d3504 in ?? ()
#10 0x00000000009d383a in ?? ()
#11 0x00000000006f62fb in ?? ()
