Start testing: Sep 07 15:28 UTC
----------------------------------------------------------
83/96 Testing: blast_stress_gpu_resident_hierarchy
83/96 Test: blast_stress_gpu_resident_hierarchy
Command: "/root/workspace/physx-2/out/destruction-sdk/reference/gpu_resident_hierarchy_test"
Directory: /root/workspace/physx-2/out/destruction-sdk/reference
"blast_stress_gpu_resident_hierarchy" start time: Sep 07 15:28 UTC
Output:
----------------------------------------------------------
START GPU hierarchy: nodes=0 bonds=0
coarse factor full-basis check: nodes=0 bonds=0 max scaled error=0
recursive GPU level=1 source nodes=0 bonds=0 packed nodes=0 bonds=0 aggregates=0 passed
coarse factor full-basis check: nodes=0 bonds=0 max scaled error=0
recursive GPU level=2 source nodes=0 bonds=0 packed nodes=0 bonds=0 aggregates=0 passed
coarse factor full-basis check: nodes=0 bonds=0 max scaled error=0
recursive GPU level=3 source nodes=0 bonds=0 packed nodes=0 bonds=0 aggregates=0 passed
coarse factor full-basis check: nodes=0 bonds=0 max scaled error=0
coarse factor full-basis check: nodes=0 bonds=0 max scaled error=0
recursive GPU level=1 source nodes=0 bonds=0 packed nodes=0 bonds=0 aggregates=0 passed
coarse factor full-basis check: nodes=0 bonds=0 max scaled error=0
recursive GPU level=2 source nodes=0 bonds=0 packed nodes=0 bonds=0 aggregates=0 passed
coarse factor full-basis check: nodes=0 bonds=0 max scaled error=0
recursive GPU level=3 source nodes=0 bonds=0 packed nodes=0 bonds=0 aggregates=0 passed
coarse factor full-basis check: nodes=0 bonds=0 max scaled error=0
GPU hierarchy: nodes=0 bonds=0 final aggregates=0 rounds=1 transitions=2 passed
START GPU hierarchy: nodes=1 bonds=0
resident P/PT/coarse operator: nodes=1 bonds=0 max scaled error=0 passed
coarse factor full-basis check: nodes=1 bonds=0 max scaled error=0
recursive GPU level=1 source nodes=1 bonds=0 packed nodes=0 bonds=0 aggregates=0 passed
coarse factor full-basis check: nodes=1 bonds=0 max scaled error=0
recursive GPU level=2 source nodes=1 bonds=0 packed nodes=0 bonds=0 aggregates=0 passed
coarse factor full-basis check: nodes=1 bonds=0 max scaled error=0
recursive GPU level=3 source nodes=1 bonds=0 packed nodes=0 bonds=0 aggregates=0 passed
coarse factor full-basis check: nodes=1 bonds=0 max scaled error=0
resident P/PT/coarse operator: nodes=1 bonds=0 max scaled error=0 passed
coarse factor full-basis check: nodes=1 bonds=0 max scaled error=0
recursive GPU level=1 source nodes=1 bonds=0 packed nodes=0 bonds=0 aggregates=0 passed
coarse factor full-basis check: nodes=1 bonds=0 max scaled error=0
recursive GPU level=2 source nodes=1 bonds=0 packed nodes=0 bonds=0 aggregates=0 passed
coarse factor full-basis check: nodes=1 bonds=0 max scaled error=0
recursive GPU level=3 source nodes=1 bonds=0 packed nodes=0 bonds=0 aggregates=0 passed
coarse factor full-basis check: nodes=1 bonds=0 max scaled error=0
GPU hierarchy: nodes=1 bonds=0 final aggregates=1 rounds=1 transitions=2 passed
START GPU hierarchy: nodes=256 bonds=0
resident P/PT/coarse operator: nodes=256 bonds=0 max scaled error=1.9e-16 passed
recursive GPU level=1 source nodes=256 bonds=0 packed nodes=0 bonds=0 aggregates=0 passed
recursive GPU level=2 source nodes=256 bonds=0 packed nodes=0 bonds=0 aggregates=0 passed
recursive GPU level=3 source nodes=256 bonds=0 packed nodes=0 bonds=0 aggregates=0 passed
resident P/PT/coarse operator: nodes=256 bonds=0 max scaled error=1.9e-16 passed
recursive GPU level=1 source nodes=256 bonds=0 packed nodes=0 bonds=0 aggregates=0 passed
recursive GPU level=2 source nodes=256 bonds=0 packed nodes=0 bonds=0 aggregates=0 passed
recursive GPU level=3 source nodes=256 bonds=0 packed nodes=0 bonds=0 aggregates=0 passed
GPU hierarchy: nodes=256 bonds=0 final aggregates=256 rounds=1 transitions=2 passed
START GPU hierarchy: nodes=24 bonds=33
resident P/PT/coarse operator: nodes=24 bonds=33 max scaled error=1.99e-16 passed
coarse factor full-basis check: nodes=24 bonds=33 max scaled error=0
recursive GPU level=1 source nodes=24 bonds=33 packed nodes=8 bonds=14 aggregates=3 passed
coarse factor full-basis check: nodes=24 bonds=33 max scaled error=0
recursive GPU level=2 source nodes=24 bonds=33 packed nodes=3 bonds=5 aggregates=2 passed
coarse factor full-basis check: nodes=24 bonds=33 max scaled error=0
recursive GPU level=3 source nodes=24 bonds=33 packed nodes=2 bonds=4 aggregates=2 passed
coarse factor full-basis check: nodes=24 bonds=33 max scaled error=0
resident P/PT/coarse operator: nodes=24 bonds=33 max scaled error=1.99e-16 passed
coarse factor full-basis check: nodes=24 bonds=33 max scaled error=0
recursive GPU level=1 source nodes=24 bonds=33 packed nodes=8 bonds=14 aggregates=3 passed
coarse factor full-basis check: nodes=24 bonds=33 max scaled error=0
recursive GPU level=2 source nodes=24 bonds=33 packed nodes=3 bonds=5 aggregates=2 passed
coarse factor full-basis check: nodes=24 bonds=33 max scaled error=0
recursive GPU level=3 source nodes=24 bonds=33 packed nodes=2 bonds=4 aggregates=2 passed
coarse factor full-basis check: nodes=24 bonds=33 max scaled error=0
resident P/PT/coarse operator: nodes=24 bonds=33 max scaled error=3.68e-16 passed
coarse factor full-basis check: nodes=24 bonds=33 max scaled error=0
recursive GPU level=1 source nodes=24 bonds=33 packed nodes=11 bonds=10 aggregates=6 passed
coarse factor full-basis check: nodes=24 bonds=33 max scaled error=0
recursive GPU level=2 source nodes=24 bonds=33 packed nodes=3 bonds=4 aggregates=2 passed
coarse factor full-basis check: nodes=24 bonds=33 max scaled error=0
recursive GPU level=3 source nodes=24 bonds=33 packed nodes=2 bonds=3 aggregates=2 passed
coarse factor full-basis check: nodes=24 bonds=33 max scaled error=0
resident P/PT/coarse operator: nodes=24 bonds=33 max scaled error=3.68e-16 passed
coarse factor full-basis check: nodes=24 bonds=33 max scaled error=0
recursive GPU level=1 source nodes=24 bonds=33 packed nodes=11 bonds=10 aggregates=6 passed
coarse factor full-basis check: nodes=24 bonds=33 max scaled error=0
recursive GPU level=2 source nodes=24 bonds=33 packed nodes=3 bonds=4 aggregates=2 passed
coarse factor full-basis check: nodes=24 bonds=33 max scaled error=0
recursive GPU level=3 source nodes=24 bonds=33 packed nodes=2 bonds=3 aggregates=2 passed
coarse factor full-basis check: nodes=24 bonds=33 max scaled error=0
resident P/PT/coarse operator: nodes=24 bonds=33 max scaled error=1.59e-16 passed
coarse factor full-basis check: nodes=24 bonds=33 max scaled error=0
recursive GPU level=1 source nodes=24 bonds=33 packed nodes=0 bonds=0 aggregates=0 passed
coarse factor full-basis check: nodes=24 bonds=33 max scaled error=0
recursive GPU level=2 source nodes=24 bonds=33 packed nodes=0 bonds=0 aggregates=0 passed
coarse factor full-basis check: nodes=24 bonds=33 max scaled error=0
recursive GPU level=3 source nodes=24 bonds=33 packed nodes=0 bonds=0 aggregates=0 passed
coarse factor full-basis check: nodes=24 bonds=33 max scaled error=0
resident P/PT/coarse operator: nodes=24 bonds=33 max scaled error=1.99e-16 passed
coarse factor full-basis check: nodes=24 bonds=33 max scaled error=0
recursive GPU level=1 source nodes=24 bonds=33 packed nodes=8 bonds=14 aggregates=3 passed
coarse factor full-basis check: nodes=24 bonds=33 max scaled error=0
recursive GPU level=2 source nodes=24 bonds=33 packed nodes=3 bonds=5 aggregates=2 passed
coarse factor full-basis check: nodes=24 bonds=33 max scaled error=0
recursive GPU level=3 source nodes=24 bonds=33 packed nodes=2 bonds=4 aggregates=2 passed
coarse factor full-basis check: nodes=24 bonds=33 max scaled error=0
GPU hierarchy: nodes=24 bonds=33 final aggregates=8 rounds=3 transitions=6 passed
START GPU hierarchy: nodes=2 bonds=1
resident P/PT/coarse operator: nodes=2 bonds=1 max scaled error=4.44e-16 passed
coarse factor full-basis check: nodes=2 bonds=1 max scaled error=0
recursive GPU level=1 source nodes=2 bonds=1 packed nodes=1 bonds=1 aggregates=1 passed
coarse factor full-basis check: nodes=2 bonds=1 max scaled error=0
recursive GPU level=2 source nodes=2 bonds=1 packed nodes=1 bonds=1 aggregates=1 passed
coarse factor full-basis check: nodes=2 bonds=1 max scaled error=0
recursive GPU level=3 source nodes=2 bonds=1 packed nodes=1 bonds=1 aggregates=1 passed
coarse factor full-basis check: nodes=2 bonds=1 max scaled error=0
resident P/PT/coarse operator: nodes=2 bonds=1 max scaled error=4.44e-16 passed
coarse factor full-basis check: nodes=2 bonds=1 max scaled error=0
recursive GPU level=1 source nodes=2 bonds=1 packed nodes=1 bonds=1 aggregates=1 passed
coarse factor full-basis check: nodes=2 bonds=1 max scaled error=0
recursive GPU level=2 source nodes=2 bonds=1 packed nodes=1 bonds=1 aggregates=1 passed
coarse factor full-basis check: nodes=2 bonds=1 max scaled error=0
recursive GPU level=3 source nodes=2 bonds=1 packed nodes=1 bonds=1 aggregates=1 passed
coarse factor full-basis check: nodes=2 bonds=1 max scaled error=0
resident P/PT/coarse operator: nodes=2 bonds=1 max scaled error=1.59e-16 passed
coarse factor full-basis check: nodes=2 bonds=1 max scaled error=0
recursive GPU level=1 source nodes=2 bonds=1 packed nodes=0 bonds=0 aggregates=0 passed
coarse factor full-basis check: nodes=2 bonds=1 max scaled error=0
recursive GPU level=2 source nodes=2 bonds=1 packed nodes=0 bonds=0 aggregates=0 passed
coarse factor full-basis check: nodes=2 bonds=1 max scaled error=0
recursive GPU level=3 source nodes=2 bonds=1 packed nodes=0 bonds=0 aggregates=0 passed
coarse factor full-basis check: nodes=2 bonds=1 max scaled error=0
resident P/PT/coarse operator: nodes=2 bonds=1 max scaled error=1.59e-16 passed
coarse factor full-basis check: nodes=2 bonds=1 max scaled error=0
recursive GPU level=1 source nodes=2 bonds=1 packed nodes=0 bonds=0 aggregates=0 passed
coarse factor full-basis check: nodes=2 bonds=1 max scaled error=0
recursive GPU level=2 source nodes=2 bonds=1 packed nodes=0 bonds=0 aggregates=0 passed
coarse factor full-basis check: nodes=2 bonds=1 max scaled error=0
recursive GPU level=3 source nodes=2 bonds=1 packed nodes=0 bonds=0 aggregates=0 passed
coarse factor full-basis check: nodes=2 bonds=1 max scaled error=0
resident P/PT/coarse operator: nodes=2 bonds=1 max scaled error=1.59e-16 passed
coarse factor full-basis check: nodes=2 bonds=1 max scaled error=0
recursive GPU level=1 source nodes=2 bonds=1 packed nodes=0 bonds=0 aggregates=0 passed
coarse factor full-basis check: nodes=2 bonds=1 max scaled error=0
recursive GPU level=2 source nodes=2 bonds=1 packed nodes=0 bonds=0 aggregates=0 passed
coarse factor full-basis check: nodes=2 bonds=1 max scaled error=0
recursive GPU level=3 source nodes=2 bonds=1 packed nodes=0 bonds=0 aggregates=0 passed
coarse factor full-basis check: nodes=2 bonds=1 max scaled error=0
resident P/PT/coarse operator: nodes=2 bonds=1 max scaled error=4.44e-16 passed
coarse factor full-basis check: nodes=2 bonds=1 max scaled error=0
recursive GPU level=1 source nodes=2 bonds=1 packed nodes=1 bonds=1 aggregates=1 passed
coarse factor full-basis check: nodes=2 bonds=1 max scaled error=0
recursive GPU level=2 source nodes=2 bonds=1 packed nodes=1 bonds=1 aggregates=1 passed
coarse factor full-basis check: nodes=2 bonds=1 max scaled error=0
recursive GPU level=3 source nodes=2 bonds=1 packed nodes=1 bonds=1 aggregates=1 passed
coarse factor full-basis check: nodes=2 bonds=1 max scaled error=0
GPU hierarchy: nodes=2 bonds=1 final aggregates=1 rounds=1 transitions=6 passed
START GPU hierarchy: nodes=6 bonds=10
resident P/PT/coarse operator: nodes=6 bonds=10 max scaled error=2.6e-16 passed
coarse factor full-basis check: nodes=6 bonds=10 max scaled error=0
recursive GPU level=1 source nodes=6 bonds=10 packed nodes=0 bonds=0 aggregates=0 passed
coarse factor full-basis check: nodes=6 bonds=10 max scaled error=0
recursive GPU level=2 source nodes=6 bonds=10 packed nodes=0 bonds=0 aggregates=0 passed
coarse factor full-basis check: nodes=6 bonds=10 max scaled error=0
recursive GPU level=3 source nodes=6 bonds=10 packed nodes=0 bonds=0 aggregates=0 passed
coarse factor full-basis check: nodes=6 bonds=10 max scaled error=0
resident P/PT/coarse operator: nodes=6 bonds=10 max scaled error=2.6e-16 passed
coarse factor full-basis check: nodes=6 bonds=10 max scaled error=0
recursive GPU level=1 source nodes=6 bonds=10 packed nodes=0 bonds=0 aggregates=0 passed
coarse factor full-basis check: nodes=6 bonds=10 max scaled error=0
recursive GPU level=2 source nodes=6 bonds=10 packed nodes=0 bonds=0 aggregates=0 passed
coarse factor full-basis check: nodes=6 bonds=10 max scaled error=0
recursive GPU level=3 source nodes=6 bonds=10 packed nodes=0 bonds=0 aggregates=0 passed
coarse factor full-basis check: nodes=6 bonds=10 max scaled error=0
resident P/PT/coarse operator: nodes=6 bonds=10 max scaled error=3.9e-16 passed
coarse factor full-basis check: nodes=6 bonds=10 max scaled error=0
recursive GPU level=1 source nodes=6 bonds=10 packed nodes=0 bonds=0 aggregates=0 passed
coarse factor full-basis check: nodes=6 bonds=10 max scaled error=0
recursive GPU level=2 source nodes=6 bonds=10 packed nodes=0 bonds=0 aggregates=0 passed
coarse factor full-basis check: nodes=6 bonds=10 max scaled error=0
recursive GPU level=3 source nodes=6 bonds=10 packed nodes=0 bonds=0 aggregates=0 passed
coarse factor full-basis check: nodes=6 bonds=10 max scaled error=0
resident P/PT/coarse operator: nodes=6 bonds=10 max scaled error=3.9e-16 passed
coarse factor full-basis check: nodes=6 bonds=10 max scaled error=0
recursive GPU level=1 source nodes=6 bonds=10 packed nodes=0 bonds=0 aggregates=0 passed
coarse factor full-basis check: nodes=6 bonds=10 max scaled error=0
recursive GPU level=2 source nodes=6 bonds=10 packed nodes=0 bonds=0 aggregates=0 passed
coarse factor full-basis check: nodes=6 bonds=10 max scaled error=0
recursive GPU level=3 source nodes=6 bonds=10 packed nodes=0 bonds=0 aggregates=0 passed
coarse factor full-basis check: nodes=6 bonds=10 max scaled error=0
resident P/PT/coarse operator: nodes=6 bonds=10 max scaled error=1.59e-16 passed
coarse factor full-basis check: nodes=6 bonds=10 max scaled error=0
recursive GPU level=1 source nodes=6 bonds=10 packed nodes=0 bonds=0 aggregates=0 passed
coarse factor full-basis check: nodes=6 bonds=10 max scaled error=0
recursive GPU level=2 source nodes=6 bonds=10 packed nodes=0 bonds=0 aggregates=0 passed
coarse factor full-basis check: nodes=6 bonds=10 max scaled error=0
recursive GPU level=3 source nodes=6 bonds=10 packed nodes=0 bonds=0 aggregates=0 passed
coarse factor full-basis check: nodes=6 bonds=10 max scaled error=0
resident P/PT/coarse operator: nodes=6 bonds=10 max scaled error=2.6e-16 passed
coarse factor full-basis check: nodes=6 bonds=10 max scaled error=0
recursive GPU level=1 source nodes=6 bonds=10 packed nodes=0 bonds=0 aggregates=0 passed
coarse factor full-basis check: nodes=6 bonds=10 max scaled error=0
recursive GPU level=2 source nodes=6 bonds=10 packed nodes=0 bonds=0 aggregates=0 passed
coarse factor full-basis check: nodes=6 bonds=10 max scaled error=0
recursive GPU level=3 source nodes=6 bonds=10 packed nodes=0 bonds=0 aggregates=0 passed
coarse factor full-basis check: nodes=6 bonds=10 max scaled error=0
GPU hierarchy: nodes=6 bonds=10 final aggregates=1 rounds=1 transitions=6 passed
START GPU hierarchy: nodes=24 bonds=11
resident P/PT/coarse operator: nodes=24 bonds=11 max scaled error=3.33e-16 passed
coarse factor full-basis check: nodes=24 bonds=11 max scaled error=0
recursive GPU level=1 source nodes=24 bonds=11 packed nodes=5 bonds=4 aggregates=2 passed
coarse factor full-basis check: nodes=24 bonds=11 max scaled error=0
recursive GPU level=2 source nodes=24 bonds=11 packed nodes=2 bonds=1 aggregates=1 passed
coarse factor full-basis check: nodes=24 bonds=11 max scaled error=0
recursive GPU level=3 source nodes=24 bonds=11 packed nodes=0 bonds=0 aggregates=0 passed
coarse factor full-basis check: nodes=24 bonds=11 max scaled error=0
resident P/PT/coarse operator: nodes=24 bonds=11 max scaled error=3.33e-16 passed
coarse factor full-basis check: nodes=24 bonds=11 max scaled error=0
recursive GPU level=1 source nodes=24 bonds=11 packed nodes=5 bonds=4 aggregates=2 passed
coarse factor full-basis check: nodes=24 bonds=11 max scaled error=0
recursive GPU level=2 source nodes=24 bonds=11 packed nodes=2 bonds=1 aggregates=1 passed
coarse factor full-basis check: nodes=24 bonds=11 max scaled error=0
recursive GPU level=3 source nodes=24 bonds=11 packed nodes=0 bonds=0 aggregates=0 passed
coarse factor full-basis check: nodes=24 bonds=11 max scaled error=0
resident P/PT/coarse operator: nodes=24 bonds=11 max scaled error=1.9e-16 passed
coarse factor full-basis check: nodes=24 bonds=11 max scaled error=0
recursive GPU level=1 source nodes=24 bonds=11 packed nodes=6 bonds=3 aggregates=3 passed
coarse factor full-basis check: nodes=24 bonds=11 max scaled error=0
recursive GPU level=2 source nodes=24 bonds=11 packed nodes=0 bonds=0 aggregates=0 passed
coarse factor full-basis check: nodes=24 bonds=11 max scaled error=0
recursive GPU level=3 source nodes=24 bonds=11 packed nodes=0 bonds=0 aggregates=0 passed
coarse factor full-basis check: nodes=24 bonds=11 max scaled error=0
resident P/PT/coarse operator: nodes=24 bonds=11 max scaled error=1.9e-16 passed
coarse factor full-basis check: nodes=24 bonds=11 max scaled error=0
recursive GPU level=1 source nodes=24 bonds=11 packed nodes=6 bonds=3 aggregates=3 passed
coarse factor full-basis check: nodes=24 bonds=11 max scaled error=0
recursive GPU level=2 source nodes=24 bonds=11 packed nodes=0 bonds=0 aggregates=0 passed
coarse factor full-basis check: nodes=24 bonds=11 max scaled error=0
recursive GPU level=3 source nodes=24 bonds=11 packed nodes=0 bonds=0 aggregates=0 passed
coarse factor full-basis check: nodes=24 bonds=11 max scaled error=0
resident P/PT/coarse operator: nodes=24 bonds=11 max scaled error=0 passed
coarse factor full-basis check: nodes=24 bonds=11 max scaled error=0
recursive GPU level=1 source nodes=24 bonds=11 packed nodes=0 bonds=0 aggregates=0 passed
coarse factor full-basis check: nodes=24 bonds=11 max scaled error=0
recursive GPU level=2 source nodes=24 bonds=11 packed nodes=0 bonds=0 aggregates=0 passed
coarse factor full-basis check: nodes=24 bonds=11 max scaled error=0
recursive GPU level=3 source nodes=24 bonds=11 packed nodes=0 bonds=0 aggregates=0 passed
coarse factor full-basis check: nodes=24 bonds=11 max scaled error=0
resident P/PT/coarse operator: nodes=24 bonds=11 max scaled error=3.33e-16 passed
coarse factor full-basis check: nodes=24 bonds=11 max scaled error=0
recursive GPU level=1 source nodes=24 bonds=11 packed nodes=5 bonds=4 aggregates=2 passed
coarse factor full-basis check: nodes=24 bonds=11 max scaled error=0
recursive GPU level=2 source nodes=24 bonds=11 packed nodes=2 bonds=1 aggregates=1 passed
coarse factor full-basis check: nodes=24 bonds=11 max scaled error=0
recursive GPU level=3 source nodes=24 bonds=11 packed nodes=0 bonds=0 aggregates=0 passed
coarse factor full-basis check: nodes=24 bonds=11 max scaled error=0
GPU hierarchy: nodes=24 bonds=11 final aggregates=5 rounds=2 transitions=6 passed
START GPU hierarchy: nodes=257 bonds=256
resident P/PT/coarse operator: nodes=257 bonds=256 max scaled error=1.44e-15 passed
recursive GPU level=1 source nodes=257 bonds=256 packed nodes=0 bonds=0 aggregates=0 passed
recursive GPU level=2 source nodes=257 bonds=256 packed nodes=0 bonds=0 aggregates=0 passed
recursive GPU level=3 source nodes=257 bonds=256 packed nodes=0 bonds=0 aggregates=0 passed
resident P/PT/coarse operator: nodes=257 bonds=256 max scaled error=1.44e-15 passed
recursive GPU level=1 source nodes=257 bonds=256 packed nodes=0 bonds=0 aggregates=0 passed
recursive GPU level=2 source nodes=257 bonds=256 packed nodes=0 bonds=0 aggregates=0 passed
recursive GPU level=3 source nodes=257 bonds=256 packed nodes=0 bonds=0 aggregates=0 passed
GPU hierarchy: nodes=257 bonds=256 final aggregates=1 rounds=1 transitions=2 passed
START GPU hierarchy: nodes=4 bonds=3
resident P/PT/coarse operator: nodes=4 bonds=3 max scaled error=0 passed
coarse factor full-basis check: nodes=4 bonds=3 max scaled error=0
recursive GPU level=1 source nodes=4 bonds=3 packed nodes=0 bonds=0 aggregates=0 passed
coarse factor full-basis check: nodes=4 bonds=3 max scaled error=0
recursive GPU level=2 source nodes=4 bonds=3 packed nodes=0 bonds=0 aggregates=0 passed
coarse factor full-basis check: nodes=4 bonds=3 max scaled error=0
recursive GPU level=3 source nodes=4 bonds=3 packed nodes=0 bonds=0 aggregates=0 passed
coarse factor full-basis check: nodes=4 bonds=3 max scaled error=0
resident P/PT/coarse operator: nodes=4 bonds=3 max scaled error=0 passed
coarse factor full-basis check: nodes=4 bonds=3 max scaled error=0
recursive GPU level=1 source nodes=4 bonds=3 packed nodes=0 bonds=0 aggregates=0 passed
coarse factor full-basis check: nodes=4 bonds=3 max scaled error=0
recursive GPU level=2 source nodes=4 bonds=3 packed nodes=0 bonds=0 aggregates=0 passed
coarse factor full-basis check: nodes=4 bonds=3 max scaled error=0
recursive GPU level=3 source nodes=4 bonds=3 packed nodes=0 bonds=0 aggregates=0 passed
coarse factor full-basis check: nodes=4 bonds=3 max scaled error=0
resident P/PT/coarse operator: nodes=4 bonds=3 max scaled error=0 passed
coarse factor full-basis check: nodes=4 bonds=3 max scaled error=0
recursive GPU level=1 source nodes=4 bonds=3 packed nodes=0 bonds=0 aggregates=0 passed
coarse factor full-basis check: nodes=4 bonds=3 max scaled error=0
recursive GPU level=2 source nodes=4 bonds=3 packed nodes=0 bonds=0 aggregates=0 passed
coarse factor full-basis check: nodes=4 bonds=3 max scaled error=0
recursive GPU level=3 source nodes=4 bonds=3 packed nodes=0 bonds=0 aggregates=0 passed
coarse factor full-basis check: nodes=4 bonds=3 max scaled error=0
resident P/PT/coarse operator: nodes=4 bonds=3 max scaled error=0 passed
coarse factor full-basis check: nodes=4 bonds=3 max scaled error=0
recursive GPU level=1 source nodes=4 bonds=3 packed nodes=0 bonds=0 aggregates=0 passed
coarse factor full-basis check: nodes=4 bonds=3 max scaled error=0
recursive GPU level=2 source nodes=4 bonds=3 packed nodes=0 bonds=0 aggregates=0 passed
coarse factor full-basis check: nodes=4 bonds=3 max scaled error=0
recursive GPU level=3 source nodes=4 bonds=3 packed nodes=0 bonds=0 aggregates=0 passed
coarse factor full-basis check: nodes=4 bonds=3 max scaled error=0
resident P/PT/coarse operator: nodes=4 bonds=3 max scaled error=0 passed
coarse factor full-basis check: nodes=4 bonds=3 max scaled error=0
recursive GPU level=1 source nodes=4 bonds=3 packed nodes=0 bonds=0 aggregates=0 passed
coarse factor full-basis check: nodes=4 bonds=3 max scaled error=0
recursive GPU level=2 source nodes=4 bonds=3 packed nodes=0 bonds=0 aggregates=0 passed
coarse factor full-basis check: nodes=4 bonds=3 max scaled error=0
recursive GPU level=3 source nodes=4 bonds=3 packed nodes=0 bonds=0 aggregates=0 passed
coarse factor full-basis check: nodes=4 bonds=3 max scaled error=0
resident P/PT/coarse operator: nodes=4 bonds=3 max scaled error=0 passed
coarse factor full-basis check: nodes=4 bonds=3 max scaled error=0
recursive GPU level=1 source nodes=4 bonds=3 packed nodes=0 bonds=0 aggregates=0 passed
coarse factor full-basis check: nodes=4 bonds=3 max scaled error=0
recursive GPU level=2 source nodes=4 bonds=3 packed nodes=0 bonds=0 aggregates=0 passed
coarse factor full-basis check: nodes=4 bonds=3 max scaled error=0
recursive GPU level=3 source nodes=4 bonds=3 packed nodes=0 bonds=0 aggregates=0 passed
coarse factor full-basis check: nodes=4 bonds=3 max scaled error=0
GPU hierarchy: nodes=4 bonds=3 final aggregates=0 rounds=1 transitions=6 passed
START GPU hierarchy: nodes=129 bonds=121
resident P/PT/coarse operator: nodes=129 bonds=121 max scaled error=4.44e-16 passed
recursive GPU level=1 source nodes=129 bonds=121 packed nodes=56 bonds=48 aggregates=26 passed
recursive GPU level=2 source nodes=129 bonds=121 packed nodes=26 bonds=18 aggregates=11 passed
recursive GPU level=3 source nodes=129 bonds=121 packed nodes=6 bonds=3 aggregates=3 passed
resident P/PT/coarse operator: nodes=129 bonds=121 max scaled error=4.44e-16 passed
recursive GPU level=1 source nodes=129 bonds=121 packed nodes=56 bonds=48 aggregates=26 passed
recursive GPU level=2 source nodes=129 bonds=121 packed nodes=26 bonds=18 aggregates=11 passed
recursive GPU level=3 source nodes=129 bonds=121 packed nodes=6 bonds=3 aggregates=3 passed
resident P/PT/coarse operator: nodes=129 bonds=121 max scaled error=8.88e-16 passed
recursive GPU level=1 source nodes=129 bonds=121 packed nodes=48 bonds=24 aggregates=24 passed
recursive GPU level=2 source nodes=129 bonds=121 packed nodes=0 bonds=0 aggregates=0 passed
recursive GPU level=3 source nodes=129 bonds=121 packed nodes=0 bonds=0 aggregates=0 passed
resident P/PT/coarse operator: nodes=129 bonds=121 max scaled error=8.88e-16 passed
recursive GPU level=1 source nodes=129 bonds=121 packed nodes=48 bonds=24 aggregates=24 passed
recursive GPU level=2 source nodes=129 bonds=121 packed nodes=0 bonds=0 aggregates=0 passed
recursive GPU level=3 source nodes=129 bonds=121 packed nodes=0 bonds=0 aggregates=0 passed
resident P/PT/coarse operator: nodes=129 bonds=121 max scaled error=1.9e-16 passed
recursive GPU level=1 source nodes=129 bonds=121 packed nodes=0 bonds=0 aggregates=0 passed
recursive GPU level=2 source nodes=129 bonds=121 packed nodes=0 bonds=0 aggregates=0 passed
recursive GPU level=3 source nodes=129 bonds=121 packed nodes=0 bonds=0 aggregates=0 passed
resident P/PT/coarse operator: nodes=129 bonds=121 max scaled error=4.44e-16 passed
recursive GPU level=1 source nodes=129 bonds=121 packed nodes=56 bonds=48 aggregates=26 passed
recursive GPU level=2 source nodes=129 bonds=121 packed nodes=26 bonds=18 aggregates=11 passed
recursive GPU level=3 source nodes=129 bonds=121 packed nodes=6 bonds=3 aggregates=3 passed
GPU hierarchy: nodes=129 bonds=121 final aggregates=56 rounds=2 transitions=6 passed
START GPU hierarchy: nodes=100000 bonds=199997
resident P/PT/coarse operator: nodes=100000 bonds=199997 max scaled error=4e-15 passed
recursive GPU level=1 source nodes=100000 bonds=199997 packed nodes=27321 bonds=78816 aggregates=10833 passed
recursive GPU level=2 source nodes=100000 bonds=199997 packed nodes=10833 bonds=32053 aggregates=4517 passed
recursive GPU level=3 source nodes=100000 bonds=199997 packed nodes=4517 bonds=13496 aggregates=1927 passed
recursive GPU level=4 source nodes=100000 bonds=199997 packed nodes=1927 bonds=5772 aggregates=824 passed
recursive GPU level=5 source nodes=100000 bonds=199997 packed nodes=824 bonds=2468 aggregates=356 passed
recursive GPU level=6 source nodes=100000 bonds=199997 packed nodes=356 bonds=1064 aggregates=152 passed
recursive GPU level=7 source nodes=100000 bonds=199997 packed nodes=152 bonds=453 aggregates=66 passed
recursive GPU level=8 source nodes=100000 bonds=199997 packed nodes=66 bonds=195 aggregates=30 passed
resident P/PT/coarse operator: nodes=100000 bonds=199997 max scaled error=4e-15 passed
recursive GPU level=1 source nodes=100000 bonds=199997 packed nodes=27321 bonds=78816 aggregates=10833 passed
recursive GPU level=2 source nodes=100000 bonds=199997 packed nodes=10833 bonds=32053 aggregates=4517 passed
recursive GPU level=3 source nodes=100000 bonds=199997 packed nodes=4517 bonds=13496 aggregates=1927 passed
recursive GPU level=4 source nodes=100000 bonds=199997 packed nodes=1927 bonds=5772 aggregates=824 passed
recursive GPU level=5 source nodes=100000 bonds=199997 packed nodes=824 bonds=2468 aggregates=356 passed
recursive GPU level=6 source nodes=100000 bonds=199997 packed nodes=356 bonds=1064 aggregates=152 passed
recursive GPU level=7 source nodes=100000 bonds=199997 packed nodes=152 bonds=453 aggregates=66 passed
recursive GPU level=8 source nodes=100000 bonds=199997 packed nodes=66 bonds=195 aggregates=30 passed
resident P/PT/coarse operator: nodes=100000 bonds=199997 max scaled error=4e-15 passed
recursive GPU level=1 source nodes=100000 bonds=199997 packed nodes=33333 bonds=43373 aggregates=13677 passed
recursive GPU level=2 source nodes=100000 bonds=199997 packed nodes=13677 bonds=15118 aggregates=5861 passed
recursive GPU level=3 source nodes=100000 bonds=199997 packed nodes=5861 bonds=5941 aggregates=2522 passed
recursive GPU level=4 source nodes=100000 bonds=199997 packed nodes=2522 bonds=2521 aggregates=1083 passed
recursive GPU level=5 source nodes=100000 bonds=199997 packed nodes=1083 bonds=1082 aggregates=466 passed
recursive GPU level=6 source nodes=100000 bonds=199997 packed nodes=466 bonds=465 aggregates=202 passed
recursive GPU level=7 source nodes=100000 bonds=199997 packed nodes=202 bonds=201 aggregates=86 passed
recursive GPU level=8 source nodes=100000 bonds=199997 packed nodes=86 bonds=85 aggregates=38 passed
resident P/PT/coarse operator: nodes=100000 bonds=199997 max scaled error=4e-15 passed
recursive GPU level=1 source nodes=100000 bonds=199997 packed nodes=33333 bonds=43373 aggregates=13677 passed
recursive GPU level=2 source nodes=100000 bonds=199997 packed nodes=13677 bonds=15118 aggregates=5861 passed
recursive GPU level=3 source nodes=100000 bonds=199997 packed nodes=5861 bonds=5941 aggregates=2522 passed
recursive GPU level=4 source nodes=100000 bonds=199997 packed nodes=2522 bonds=2521 aggregates=1083 passed
recursive GPU level=5 source nodes=100000 bonds=199997 packed nodes=1083 bonds=1082 aggregates=466 passed
recursive GPU level=6 source nodes=100000 bonds=199997 packed nodes=466 bonds=465 aggregates=202 passed
recursive GPU level=7 source nodes=100000 bonds=199997 packed nodes=202 bonds=201 aggregates=86 passed
recursive GPU level=8 source nodes=100000 bonds=199997 packed nodes=86 bonds=85 aggregates=38 passed
resident P/PT/coarse operator: nodes=100000 bonds=199997 max scaled error=1.9e-16 passed
recursive GPU level=1 source nodes=100000 bonds=199997 packed nodes=0 bonds=0 aggregates=0 passed
recursive GPU level=2 source nodes=100000 bonds=199997 packed nodes=0 bonds=0 aggregates=0 passed
recursive GPU level=3 source nodes=100000 bonds=199997 packed nodes=0 bonds=0 aggregates=0 passed
recursive GPU level=4 source nodes=100000 bonds=199997 packed nodes=0 bonds=0 aggregates=0 passed
recursive GPU level=5 source nodes=100000 bonds=199997 packed nodes=0 bonds=0 aggregates=0 passed
recursive GPU level=6 source nodes=100000 bonds=199997 packed nodes=0 bonds=0 aggregates=0 passed
recursive GPU level=7 source nodes=100000 bonds=199997 packed nodes=0 bonds=0 aggregates=0 passed
recursive GPU level=8 source nodes=100000 bonds=199997 packed nodes=0 bonds=0 aggregates=0 passed
resident P/PT/coarse operator: nodes=100000 bonds=199997 max scaled error=4e-15 passed
recursive GPU level=1 source nodes=100000 bonds=199997 packed nodes=27321 bonds=78816 aggregates=10833 passed
recursive GPU level=2 source nodes=100000 bonds=199997 packed nodes=10833 bonds=32053 aggregates=4517 passed
recursive GPU level=3 source nodes=100000 bonds=199997 packed nodes=4517 bonds=13496 aggregates=1927 passed
recursive GPU level=4 source nodes=100000 bonds=199997 packed nodes=1927 bonds=5772 aggregates=824 passed
recursive GPU level=5 source nodes=100000 bonds=199997 packed nodes=824 bonds=2468 aggregates=356 passed
recursive GPU level=6 source nodes=100000 bonds=199997 packed nodes=356 bonds=1064 aggregates=152 passed
recursive GPU level=7 source nodes=100000 bonds=199997 packed nodes=152 bonds=453 aggregates=66 passed
recursive GPU level=8 source nodes=100000 bonds=199997 packed nodes=66 bonds=195 aggregates=30 passed
GPU hierarchy: nodes=100000 bonds=199997 final aggregates=27321 rounds=3 transitions=6 passed
<end of output>
Test time =   3.13 sec
----------------------------------------------------------
Test Passed.
"blast_stress_gpu_resident_hierarchy" end time: Sep 07 15:28 UTC
"blast_stress_gpu_resident_hierarchy" time elapsed: 00:00:03
----------------------------------------------------------

87/96 Testing: blast_stress_gpu_assembled_hierarchy
87/96 Test: blast_stress_gpu_assembled_hierarchy
Command: "/root/workspace/physx-2/out/destruction-sdk/reference/gpu_resident_hierarchy_test" "--assembled"
Directory: /root/workspace/physx-2/out/destruction-sdk/reference
"blast_stress_gpu_assembled_hierarchy" start time: Sep 07 15:28 UTC
Output:
----------------------------------------------------------
assembled resident hierarchy nodes=0 bonds=0 levels=7 transitions=2 passed
assembled resident hierarchy nodes=1 bonds=0 levels=7 transitions=2 passed
assembled resident hierarchy nodes=256 bonds=0 levels=7 transitions=2 passed
assembled resident hierarchy nodes=24 bonds=33 levels=7 transitions=6 passed
assembled resident hierarchy nodes=2 bonds=1 levels=7 transitions=6 passed
assembled resident hierarchy nodes=6 bonds=10 levels=7 transitions=6 passed
assembled resident hierarchy nodes=24 bonds=11 levels=7 transitions=6 passed
assembled resident hierarchy nodes=257 bonds=256 levels=7 transitions=2 passed
assembled resident hierarchy nodes=4 bonds=3 levels=7 transitions=6 passed
assembled resident hierarchy nodes=129 bonds=121 levels=7 transitions=6 passed
resident packed level=0 nodes=100000 bonds=199997
resident packed level=1 nodes=27321 bonds=78816
resident packed level=2 nodes=10833 bonds=32053
resident packed level=3 nodes=4517 bonds=13496
resident packed level=4 nodes=1927 bonds=5772
resident packed level=5 nodes=824 bonds=2468
resident packed level=6 nodes=356 bonds=1064
resident packed level=7 nodes=152 bonds=453
resident packed level=8 nodes=66 bonds=195
resident packed level=9 nodes=30 bonds=87
resident packed level=10 nodes=13 bonds=36
resident packed level=11 nodes=5 bonds=12
resident packed level=12 nodes=0 bonds=0
resident packed level=13 nodes=0 bonds=0
resident packed level=14 nodes=0 bonds=0
resident packed level=15 nodes=0 bonds=0
resident packed level=0 nodes=100000 bonds=199997
resident packed level=1 nodes=27321 bonds=78816
resident packed level=2 nodes=10833 bonds=32053
resident packed level=3 nodes=4517 bonds=13496
resident packed level=4 nodes=1927 bonds=5772
resident packed level=5 nodes=824 bonds=2468
resident packed level=6 nodes=356 bonds=1064
resident packed level=7 nodes=152 bonds=453
resident packed level=8 nodes=66 bonds=195
resident packed level=9 nodes=30 bonds=87
resident packed level=10 nodes=13 bonds=36
resident packed level=11 nodes=5 bonds=12
resident packed level=12 nodes=0 bonds=0
resident packed level=13 nodes=0 bonds=0
resident packed level=14 nodes=0 bonds=0
resident packed level=15 nodes=0 bonds=0
resident packed level=0 nodes=100000 bonds=199997
resident packed level=1 nodes=33333 bonds=43373
resident packed level=2 nodes=13677 bonds=15118
resident packed level=3 nodes=5861 bonds=5941
resident packed level=4 nodes=2522 bonds=2521
resident packed level=5 nodes=1083 bonds=1082
resident packed level=6 nodes=466 bonds=465
resident packed level=7 nodes=202 bonds=201
resident packed level=8 nodes=86 bonds=85
resident packed level=9 nodes=38 bonds=37
resident packed level=10 nodes=16 bonds=15
resident packed level=11 nodes=7 bonds=6
resident packed level=12 nodes=3 bonds=2
resident packed level=13 nodes=0 bonds=0
resident packed level=14 nodes=0 bonds=0
resident packed level=15 nodes=0 bonds=0
resident packed level=0 nodes=100000 bonds=199997
resident packed level=1 nodes=33333 bonds=43373
resident packed level=2 nodes=13677 bonds=15118
resident packed level=3 nodes=5861 bonds=5941
resident packed level=4 nodes=2522 bonds=2521
resident packed level=5 nodes=1083 bonds=1082
resident packed level=6 nodes=466 bonds=465
resident packed level=7 nodes=202 bonds=201
resident packed level=8 nodes=86 bonds=85
resident packed level=9 nodes=38 bonds=37
resident packed level=10 nodes=16 bonds=15
resident packed level=11 nodes=7 bonds=6
resident packed level=12 nodes=3 bonds=2
resident packed level=13 nodes=0 bonds=0
resident packed level=14 nodes=0 bonds=0
resident packed level=15 nodes=0 bonds=0
resident packed level=0 nodes=100000 bonds=199997
resident packed level=1 nodes=0 bonds=0
resident packed level=2 nodes=0 bonds=0
resident packed level=3 nodes=0 bonds=0
resident packed level=4 nodes=0 bonds=0
resident packed level=5 nodes=0 bonds=0
resident packed level=6 nodes=0 bonds=0
resident packed level=7 nodes=0 bonds=0
resident packed level=8 nodes=0 bonds=0
resident packed level=9 nodes=0 bonds=0
resident packed level=10 nodes=0 bonds=0
resident packed level=11 nodes=0 bonds=0
resident packed level=12 nodes=0 bonds=0
resident packed level=13 nodes=0 bonds=0
resident packed level=14 nodes=0 bonds=0
resident packed level=15 nodes=0 bonds=0
resident packed level=0 nodes=100000 bonds=199997
resident packed level=1 nodes=27321 bonds=78816
resident packed level=2 nodes=10833 bonds=32053
resident packed level=3 nodes=4517 bonds=13496
resident packed level=4 nodes=1927 bonds=5772
resident packed level=5 nodes=824 bonds=2468
resident packed level=6 nodes=356 bonds=1064
resident packed level=7 nodes=152 bonds=453
resident packed level=8 nodes=66 bonds=195
resident packed level=9 nodes=30 bonds=87
resident packed level=10 nodes=13 bonds=36
resident packed level=11 nodes=5 bonds=12
resident packed level=12 nodes=0 bonds=0
resident packed level=13 nodes=0 bonds=0
resident packed level=14 nodes=0 bonds=0
resident packed level=15 nodes=0 bonds=0
assembled resident hierarchy nodes=100000 bonds=199997 levels=16 transitions=6 passed
<end of output>
Test time =   0.60 sec
----------------------------------------------------------
Test Passed.
"blast_stress_gpu_assembled_hierarchy" end time: Sep 07 15:28 UTC
"blast_stress_gpu_assembled_hierarchy" time elapsed: 00:00:00
----------------------------------------------------------

End testing: Sep 07 15:28 UTC

gpu =   3.73 sec*proc

